Component: ARM Compiler 5.06 update 6 (build 750) Tool: armlink [4d35ed]

==============================================================================

Section Cross References

    startup_stm32f10x_md.o(STACK) refers (Special) to heapauxi.o(.text) for __use_two_region_memory
    startup_stm32f10x_md.o(HEAP) refers (Special) to heapauxi.o(.text) for __use_two_region_memory
    startup_stm32f10x_md.o(RESET) refers (Special) to heapauxi.o(.text) for __use_two_region_memory
    startup_stm32f10x_md.o(RESET) refers to startup_stm32f10x_md.o(STACK) for __initial_sp
    startup_stm32f10x_md.o(RESET) refers to startup_stm32f10x_md.o(.text) for Reset_Handler
    startup_stm32f10x_md.o(RESET) refers to port.o(.emb_text) for SVC_Handler
    startup_stm32f10x_md.o(RESET) refers to port.o(i.SysTick_Handler) for SysTick_Handler
    startup_stm32f10x_md.o(RESET) refers to main.o(i.EXTI9_5_IRQHandler) for EXTI9_5_IRQHandler
    startup_stm32f10x_md.o(RESET) refers to main.o(i.TIM1_UP_IRQHandler) for TIM1_UP_IRQHandler
    startup_stm32f10x_md.o(RESET) refers to main.o(i.TIM2_IRQHandler) for TIM2_IRQHandler
    startup_stm32f10x_md.o(RESET) refers to main.o(i.TIM3_IRQHandler) for TIM3_IRQHandler
    startup_stm32f10x_md.o(RESET) refers to main.o(i.TIM4_IRQHandler) for TIM4_IRQHandler
    startup_stm32f10x_md.o(RESET) refers to main.o(i.USART3_IRQHandler) for USART3_IRQHandler
    startup_stm32f10x_md.o(RESET) refers to main.o(i.EXTI15_10_IRQHandler) for EXTI15_10_IRQHandler
    startup_stm32f10x_md.o(.text) refers (Special) to heapauxi.o(.text) for __use_two_region_memory
    startup_stm32f10x_md.o(.text) refers to system_stm32f10x.o(i.SystemInit) for SystemInit
    startup_stm32f10x_md.o(.text) refers to __main.o(!!!main) for __main
    startup_stm32f10x_md.o(.text) refers to startup_stm32f10x_md.o(HEAP) for Heap_Mem
    startup_stm32f10x_md.o(.text) refers to startup_stm32f10x_md.o(STACK) for Stack_Mem
    system_stm32f10x.o(i.SetSysClock) refers to system_stm32f10x.o(i.SetSysClockTo72) for SetSysClockTo72
    system_stm32f10x.o(i.SystemCoreClockUpdate) refers to system_stm32f10x.o(.data) for SystemCoreClock
    system_stm32f10x.o(i.SystemInit) refers to system_stm32f10x.o(i.SetSysClock) for SetSysClock
    main.o(i.DelayMicro) refers to main.o(i.delay) for delay
    main.o(i.DisplayHead) refers to disp1color.o(i.disp1color_printf) for disp1color_printf
    main.o(i.DisplayHead) refers to f2d.o(x$fpl$f2d) for __aeabi_f2d
    main.o(i.DisplayHead) refers to disp1color.o(i.disp1color_DrawRectangle) for disp1color_DrawRectangle
    main.o(i.DisplayHead) refers to disp1color.o(i.disp1color_DrawLine) for disp1color_DrawLine
    main.o(i.DisplayHead) refers to state.o(.bss) for State
    main.o(i.DisplayResistorInfoPage) refers to main.o(i.DisplayHead) for DisplayHead
    main.o(i.DisplayResistorInfoPage) refers to f2d.o(x$fpl$f2d) for __aeabi_f2d
    main.o(i.DisplayResistorInfoPage) refers to disp1color.o(i.disp1color_printf) for disp1color_printf
    main.o(i.DisplayResistorInfoPage) refers to disp1color.o(i.disp1color_DrawRectangle) for disp1color_DrawRectangle
    main.o(i.DisplayResistorInfoPage) refers to state.o(.bss) for State
    main.o(i.EXTI15_10_IRQHandler) refers to state.o(.bss) for State
    main.o(i.EXTI9_5_IRQHandler) refers to state.o(.bss) for State
    main.o(i.GPIO_Init) refers to main.o(i.NVIC_EnableIRQ) for NVIC_EnableIRQ
    main.o(i.HandButtonsClicks) refers to state.o(.bss) for State
    main.o(i.HandleMODBUSRequest) refers to main.o(i.MakeCRC16) for MakeCRC16
    main.o(i.HandleMODBUSRequest) refers to main.o(i.SendMODBUSMessage) for SendMODBUSMessage
    main.o(i.HandleMODBUSRequest) refers to state.o(.bss) for State
    main.o(i.SPI1_Write) refers to main.o(i.DelayMicro) for DelayMicro
    main.o(i.SPI2_Write) refers to main.o(i.DelayMicro) for DelayMicro
    main.o(i.SendMODBUSMessage) refers to _printf_percent.o(.ARM.Collect$$_printf_percent$$00000000) for _printf_percent
    main.o(i.SendMODBUSMessage) refers to _printf_f.o(.ARM.Collect$$_printf_percent$$00000003) for _printf_f
    main.o(i.SendMODBUSMessage) refers to printf1.o(x$fpl$printf1) for _printf_fp_dec
    main.o(i.SendMODBUSMessage) refers to _printf_s.o(.ARM.Collect$$_printf_percent$$00000014) for _printf_s
    main.o(i.SendMODBUSMessage) refers to _printf_str.o(.text) for _printf_str
    main.o(i.SendMODBUSMessage) refers to f2d.o(x$fpl$f2d) for __aeabi_f2d
    main.o(i.SendMODBUSMessage) refers to __2sprintf.o(.text) for __2sprintf
    main.o(i.SendMODBUSMessage) refers to main.o(.bss) for SendBuffer
    main.o(i.SendMODBUSMessage) refers to main.o(.data) for SendBufferSize
    main.o(i.TIM1_Init) refers to main.o(i.NVIC_EnableIRQ) for NVIC_EnableIRQ
    main.o(i.TIM2_IRQHandler) refers to state.o(.bss) for State
    main.o(i.TIM2_Init) refers to main.o(i.NVIC_EnableIRQ) for NVIC_EnableIRQ
    main.o(i.TIM3_IRQHandler) refers to state.o(.bss) for State
[...]
    .ARM.Collect$$libinit$$0000000F          0x080001f2   Section        6  libinit2.o(.ARM.Collect$$libinit$$0000000F)
    .ARM.Collect$$libinit$$00000011          0x080001f8   Section        0  libinit2.o(.ARM.Collect$$libinit$$00000011)
    .ARM.Collect$$libinit$$00000012          0x080001f8   Section       12  libinit2.o(.ARM.Collect$$libinit$$00000012)
    .ARM.Collect$$libinit$$00000013          0x08000204   Section        0  libinit2.o(.ARM.Collect$$libinit$$00000013)
    .ARM.Collect$$libinit$$00000015          0x08000204   Section        0  libinit2.o(.ARM.Collect$$libinit$$00000015)
    .ARM.Collect$$libinit$$00000016          0x08000204   Section       10  libinit2.o(.ARM.Collect$$libinit$$00000016)
    .ARM.Collect$$libinit$$00000017          0x0800020e   Section        0  libinit2.o(.ARM.Collect$$libinit$$00000017)
    .ARM.Collect$$libinit$$00000019          0x0800020e   Section        0  libinit2.o(.ARM.Collect$$libinit$$00000019)
    .ARM.Collect$$libinit$$0000001B          0x0800020e   Section        0  libinit2.o(.ARM.Collect$$libinit$$0000001B)
    .ARM.Collect$$libinit$$0000001D          0x0800020e   Section        0  libinit2.o(.ARM.Collect$$libinit$$0000001D)
    .ARM.Collect$$libinit$$0000001F          0x0800020e   Section        0  libinit2.o(.ARM.Collect$$libinit$$0000001F)
    .ARM.Collect$$libinit$$00000021          0x0800020e   Section        0  libinit2.o(.ARM.Collect$$libinit$$00000021)
    .ARM.Collect$$libinit$$00000023          0x0800020e   Section        0  libinit2.o(.ARM.Collect$$libinit$$00000023)
    .ARM.Collect$$libinit$$00000025          0x0800020e   Section        0  libinit2.o(.ARM.Collect$$libinit$$00000025)
    .ARM.Collect$$libinit$$0000002C          0x0800020e   Section        0  libinit2.o(.ARM.Collect$$libinit$$0000002C)
    .ARM.Collect$$libinit$$0000002E          0x0800020e   Section        0  libinit2.o(.ARM.Collect$$libinit$$0000002E)
    .ARM.Collect$$libinit$$00000030          0x0800020e   Section        0  libinit2.o(.ARM.Collect$$libinit$$00000030)
    .ARM.Collect$$libinit$$00000032          0x0800020e   Section        0  libinit2.o(.ARM.Collect$$libinit$$00000032)
    .ARM.Collect$$libinit$$00000033          0x0800020e   Section        2  libinit2.o(.ARM.Collect$$libinit$$00000033)
    .ARM.Collect$$libshutdown$$00000000      0x08000210   Section        2  libshutdown.o(.ARM.Collect$$libshutdown$$00000000)
    .ARM.Collect$$libshutdown$$00000002      0x08000212   Section        0  libshutdown2.o(.ARM.Collect$$libshutdown$$00000002)
    .ARM.Collect$$libshutdown$$00000004      0x08000212   Section        0  libshutdown2.o(.ARM.Collect$$libshutdown$$00000004)
    .ARM.Collect$$libshutdown$$00000007      0x08000212   Section        0  libshutdown2.o(.ARM.Collect$$libshutdown$$00000007)
    .ARM.Collect$$libshutdown$$0000000A      0x08000212   Section        0  libshutdown2.o(.ARM.Collect$$libshutdown$$0000000A)
    .ARM.Collect$$libshutdown$$0000000C      0x08000212   Section        0  libshutdown2.o(.ARM.Collect$$libshutdown$$0000000C)
    .ARM.Collect$$libshutdown$$0000000F      0x08000212   Section        0  libshutdown2.o(.ARM.Collect$$libshutdown$$0000000F)
    .ARM.Collect$$libshutdown$$00000010      0x08000212   Section        2  libshutdown2.o(.ARM.Collect$$libshutdown$$00000010)
    .ARM.Collect$$rtentry$$00000000          0x08000214   Section        0  __rtentry.o(.ARM.Collect$$rtentry$$00000000)
    .ARM.Collect$$rtentry$$00000002          0x08000214   Section        0  __rtentry2.o(.ARM.Collect$$rtentry$$00000002)
    .ARM.Collect$$rtentry$$00000004          0x08000214   Section        6  __rtentry4.o(.ARM.Collect$$rtentry$$00000004)
    .ARM.Collect$$rtentry$$00000009          0x0800021a   Section        0  __rtentry2.o(.ARM.Collect$$rtentry$$00000009)
    .ARM.Collect$$rtentry$$0000000A          0x0800021a   Section        4  __rtentry2.o(.ARM.Collect$$rtentry$$0000000A)
    .ARM.Collect$$rtentry$$0000000C          0x0800021e   Section        0  __rtentry2.o(.ARM.Collect$$rtentry$$0000000C)
    .ARM.Collect$$rtentry$$0000000D          0x0800021e   Section        8  __rtentry2.o(.ARM.Collect$$rtentry$$0000000D)
    .ARM.Collect$$rtexit$$00000000           0x08000226   Section        2  rtexit.o(.ARM.Collect$$rtexit$$00000000)
    .ARM.Collect$$rtexit$$00000002           0x08000228   Section        0  rtexit2.o(.ARM.Collect$$rtexit$$00000002)
    .ARM.Collect$$rtexit$$00000003           0x08000228   Section        4  rtexit2.o(.ARM.Collect$$rtexit$$00000003)
    .ARM.Collect$$rtexit$$00000004           0x0800022c   Section        6  rtexit2.o(.ARM.Collect$$rtexit$$00000004)
    .emb_text                                0x08000234   Section      150  port.o(.emb_text)
    .text                                    0x080002cc   Section       64  startup_stm32f10x_md.o(.text)
    .text                                    0x0800030c   Section        0  vsnprintf.o(.text)
    .text                                    0x08000340   Section        0  _printf_str.o(.text)
    .text                                    0x08000394   Section        0  __printf_flags_ss_wp.o(.text)
    .text                                    0x0800051c   Section       16  aeabi_memset.o(.text)
    .text                                    0x0800052c   Section       78  rt_memclr_w.o(.text)
    .text                                    0x0800057a   Section        0  heapauxi.o(.text)
    .text                                    0x08000580   Section        0  _printf_pad.o(.text)
    .text                                    0x080005ce   Section        0  _printf_truncate.o(.text)
    .text                                    0x080005f4   Section        0  _printf_dec.o(.text)
    .text                                    0x0800066c   Section        0  _printf_charcount.o(.text)
    .text                                    0x08000694   Section        0  _printf_fp_dec.o(.text)
    _fp_digits                               0x08000697   Thumb Code   432  _printf_fp_dec.o(.text)
    .text                                    0x08000ab4   Section        0  _printf_char_common.o(.text)
    _printf_input_char                       0x08000ab5   Thumb Code    10  _printf_char_common.o(.text)
    .text                                    0x08000ae4   Section        0  _sputc.o(.text)
    .text                                    0x08000aee   Section        0  _snputc.o(.text)
    .text                                    0x08000afe   Section        0  _printf_char.o(.text)
    .text                                    0x08000b2c   Section        0  _printf_wctomb.o(.text)
    .text                                    0x08000be8   Section        0  _printf_longlong_dec.o(.text)
    .text                                    0x08000c64   Section        0  _printf_oct_int_ll.o(.text)
    _printf_longlong_oct_internal            0x08000c65   Thumb Code     0  _printf_oct_int_ll.o(.text)
    .text                                    0x08000cd4   Section        0  _printf_hex_int_ll_ptr.o(.text)
    _printf_hex_common                       0x08000cd5   Thumb Code     0  _printf_hex_int_ll_ptr.o(.text)
    .text                                    0x08000d68   Section       68  rt_memclr.o(.text)
    .text                                    0x08000dac   Section        8  rt_locale_intlibspace.o(.text)
    .text                                    0x08000db4   Section      138  lludiv10.o(.text)
    .text                                    0x08000e3e   Section        0  _printf_intcommon.o(.text)
    .text                                    0x08000ef0   Section        0  _printf_fp_hex.o(.text)
    .text                                    0x080011ec   Section        0  _printf_fp_infnan.o(.text)
    .text                                    0x0800126c   Section        0  _printf_wchar.o(.text)
    .text                                    0x08001298   Section        0  bigflt0.o(.text)
    .text                                    0x0800137c   Section        0  _wcrtomb.o(.text)
    .text                                    0x080013bc   Section        8  libspace.o(.text)
    .text                                    0x080013c4   Section       74  sys_stackheap_outer.o(.text)
    .text                                    0x08001410   Section       16  rt_ctype_table.o(.text)
    .text                                    0x08001420   Section        0  exit.o(.text)
    .text                                    0x08001434   Section      128  strcmpv7m.o(.text)
    .text                                    0x080014b4   Section        0  sys_exit.o(.text)
    .text                                    0x080014c0   Section        2  use_no_semi.o(.text)
    .text                                    0x080014c2   Section        0  indicate_semi.o(.text)
    CL$$btod_d2e                             0x080014c2   Section       62  btod.o(CL$$btod_d2e)
    CL$$btod_d2e_denorm_low                  0x08001500   Section       70  btod.o(CL$$btod_d2e_denorm_low)
    CL$$btod_d2e_norm_op1                    0x08001546   Section       96  btod.o(CL$$btod_d2e_norm_op1)
    CL$$btod_div_common                      0x080015a6   Section      824  btod.o(CL$$btod_div_common)
    CL$$btod_e2e                             0x080018de   Section      220  btod.o(CL$$btod_e2e)
    CL$$btod_ediv                            0x080019ba   Section       42  btod.o(CL$$btod_ediv)
    CL$$btod_emul                            0x080019e4   Section       42  btod.o(CL$$btod_emul)
    CL$$btod_mult_common                     0x08001a0e   Section      580  btod.o(CL$$btod_mult_common)
    i.DelayMicro                             0x08001c52   Section        0  main.o(i.DelayMicro)
    i.DisplayHead                            0x08001c68   Section        0  main.o(i.DisplayHead)
    i.DisplayResistorInfoPage                0x08001da4   Section        0  main.o(i.DisplayResistorInfoPage)
    i.EXTI15_10_IRQHandler                   0x08001ed8   Section        0  main.o(i.EXTI15_10_IRQHandler)
    i.EXTI9_5_IRQHandler                     0x08001f54   Section        0  main.o(i.EXTI9_5_IRQHandler)
    i.GPIO_Init                              0x08002034   Section        0  main.o(i.GPIO_Init)
    i.HandButtonsClicks                      0x08002368   Section        0  main.o(i.HandButtonsClicks)
    i.IWDG_Init                              0x080027bc   Section        0  main.o(i.IWDG_Init)
    i.NVIC_EnableIRQ                         0x080027f0   Section        0  main.o(i.NVIC_EnableIRQ)
    NVIC_EnableIRQ                           0x080027f1   Thumb Code    22  main.o(i.NVIC_EnableIRQ)
    i.RCC_Init                               0x08002808   Section        0  main.o(i.RCC_Init)
    i.ResetState                             0x080028c0   Section        0  state.o(i.ResetState)
    i.SPI1_Init                              0x08002ae0   Section        0  main.o(i.SPI1_Init)
    i.SPI1_Write                             0x08002bdc   Section        0  main.o(i.SPI1_Write)
    i.SPI2_Init                              0x08002c10   Section        0  main.o(i.SPI2_Init)
    i.SSD1306_AllPixRAM                      0x08002d18   Section        0  ssd1306.o(i.SSD1306_AllPixRAM)
    i.SSD1306_ChargePumpSetting              0x08002d26   Section        0  ssd1306.o(i.SSD1306_ChargePumpSetting)
    i.SSD1306_DeactivateScroll               0x08002d42   Section        0  ssd1306.o(i.SSD1306_DeactivateScroll)
    i.SSD1306_DisplayFullUpdate              0x08002d50   Section        0  ssd1306.o(i.SSD1306_DisplayFullUpdate)
    i.SSD1306_GPIO_init                      0x08002d70   Section        0  main.o(i.SSD1306_GPIO_init)
    i.SSD1306_Init                           0x08002e00   Section        0  ssd1306.o(i.SSD1306_Init)
    i.SSD1306_SetCOMPinsConfig               0x08002eb4   Section        0  ssd1306.o(i.SSD1306_SetCOMPinsConfig)
    i.SSD1306_SetCOMoutScanDirection         0x08002ee2   Section        0  ssd1306.o(i.SSD1306_SetCOMoutScanDirection)
    i.SSD1306_SetColumns                     0x08002efe   Section        0  ssd1306.o(i.SSD1306_SetColumns)
    i.SSD1306_SetContrast                    0x08002f20   Section        0  ssd1306.o(i.SSD1306_SetContrast)
    i.SSD1306_SetDisplayClockDivider         0x08002f2e   Section        0  ssd1306.o(i.SSD1306_SetDisplayClockDivider)
    i.SSD1306_SetDisplayOffset               0x08002f60   Section        0  ssd1306.o(i.SSD1306_SetDisplayOffset)
    i.SSD1306_SetDisplayStartLine            0x08002f6e   Section        0  ssd1306.o(i.SSD1306_SetDisplayStartLine)
    i.SSD1306_SetInverseOff                  0x08002f84   Section        0  ssd1306.o(i.SSD1306_SetInverseOff)
    i.SSD1306_SetMemAdressingMode            0x08002f92   Section        0  ssd1306.o(i.SSD1306_SetMemAdressingMode)
    i.SSD1306_SetMultiplexRatio              0x08002fac   Section        0  ssd1306.o(i.SSD1306_SetMultiplexRatio)
    i.SSD1306_SetPages                       0x08002fce   Section        0  ssd1306.o(i.SSD1306_SetPages)
    i.SSD1306_SetPrechargePeriod             0x08002ff0   Section        0  ssd1306.o(i.SSD1306_SetPrechargePeriod)
    i.SSD1306_SetSegmentRemap                0x0800302e   Section        0  ssd1306.o(i.SSD1306_SetSegmentRemap)
    i.SSD1306_SetVCOMHDeselectLevel          0x0800304a   Section        0  ssd1306.o(i.SSD1306_SetVCOMHDeselectLevel)
    i.SSD1306_Sleep                          0x08003062   Section        0  ssd1306.o(i.SSD1306_Sleep)
    i.SSD1306_Wake                           0x08003070   Section        0  ssd1306.o(i.SSD1306_Wake)
    i.SetSysClock                            0x0800307e   Section        0  system_stm32f10x.o(i.SetSysClock)
    SetSysClock                              0x0800307f   Thumb Code     8  system_stm32f10x.o(i.SetSysClock)
    i.SetSysClockTo72                        0x08003088   Section        0  system_stm32f10x.o(i.SetSysClockTo72)
    SetSysClockTo72                          0x08003089   Thumb Code   214  system_stm32f10x.o(i.SetSysClockTo72)
    i.SysTick_Handler                        0x08003168   Section        0  port.o(i.SysTick_Handler)
    i.SystemInit                             0x0800319c   Section        0  system_stm32f10x.o(i.SystemInit)
    i.TIM1_UP_IRQHandler                     0x080031fc   Section        0  main.o(i.TIM1_UP_IRQHandler)
    i.TIM2_IRQHandler                        0x08003210   Section        0  main.o(i.TIM2_IRQHandler)
    i.TIM2_Init                              0x08003488   Section        0  main.o(i.TIM2_Init)
    i.TIM3_IRQHandler                        0x080034c4   Section        0  main.o(i.TIM3_IRQHandler)
    i.TIM3_Init                              0x08003504   Section        0  main.o(i.TIM3_Init)
    i.TIM4_IRQHandler                        0x08003554   Section        0  main.o(i.TIM4_IRQHandler)
    i.TIM4_Init                              0x0800380c   Section        0  main.o(i.TIM4_Init)
    i.USART3_IRQHandler                      0x08003858   Section        0  main.o(i.USART3_IRQHandler)
    i.USART3_Init                            0x08003874   Section        0  main.o(i.USART3_Init)
    i.UpdateScreen                           0x08003908   Section        0  main.o(i.UpdateScreen)
    i.WriteCmd1306                           0x08003d7c   Section        0  ssd1306.o(i.WriteCmd1306)
    i.WriteData1306                          0x08003dbc   Section        0  ssd1306.o(i.WriteData1306)
    i.__ARM_fpclassify                       0x08003dfc   Section        0  fpclassify.o(i.__ARM_fpclassify)
    i._is_digit                              0x08003e24   Section        0  __printf_wp.o(i._is_digit)
    i.delay                                  0x08003e32   Section        0  main.o(i.delay)
    i.delay_ms                               0x08003e3e   Section        0  main.o(i.delay_ms)
    i.disp1color_DrawChar                    0x08003e50   Section        0  disp1color.o(i.disp1color_DrawChar)
    i.disp1color_DrawLine                    0x08003f28   Section        0  disp1color.o(i.disp1color_DrawLine)
    i.disp1color_DrawPixel                   0x08003fcc   Section        0  disp1color.o(i.disp1color_DrawPixel)
    i.disp1color_DrawRectangle               0x08004018   Section        0  disp1color.o(i.disp1color_DrawRectangle)
    i.disp1color_DrawString                  0x08004054   Section        0  disp1color.o(i.disp1color_DrawString)
    i.disp1color_FillScreenbuff              0x080040c0   Section        0  disp1color.o(i.disp1color_FillScreenbuff)
    i.disp1color_UpdateFromBuff              0x080040d8   Section        0  disp1color.o(i.disp1color_UpdateFromBuff)
    i.disp1color_printf                      0x080040ec   Section        0  disp1color.o(i.disp1color_printf)
    i.f10x16f_GetCharTable                   0x08004124   Section        0  f10x16f.o(i.f10x16f_GetCharTable)
    i.f6x8m_GetCharTable                     0x08004150   Section        0  f6x8m.o(i.f6x8m_GetCharTable)
    i.font_GetCharHeight                     0x0800417c   Section        0  font.o(i.font_GetCharHeight)
    i.font_GetCharWidth                      0x08004184   Section        0  font.o(i.font_GetCharWidth)
    i.font_GetFontStruct                     0x0800418c   Section        0  font.o(i.font_GetFontStruct)
    i.main                                   0x080041a4   Section        0  main.o(i.main)
    i.prvResetNextTaskUnblockTime            0x080041ec   Section        0  tasks.o(i.prvResetNextTaskUnblockTime)
    prvResetNextTaskUnblockTime              0x080041ed   Thumb Code    42  tasks.o(i.prvResetNextTaskUnblockTime)
    i.uxListRemove                           0x08004220   Section        0  list.o(i.uxListRemove)
    i.vListInsertEnd                         0x08004248   Section        0  list.o(i.vListInsertEnd)
    i.vTaskSwitchContext                     0x08004260   Section        0  tasks.o(i.vTaskSwitchContext)
    i.xTaskIncrementTick                     0x080042d8   Section        0  tasks.o(i.xTaskIncrementTick)
    locale$$code                             0x080043f0   Section       44  lc_numeric_c.o(locale$$code)
    locale$$code                             0x0800441c   Section       44  lc_ctype_c.o(locale$$code)
    x$fpl$dretinf                            0x08004448   Section       12  dretinf.o(x$fpl$dretinf)
    x$fpl$f2d                                0x08004454   Section       86  f2d.o(x$fpl$f2d)
    x$fpl$fnaninf                            0x080044aa   Section      140  fnaninf.o(x$fpl$fnaninf)
    x$fpl$printf1                            0x08004536   Section        4  printf1.o(x$fpl$printf1)
    x$fpl$printf2                            0x0800453a   Section        4  printf2.o(x$fpl$printf2)
    .constdata                               0x0800453e   Section     2560  f6x8m.o(.constdata)
    x$fpl$usenofp                            0x0800453e   Section        0  usenofp.o(x$fpl$usenofp)
    .constdata                               0x08004f3e   Section     8704  f10x16f.o(.constdata)
    .constdata                               0x08007140   Section        8  font.o(.constdata)
    .constdata                               0x08007148   Section       17  __printf_flags_ss_wp.o(.constdata)
    maptable                                 0x08007148   Data          17  __printf_flags_ss_wp.o(.constdata)
    .constdata                               0x0800715c   Section        8  _printf_wctomb.o(.constdata)
    initial_mbstate                          0x0800715c   Data           8  _printf_wctomb.o(.constdata)
    .constdata                               0x08007164   Section       40  _printf_hex_int_ll_ptr.o(.constdata)
    uc_hextab                                0x08007164   Data          20  _printf_hex_int_ll_ptr.o(.constdata)
    lc_hextab                                0x08007178   Data          20  _printf_hex_int_ll_ptr.o(.constdata)
    .constdata                               0x0800718c   Section       38  _printf_fp_hex.o(.constdata)
    lc_hextab                                0x0800718c   Data          19  _printf_fp_hex.o(.constdata)
    uc_hextab                                0x0800719f   Data          19  _printf_fp_hex.o(.constdata)
    .constdata                               0x080071b4   Section      148  bigflt0.o(.constdata)
    tenpwrs_x                                0x080071b4   Data          60  bigflt0.o(.constdata)
    tenpwrs_i                                0x080071f0   Data          64  bigflt0.o(.constdata)
    locale$$data                             0x08007268   Section       28  lc_numeric_c.o(locale$$data)
    __lcnum_c_name                           0x0800726c   Data           2  lc_numeric_c.o(locale$$data)
    __lcnum_c_start                          0x08007274   Data           0  lc_numeric_c.o(locale$$data)
    __lcnum_c_point                          0x08007280   Data           0  lc_numeric_c.o(locale$$data)
    __lcnum_c_thousands                      0x08007282   Data           0  lc_numeric_c.o(locale$$data)
    __lcnum_c_grouping                       0x08007283   Data           0  lc_numeric_c.o(locale$$data)
    locale$$data                             0x08007284   Section      272  lc_ctype_c.o(locale$$data)
    __lcnum_c_end                            0x08007284   Data           0  lc_numeric_c.o(locale$$data)
    __lcctype_c_name                         0x08007288   Data           2  lc_ctype_c.o(locale$$data)
    __lcctype_c_start                        0x08007290   Data           0  lc_ctype_c.o(locale$$data)
    __lcctype_c_end                          0x08007394   Data           0  lc_ctype_c.o(locale$$data)
    .data                                    0x20000000   Section       60  tasks.o(.data)
    pxDelayedTaskList                        0x20000004   Data           4  tasks.o(.data)
    pxOverflowDelayedTaskList                0x20000008   Data           4  tasks.o(.data)
    uxDeletedTasksWaitingCleanUp             0x2000000c   Data           4  tasks.o(.data)
    uxCurrentNumberOfTasks                   0x20000010   Data           4  tasks.o(.data)
    xTickCount                               0x20000014   Data           4  tasks.o(.data)
    uxTopReadyPriority                       0x20000018   Data           4  tasks.o(.data)
    xSchedulerRunning                        0x2000001c   Data           4  tasks.o(.data)
    uxPendedTicks                            0x20000020   Data           4  tasks.o(.data)
    xYieldPending                            0x20000024   Data           4  tasks.o(.data)
    xNumOfOverflows                          0x20000028   Data           4  tasks.o(.data)
    uxTaskNumber                             0x2000002c   Data           4  tasks.o(.data)
    xNextTaskUnblockTime                     0x20000030   Data           4  tasks.o(.data)
    xIdleTaskHandle                          0x20000034   Data           4  tasks.o(.data)
    uxSchedulerSuspended                     0x20000038   Data           4  tasks.o(.data)
    .bss                                     0x2000003c   Section      200  tasks.o(.bss)
    pxReadyTasksLists                        0x2000003c   Data         100  tasks.o(.bss)
    xDelayedTaskList1                        0x200000a0   Data          20  tasks.o(.bss)
    xDelayedTaskList2                        0x200000b4   Data          20  tasks.o(.bss)
    xPendingReadyList                        0x200000c8   Data          20  tasks.o(.bss)
    xTasksWaitingTermination                 0x200000dc   Data          20  tasks.o(.bss)
    xSuspendedTaskList                       0x200000f0   Data          20  tasks.o(.bss)
    .bss                                     0x20000104   Section     1024  disp1color.o(.bss)
    .bss                                     0x20000504   Section       10  f6x8m.o(.bss)
    .bss                                     0x2000050e   Section       34  f10x16f.o(.bss)
    .bss                                     0x20000530   Section      200  state.o(.bss)
    .bss                                     0x200005f8   Section       96  libspace.o(.bss)
    HEAP                                     0x20000658   Section      512  startup_stm32f10x_md.o(HEAP)
    Heap_Mem                                 0x20000658   Data         512  startup_stm32f10x_md.o(HEAP)
    STACK                                    0x20000858   Section     1024  startup_stm32f10x_md.o(STACK)
    Stack_Mem                                0x20000858   Data        1024  startup_stm32f10x_md.o(STACK)
    __initial_sp                             0x20000c58   Data           0  startup_stm32f10x_md.o(STACK)

    Global Symbols

    Symbol Name                              Value     Ov Type        Size  Object(Section)

    BuildAttributes$$THM_ISAv4$P$D$K$B$S$PE$A:L22UL41UL21$X:L11$S22US41US21$IEEE1$IW$USESV6$~STKCKD$USESV7$~SHL$OTIME$ROPI$IEEEJ$EBA8$UX$STANDARDLIB$REQ8$PRES8$EABIv2 0x00000000   Number         0  anon$$obj.o ABSOLUTE
    __ARM_use_no_argv                        0x00000000   Number         0  main.o ABSOLUTE
    _printf_flags                            0x00000000   Number         0  printf_stubs.o ABSOLUTE
    _printf_return_value                     0x00000000   Number         0  printf_stubs.o ABSOLUTE
    _printf_sizespec                         0x00000000   Number         0  printf_stubs.o ABSOLUTE
    _printf_widthprec                        0x00000000   Number         0  printf_stubs.o ABSOLUTE
    __ARM_exceptions_init                     - Undefined Weak Reference
    __alloca_initialize                       - Undefined Weak Reference
    __arm_preinit_                            - Undefined Weak Reference
    __cpp_initialize__aeabi_                  - Undefined Weak Reference
    __cxa_finalize                            - Undefined Weak Reference
    __sigvec_lookup                           - Undefined Weak Reference
    _atexit_init                              - Undefined Weak Reference
    _call_atexit_fns                          - Undefined Weak Reference
    _clock_init                               - Undefined Weak Reference
    _fp_trap_init                             - Undefined Weak Reference
    _fp_trap_shutdown                         - Undefined Weak Reference
    _get_lc_collate                           - Undefined Weak Reference
    _get_lc_monetary                          - Undefined Weak Reference
    _get_lc_time                              - Undefined Weak Reference
    _getenv_init                              - Undefined Weak Reference
    _handle_redirection                       - Undefined Weak Reference
    _init_alloc                               - Undefined Weak Reference
    _init_user_alloc                          - Undefined Weak Reference
    _initio                                   - Undefined Weak Reference
    _printf_mbtowc                            - Undefined Weak Reference
    _printf_wc                                - Undefined Weak Reference
    _rand_init                                - Undefined Weak Reference
    _signal_finish                            - Undefined Weak Reference
    _signal_init                              - Undefined Weak Reference
    _terminate_alloc                          - Undefined Weak Reference
    _terminate_user_alloc                     - Undefined Weak Reference
    _terminateio                              - Undefined Weak Reference
    __Vectors_Size                           0x000000ec   Number         0  startup_stm32f10x_md.o ABSOLUTE
    __Vectors                                0x08000000   Data           4  startup_stm32f10x_md.o(RESET)
    __Vectors_End                            0x080000ec   Data           0  startup_stm32f10x_md.o(RESET)
    __main                                   0x080000ed   Thumb Code     8  __main.o(!!!main)
    __scatterload                            0x080000f5   Thumb Code     0  __scatter.o(!!!scatter)
    __scatterload_rt2                        0x080000f5   Thumb Code    44  __scatter.o(!!!scatter)
    __scatterload_rt2_thumb_only             0x080000f5   Thumb Code     0  __scatter.o(!!!scatter)
    __scatterload_null                       0x08000103   Thumb Code     0  __scatter.o(!!!scatter)
    __scatterload_copy                       0x08000129   Thumb Code    26  __scatter_copy.o(!!handler_copy)
    __scatterload_zeroinit                   0x08000145   Thumb Code    28  __scatter_zi.o(!!handler_zi)
    _printf_n                                0x08000161   Thumb Code     0  _printf_n.o(.ARM.Collect$$_printf_percent$$00000001)
    _printf_percent                          0x08000161   Thumb Code     0  _printf_percent.o(.ARM.Collect$$_printf_percent$$00000000)
    _printf_p                                0x08000167   Thumb Code     0  _printf_p.o(.ARM.Collect$$_printf_percent$$00000002)
    _printf_f                                0x0800016d   Thumb Code     0  _printf_f.o(.ARM.Collect$$_printf_percent$$00000003)
    _printf_e                                0x08000173   Thumb Code     0  _printf_e.o(.ARM.Collect$$_printf_percent$$00000004)
    _printf_g                                0x08000179   Thumb Code     0  _printf_g.o(.ARM.Collect$$_printf_percent$$00000005)
    _printf_a                                0x0800017f   Thumb Code     0  _printf_a.o(.ARM.Collect$$_printf_percent$$00000006)
    _printf_ll                               0x08000185   Thumb Code     0  _printf_ll.o(.ARM.Collect$$_printf_percent$$00000007)
    _printf_i                                0x0800018f   Thumb Code     0  _printf_i.o(.ARM.Collect$$_printf_percent$$00000008)
    _printf_d                                0x08000195   Thumb Code     0  _printf_d.o(.ARM.Collect$$_printf_percent$$00000009)
    _printf_u                                0x0800019b   Thumb Code     0  _printf_u.o(.ARM.Collect$$_printf_percent$$0000000A)
    _printf_o                                0x080001a1   Thumb Code     0  _printf_o.o(.ARM.Collect$$_printf_percent$$0000000B)
    _printf_x                                0x080001a7   Thumb Code     0  _printf_x.o(.ARM.Collect$$_printf_percent$$0000000C)
    _printf_lli                              0x080001ad   Thumb Code     0  _printf_lli.o(.ARM.Collect$$_printf_percent$$0000000D)
    _printf_lld                              0x080001b3   Thumb Code     0  _printf_lld.o(.ARM.Collect$$_printf_percent$$0000000E)
    _printf_llu                              0x080001b9   Thumb Code     0  _printf_llu.o(.ARM.Collect$$_printf_percent$$0000000F)
    _printf_llo                              0x080001bf   Thumb Code     0  _printf_llo.o(.ARM.Collect$$_printf_percent$$00000010)
    _printf_llx                              0x080001c5   Thumb Code     0  _printf_llx.o(.ARM.Collect$$_printf_percent$$00000011)
    _printf_l                                0x080001cb   Thumb Code     0  _printf_l.o(.ARM.Collect$$_printf_percent$$00000012)
    _printf_c                                0x080001d5   Thumb Code     0  _printf_c.o(.ARM.Collect$$_printf_percent$$00000013)
    _printf_s                                0x080001db   Thumb Code     0  _printf_s.o(.ARM.Collect$$_printf_percent$$00000014)
    _printf_lc                               0x080001e1   Thumb Code     0  _printf_lc.o(.ARM.Collect$$_printf_percent$$00000015)
    _printf_ls                               0x080001e7   Thumb Code     0  _printf_ls.o(.ARM.Collect$$_printf_percent$$00000016)
    _printf_percent_end                      0x080001ed   Thumb Code     0  _printf_percent_end.o(.ARM.Collect$$_printf_percent$$00000017)
    __rt_lib_init                            0x080001f1   Thumb Code     0  libinit.o(.ARM.Collect$$libinit$$00000000)
    __rt_lib_init_fp_1                       0x080001f3   Thumb Code     0  libinit2.o(.ARM.Collect$$libinit$$00000002)
    __rt_lib_init_heap_1                     0x080001f3   Thumb Code     0  libinit2.o(.ARM.Collect$$libinit$$0000000A)
    __rt_lib_init_lc_common                  0x080001f3   Thumb Code     0  libinit2.o(.ARM.Collect$$libinit$$0000000F)
    __rt_lib_init_preinit_1                  0x080001f3   Thumb Code     0  libinit2.o(.ARM.Collect$$libinit$$00000004)
    __rt_lib_init_rand_1                     0x080001f3   Thumb Code     0  libinit2.o(.ARM.Collect$$libinit$$0000000E)
    __rt_lib_init_user_alloc_1               0x080001f3   Thumb Code     0  libinit2.o(.ARM.Collect$$libinit$$0000000C)
    __rt_lib_init_lc_collate_1               0x080001f9   Thumb Code     0  libinit2.o(.ARM.Collect$$libinit$$00000011)
    __rt_lib_init_lc_ctype_2                 0x080001f9   Thumb Code     0  libinit2.o(.ARM.Collect$$libinit$$00000012)
    __rt_lib_init_lc_ctype_1                 0x08000205   Thumb Code     0  libinit2.o(.ARM.Collect$$libinit$$00000013)
    __rt_lib_init_lc_monetary_1              0x08000205   Thumb Code     0  libinit2.o(.ARM.Collect$$libinit$$00000015)
    __rt_lib_init_lc_numeric_2               0x08000205   Thumb Code     0  libinit2.o(.ARM.Collect$$libinit$$00000016)
    __rt_lib_init_alloca_1                   0x0800020f   Thumb Code     0  libinit2.o(.ARM.Collect$$libinit$$0000002E)
    __rt_lib_init_argv_1                     0x0800020f   Thumb Code     0  libinit2.o(.ARM.Collect$$libinit$$0000002C)
    __rt_lib_init_atexit_1                   0x0800020f   Thumb Code     0  libinit2.o(.ARM.Collect$$libinit$$0000001B)
    __rt_lib_init_clock_1                    0x0800020f   Thumb Code     0  libinit2.o(.ARM.Collect$$libinit$$00000021)
    __rt_lib_init_cpp_1                      0x0800020f   Thumb Code     0  libinit2.o(.ARM.Collect$$libinit$$00000032)
    __rt_lib_init_exceptions_1               0x0800020f   Thumb Code     0  libinit2.o(.ARM.Collect$$libinit$$00000030)
    __rt_lib_init_fp_trap_1                  0x0800020f   Thumb Code     0  libinit2.o(.ARM.Collect$$libinit$$0000001F)
    __rt_lib_init_getenv_1                   0x0800020f   Thumb Code     0  libinit2.o(.ARM.Collect$$libinit$$00000023)
    __rt_lib_init_lc_numeric_1               0x0800020f   Thumb Code     0  libinit2.o(.ARM.Collect$$libinit$$00000017)
    __rt_lib_init_lc_time_1                  0x0800020f   Thumb Code     0  libinit2.o(.ARM.Collect$$libinit$$00000019)
    __rt_lib_init_return                     0x0800020f   Thumb Code     0  libinit2.o(.ARM.Collect$$libinit$$00000033)
    __rt_lib_init_signal_1                   0x0800020f   Thumb Code     0  libinit2.o(.ARM.Collect$$libinit$$0000001D)
    __rt_lib_init_stdio_1                    0x0800020f   Thumb Code     0  libinit2.o(.ARM.Collect$$libinit$$00000025)
    __rt_lib_shutdown                        0x08000211   Thumb Code     0  libshutdown.o(.ARM.Collect$$libshutdown$$00000000)
    __rt_lib_shutdown_cpp_1                  0x08000213   Thumb Code     0  libshutdown2.o(.ARM.Collect$$libshutdown$$00000002)
    __rt_lib_shutdown_fp_trap_1              0x08000213   Thumb Code     0  libshutdown2.o(.ARM.Collect$$libshutdown$$00000007)
    __rt_lib_shutdown_heap_1                 0x08000213   Thumb Code     0  libshutdown2.o(.ARM.Collect$$libshutdown$$0000000F)
    __rt_lib_shutdown_return                 0x08000213   Thumb Code     0  libshutdown2.o(.ARM.Collect$$libshutdown$$00000010)
    __rt_lib_shutdown_signal_1               0x08000213   Thumb Code     0  libshutdown2.o(.ARM.Collect$$libshutdown$$0000000A)
    __rt_lib_shutdown_stdio_1                0x08000213   Thumb Code     0  libshutdown2.o(.ARM.Collect$$libshutdown$$00000004)
    __rt_lib_shutdown_user_alloc_1           0x08000213   Thumb Code     0  libshutdown2.o(.ARM.Collect$$libshutdown$$0000000C)
    __rt_entry                               0x08000215   Thumb Code     0  __rtentry.o(.ARM.Collect$$rtentry$$00000000)
    __rt_entry_presh_1                       0x08000215   Thumb Code     0  __rtentry2.o(.ARM.Collect$$rtentry$$00000002)
    __rt_entry_sh                            0x08000215   Thumb Code     0  __rtentry4.o(.ARM.Collect$$rtentry$$00000004)
    __rt_entry_li                            0x0800021b   Thumb Code     0  __rtentry2.o(.ARM.Collect$$rtentry$$0000000A)
    __rt_entry_postsh_1                      0x0800021b   Thumb Code     0  __rtentry2.o(.ARM.Collect$$rtentry$$00000009)
    __rt_entry_main                          0x0800021f   Thumb Code     0  __rtentry2.o(.ARM.Collect$$rtentry$$0000000D)
    __rt_entry_postli_1                      0x0800021f   Thumb Code     0  __rtentry2.o(.ARM.Collect$$rtentry$$0000000C)
    __rt_exit                                0x08000227   Thumb Code     0  rtexit.o(.ARM.Collect$$rtexit$$00000000)
    __rt_exit_ls                             0x08000229   Thumb Code     0  rtexit2.o(.ARM.Collect$$rtexit$$00000003)
    __rt_exit_prels_1                        0x08000229   Thumb Code     0  rtexit2.o(.ARM.Collect$$rtexit$$00000002)
    __rt_exit_exit                           0x0800022d   Thumb Code     0  rtexit2.o(.ARM.Collect$$rtexit$$00000004)
    SVC_Handler                              0x08000235   Thumb Code    32  port.o(.emb_text)
    __asm___6_port_c_39a90d8d__prvStartFirstTask 0x08000259   Thumb Code    28  port.o(.emb_text)
    PendSV_Handler                           0x08000279   Thumb Code    72  port.o(.emb_text)
    vPortGetIPSR                             0x080002c5   Thumb Code     6  port.o(.emb_text)
    Reset_Handler                            0x080002cd   Thumb Code     8  startup_stm32f10x_md.o(.text)
    NMI_Handler                              0x080002d5   Thumb Code     2  startup_stm32f10x_md.o(.text)
    HardFault_Handler                        0x080002d7   Thumb Code     2  startup_stm32f10x_md.o(.text)
    MemManage_Handler                        0x080002d9   Thumb Code     2  startup_stm32f10x_md.o(.text)
    BusFault_Handler                         0x080002db   Thumb Code     2  startup_stm32f10x_md.o(.text)
    UsageFault_Handler                       0x080002dd   Thumb Code     2  startup_stm32f10x_md.o(.text)
    DebugMon_Handler                         0x080002e1   Thumb Code     2  startup_stm32f10x_md.o(.text)
    ADC1_2_IRQHandler                        0x080002e7   Thumb Code     0  startup_stm32f10x_md.o(.text)
    CAN1_RX1_IRQHandler                      0x080002e7   Thumb Code     0  startup_stm32f10x_md.o(.text)
    CAN1_SCE_IRQHandler                      0x080002e7   Thumb Code     0  startup_stm32f10x_md.o(.text)
    DMA1_Channel1_IRQHandler                 0x080002e7   Thumb Code     0  startup_stm32f10x_md.o(.text)
    DMA1_Channel2_IRQHandler                 0x080002e7   Thumb Code     0  startup_stm32f10x_md.o(.text)
    DMA1_Channel3_IRQHandler                 0x080002e7   Thumb Code     0  startup_stm32f10x_md.o(.text)
    DMA1_Channel4_IRQHandler                 0x080002e7   Thumb Code     0  startup_stm32f10x_md.o(.text)
    DMA1_Channel5_IRQHandler                 0x080002e7   Thumb Code     0  startup_stm32f10x_md.o(.text)
    DMA1_Channel6_IRQHandler                 0x080002e7   Thumb Code     0  startup_stm32f10x_md.o(.text)
    DMA1_Channel7_IRQHandler                 0x080002e7   Thumb Code     0  startup_stm32f10x_md.o(.text)
    EXTI0_IRQHandler                         0x080002e7   Thumb Code     0  startup_stm32f10x_md.o(.text)
    EXTI1_IRQHandler                         0x080002e7   Thumb Code     0  startup_stm32f10x_md.o(.text)
    EXTI2_IRQHandler                         0x080002e7   Thumb Code     0  startup_stm32f10x_md.o(.text)
    EXTI3_IRQHandler                         0x080002e7   Thumb Code     0  startup_stm32f10x_md.o(.text)
    EXTI4_IRQHandler                         0x080002e7   Thumb Code     0  startup_stm32f10x_md.o(.text)
    FLASH_IRQHandler                         0x080002e7   Thumb Code     0  startup_stm32f10x_md.o(.text)
    I2C1_ER_IRQHandler                       0x080002e7   Thumb Code     0  startup_stm32f10x_md.o(.text)
    I2C1_EV_IRQHandler                       0x080002e7   Thumb Code     0  startup_stm32f10x_md.o(.text)
    I2C2_ER_IRQHandler                       0x080002e7   Thumb Code     0  startup_stm32f10x_md.o(.text)
    I2C2_EV_IRQHandler                       0x080002e7   Thumb Code     0  startup_stm32f10x_md.o(.text)
    PVD_IRQHandler                           0x080002e7   Thumb Code     0  startup_stm32f10x_md.o(.text)
    RCC_IRQHandler                           0x080002e7   Thumb Code     0  startup_stm32f10x_md.o(.text)
    RTCAlarm_IRQHandler                      0x080002e7   Thumb Code     0  startup_stm32f10x_md.o(.text)
    RTC_IRQHandler                           0x080002e7   Thumb Code     0  startup_stm32f10x_md.o(.text)
    SPI1_IRQHandler                          0x080002e7   Thumb Code     0  startup_stm32f10x_md.o(.text)
    SPI2_IRQHandler                          0x080002e7   Thumb Code     0  startup_stm32f10x_md.o(.text)
    TAMPER_IRQHandler                        0x080002e7   Thumb Code     0  startup_stm32f10x_md.o(.text)
    TIM1_BRK_IRQHandler                      0x080002e7   Thumb Code     0  startup_stm32f10x_md.o(.text)
    TIM1_CC_IRQHandler                       0x080002e7   Thumb Code     0  startup_stm32f10x_md.o(.text)
    TIM1_TRG_COM_IRQHandler                  0x080002e7   Thumb Code     0  startup_stm32f10x_md.o(.text)
    USART1_IRQHandler                        0x080002e7   Thumb Code     0  startup_stm32f10x_md.o(.text)
    USART2_IRQHandler                        0x080002e7   Thumb Code     0  startup_stm32f10x_md.o(.text)
    USBWakeUp_IRQHandler                     0x080002e7   Thumb Code     0  startup_stm32f10x_md.o(.text)
    USB_HP_CAN1_TX_IRQHandler                0x080002e7   Thumb Code     0  startup_stm32f10x_md.o(.text)
    USB_LP_CAN1_RX0_IRQHandler               0x080002e7   Thumb Code     0  startup_stm32f10x_md.o(.text)
    WWDG_IRQHandler                          0x080002e7   Thumb Code     0  startup_stm32f10x_md.o(.text)
    __user_initial_stackheap                 0x080002e9   Thumb Code     0  startup_stm32f10x_md.o(.text)
    vsnprintf                                0x0800030d   Thumb Code    48  vsnprintf.o(.text)
    _printf_str                              0x08000341   Thumb Code    82  _printf_str.o(.text)
    __printf                                 0x08000395   Thumb Code   388  __printf_flags_ss_wp.o(.text)
    __aeabi_memset                           0x0800051d   Thumb Code    16  aeabi_memset.o(.text)
    __aeabi_memclr4                          0x0800052d   Thumb Code     0  rt_memclr_w.o(.text)
    __aeabi_memclr8                          0x0800052d   Thumb Code     0  rt_memclr_w.o(.text)
    __rt_memclr_w                            0x0800052d   Thumb Code    78  rt_memclr_w.o(.text)
    _memset_w                                0x08000531   Thumb Code     0  rt_memclr_w.o(.text)
    __use_two_region_memory                  0x0800057b   Thumb Code     2  heapauxi.o(.text)
    __rt_heap_escrow$2region                 0x0800057d   Thumb Code     2  heapauxi.o(.text)
    __rt_heap_expand$2region                 0x0800057f   Thumb Code     2  heapauxi.o(.text)
    _printf_pre_padding                      0x08000581   Thumb Code    44  _printf_pad.o(.text)
    _printf_post_padding                     0x080005ad   Thumb Code    34  _printf_pad.o(.text)
    _printf_truncate_signed                  0x080005cf   Thumb Code    18  _printf_truncate.o(.text)
    _printf_truncate_unsigned                0x080005e1   Thumb Code    18  _printf_truncate.o(.text)
    _printf_int_dec                          0x080005f5   Thumb Code   104  _printf_dec.o(.text)
    _printf_charcount                        0x0800066d   Thumb Code    40  _printf_charcount.o(.text)
    __lib_sel_fp_printf                      0x08000695   Thumb Code     2  _printf_fp_dec.o(.text)
    _printf_fp_dec_real                      0x08000847   Thumb Code   620  _printf_fp_dec.o(.text)
    _printf_char_common                      0x08000abf   Thumb Code    32  _printf_char_common.o(.text)
    _sputc                                   0x08000ae5   Thumb Code    10  _sputc.o(.text)
    _snputc                                  0x08000aef   Thumb Code    16  _snputc.o(.text)
    _printf_cs_common                        0x08000aff   Thumb Code    20  _printf_char.o(.text)
    _printf_char                             0x08000b13   Thumb Code    16  _printf_char.o(.text)
    _printf_string                           0x08000b23   Thumb Code     8  _printf_char.o(.text)
    _printf_wctomb                           0x08000b2d   Thumb Code   182  _printf_wctomb.o(.text)
    _printf_longlong_dec                     0x08000be9   Thumb Code   108  _printf_longlong_dec.o(.text)
    _printf_longlong_oct                     0x08000c65   Thumb Code    66  _printf_oct_int_ll.o(.text)
    _printf_int_oct                          0x08000ca7   Thumb Code    24  _printf_oct_int_ll.o(.text)
    _printf_ll_oct                           0x08000cbf   Thumb Code    12  _printf_oct_int_ll.o(.text)
    _printf_longlong_hex                     0x08000cd5   Thumb Code    86  _printf_hex_int_ll_ptr.o(.text)
    _printf_int_hex                          0x08000d2b   Thumb Code    28  _printf_hex_int_ll_ptr.o(.text)
    _printf_ll_hex                           0x08000d47   Thumb Code    12  _printf_hex_int_ll_ptr.o(.text)
    _printf_hex_ptr                          0x08000d53   Thumb Code    18  _printf_hex_int_ll_ptr.o(.text)
    __aeabi_memclr                           0x08000d69   Thumb Code     0  rt_memclr.o(.text)
    __rt_memclr                              0x08000d69   Thumb Code    68  rt_memclr.o(.text)
    _memset                                  0x08000d6d   Thumb Code     0  rt_memclr.o(.text)
    __rt_locale                              0x08000dad   Thumb Code     8  rt_locale_intlibspace.o(.text)
    _ll_udiv10                               0x08000db5   Thumb Code   138  lludiv10.o(.text)
    _printf_int_common                       0x08000e3f   Thumb Code   178  _printf_intcommon.o(.text)
    _printf_fp_hex_real                      0x08000ef1   Thumb Code   756  _printf_fp_hex.o(.text)
    _printf_fp_infnan                        0x080011ed   Thumb Code   112  _printf_fp_infnan.o(.text)
    _printf_lcs_common                       0x0800126d   Thumb Code    20  _printf_wchar.o(.text)
    _printf_wchar                            0x08001281   Thumb Code    16  _printf_wchar.o(.text)
    _printf_wstring                          0x08001291   Thumb Code     8  _printf_wchar.o(.text)
    _btod_etento                             0x08001299   Thumb Code   224  bigflt0.o(.text)
    _wcrtomb                                 0x0800137d   Thumb Code    64  _wcrtomb.o(.text)
    __user_libspace                          0x080013bd   Thumb Code     8  libspace.o(.text)
    __user_perproc_libspace                  0x080013bd   Thumb Code     0  libspace.o(.text)
    __user_perthread_libspace                0x080013bd   Thumb Code     0  libspace.o(.text)
    __user_setup_stackheap                   0x080013c5   Thumb Code    74  sys_stackheap_outer.o(.text)
    __rt_ctype_table                         0x08001411   Thumb Code    16  rt_ctype_table.o(.text)
    exit                                     0x08001421   Thumb Code    18  exit.o(.text)
    strcmp                                   0x08001435   Thumb Code   128  strcmpv7m.o(.text)
    _sys_exit                                0x080014b5   Thumb Code     8  sys_exit.o(.text)
    __I$use$semihosting                      0x080014c1   Thumb Code     0  use_no_semi.o(.text)
    __use_no_semihosting_swi                 0x080014c1   Thumb Code     2  use_no_semi.o(.text)
    __semihosting_library_function           0x080014c3   Thumb Code     0  indicate_semi.o(.text)
    _btod_d2e                                0x080014c3   Thumb Code    62  btod.o(CL$$btod_d2e)
    _d2e_denorm_low                          0x08001501   Thumb Code    70  btod.o(CL$$btod_d2e_denorm_low)
    _d2e_norm_op1                            0x08001547   Thumb Code    96  btod.o(CL$$btod_d2e_norm_op1)
    __btod_div_common                        0x080015a7   Thumb Code   696  btod.o(CL$$btod_div_common)
    _e2e                                     0x080018df   Thumb Code   220  btod.o(CL$$btod_e2e)
    _btod_ediv                               0x080019bb   Thumb Code    42  btod.o(CL$$btod_ediv)
    _btod_emul                               0x080019e5   Thumb Code    42  btod.o(CL$$btod_emul)
    __btod_mult_common                       0x08001a0f   Thumb Code   580  btod.o(CL$$btod_mult_common)
    DelayMicro                               0x08001c53   Thumb Code    22  main.o(i.DelayMicro)
    DisplayHead                              0x08001c69   Thumb Code   208  main.o(i.DisplayHead)
    DisplayResistorInfoPage                  0x08001da5   Thumb Code   222  main.o(i.DisplayResistorInfoPage)
    EXTI15_10_IRQHandler                     0x08001ed9   Thumb Code   112  main.o(i.EXTI15_10_IRQHandler)
    EXTI9_5_IRQHandler                       0x08001f55   Thumb Code   208  main.o(i.EXTI9_5_IRQHandler)
    GPIO_Init                                0x08002035   Thumb Code   796  main.o(i.GPIO_Init)
    HandButtonsClicks                        0x08002369   Thumb Code  1104  main.o(i.HandButtonsClicks)
    IWDG_Init                                0x080027bd   Thumb Code    48  main.o(i.IWDG_Init)
    RCC_Init                                 0x08002809   Thumb Code   174  main.o(i.RCC_Init)
    ResetState                               0x080028c1   Thumb Code   494  state.o(i.ResetState)
    SPI1_Init                                0x08002ae1   Thumb Code   238  main.o(i.SPI1_Init)
    SPI1_Write                               0x08002bdd   Thumb Code    46  main.o(i.SPI1_Write)
    SPI2_Init                                0x08002c11   Thumb Code   252  main.o(i.SPI2_Init)
    SSD1306_AllPixRAM                        0x08002d19   Thumb Code    14  ssd1306.o(i.SSD1306_AllPixRAM)
    SSD1306_ChargePumpSetting                0x08002d27   Thumb Code    28  ssd1306.o(i.SSD1306_ChargePumpSetting)
    SSD1306_DeactivateScroll                 0x08002d43   Thumb Code    14  ssd1306.o(i.SSD1306_DeactivateScroll)
    SSD1306_DisplayFullUpdate                0x08002d51   Thumb Code    32  ssd1306.o(i.SSD1306_DisplayFullUpdate)
    SSD1306_GPIO_init                        0x08002d71   Thumb Code   136  main.o(i.SSD1306_GPIO_init)
    SSD1306_Init                             0x08002e01   Thumb Code   172  ssd1306.o(i.SSD1306_Init)
    SSD1306_SetCOMPinsConfig                 0x08002eb5   Thumb Code    46  ssd1306.o(i.SSD1306_SetCOMPinsConfig)
    SSD1306_SetCOMoutScanDirection           0x08002ee3   Thumb Code    28  ssd1306.o(i.SSD1306_SetCOMoutScanDirection)
    SSD1306_SetColumns                       0x08002eff   Thumb Code    34  ssd1306.o(i.SSD1306_SetColumns)
    SSD1306_SetContrast                      0x08002f21   Thumb Code    14  ssd1306.o(i.SSD1306_SetContrast)
    SSD1306_SetDisplayClockDivider           0x08002f2f   Thumb Code    50  ssd1306.o(i.SSD1306_SetDisplayClockDivider)
    SSD1306_SetDisplayOffset                 0x08002f61   Thumb Code    14  ssd1306.o(i.SSD1306_SetDisplayOffset)
    SSD1306_SetDisplayStartLine              0x08002f6f   Thumb Code    22  ssd1306.o(i.SSD1306_SetDisplayStartLine)
    SSD1306_SetInverseOff                    0x08002f85   Thumb Code    14  ssd1306.o(i.SSD1306_SetInverseOff)
    SSD1306_SetMemAdressingMode              0x08002f93   Thumb Code    26  ssd1306.o(i.SSD1306_SetMemAdressingMode)
    SSD1306_SetMultiplexRatio                0x08002fad   Thumb Code    34  ssd1306.o(i.SSD1306_SetMultiplexRatio)
    SSD1306_SetPages                         0x08002fcf   Thumb Code    34  ssd1306.o(i.SSD1306_SetPages)
    SSD1306_SetPrechargePeriod               0x08002ff1   Thumb Code    62  ssd1306.o(i.SSD1306_SetPrechargePeriod)
    SSD1306_SetSegmentRemap                  0x0800302f   Thumb Code    28  ssd1306.o(i.SSD1306_SetSegmentRemap)
    SSD1306_SetVCOMHDeselectLevel            0x0800304b   Thumb Code    24  ssd1306.o(i.SSD1306_SetVCOMHDeselectLevel)
    SSD1306_Sleep                            0x08003063   Thumb Code    14  ssd1306.o(i.SSD1306_Sleep)
    SSD1306_Wake                             0x08003071   Thumb Code    14  ssd1306.o(i.SSD1306_Wake)
    SysTick_Handler                          0x08003169   Thumb Code    46  port.o(i.SysTick_Handler)
    SystemInit                               0x0800319d   Thumb Code    78  system_stm32f10x.o(i.SystemInit)
    TIM1_UP_IRQHandler                       0x080031fd   Thumb Code    14  main.o(i.TIM1_UP_IRQHandler)
    TIM2_IRQHandler                          0x08003211   Thumb Code   618  main.o(i.TIM2_IRQHandler)
    TIM2_Init                                0x08003489   Thumb Code    54  main.o(i.TIM2_Init)
    TIM3_IRQHandler                          0x080034c5   Thumb Code    50  main.o(i.TIM3_IRQHandler)
    TIM3_Init                                0x08003505   Thumb Code    70  main.o(i.TIM3_Init)
    TIM4_IRQHandler                          0x08003555   Thumb Code   678  main.o(i.TIM4_IRQHandler)
    TIM4_Init                                0x0800380d   Thumb Code    68  main.o(i.TIM4_Init)
    USART3_IRQHandler                        0x08003859   Thumb Code    24  main.o(i.USART3_IRQHandler)
    USART3_Init                              0x08003875   Thumb Code   134  main.o(i.USART3_Init)
    UpdateScreen                             0x08003909   Thumb Code  1138  main.o(i.UpdateScreen)
    WriteCmd1306                             0x08003d7d   Thumb Code    58  ssd1306.o(i.WriteCmd1306)
    WriteData1306                            0x08003dbd   Thumb Code    60  ssd1306.o(i.WriteData1306)
    __ARM_fpclassify                         0x08003dfd   Thumb Code    40  fpclassify.o(i.__ARM_fpclassify)
    _is_digit                                0x08003e25   Thumb Code    14  __printf_wp.o(i._is_digit)
    delay                                    0x08003e33   Thumb Code    12  main.o(i.delay)
    delay_ms                                 0x08003e3f   Thumb Code    18  main.o(i.delay_ms)
    disp1color_DrawChar                      0x08003e51   Thumb Code   216  disp1color.o(i.disp1color_DrawChar)
    disp1color_DrawLine                      0x08003f29   Thumb Code   164  disp1color.o(i.disp1color_DrawLine)
    disp1color_DrawPixel                     0x08003fcd   Thumb Code    72  disp1color.o(i.disp1color_DrawPixel)
    disp1color_DrawRectangle                 0x08004019   Thumb Code    60  disp1color.o(i.disp1color_DrawRectangle)
    disp1color_DrawString                    0x08004055   Thumb Code   106  disp1color.o(i.disp1color_DrawString)
    disp1color_FillScreenbuff                0x080040c1   Thumb Code    18  disp1color.o(i.disp1color_FillScreenbuff)
    disp1color_UpdateFromBuff                0x080040d9   Thumb Code    14  disp1color.o(i.disp1color_UpdateFromBuff)
    disp1color_printf                        0x080040ed   Thumb Code    54  disp1color.o(i.disp1color_printf)
    f10x16f_GetCharTable                     0x08004125   Thumb Code    34  f10x16f.o(i.f10x16f_GetCharTable)
    f6x8m_GetCharTable                       0x08004151   Thumb Code    34  f6x8m.o(i.f6x8m_GetCharTable)
    font_GetCharHeight                       0x0800417d   Thumb Code     8  font.o(i.font_GetCharHeight)
    font_GetCharWidth                        0x08004185   Thumb Code     6  font.o(i.font_GetCharWidth)
    font_GetFontStruct                       0x0800418d   Thumb Code    18  font.o(i.font_GetFontStruct)
    main                                     0x080041a5   Thumb Code    70  main.o(i.main)
    uxListRemove                             0x08004221   Thumb Code    40  list.o(i.uxListRemove)
    vListInsertEnd                           0x08004249   Thumb Code    24  list.o(i.vListInsertEnd)
    vTaskSwitchContext                       0x08004261   Thumb Code    98  tasks.o(i.vTaskSwitchContext)
    xTaskIncrementTick                       0x080042d9   Thumb Code   236  tasks.o(i.xTaskIncrementTick)
    _get_lc_numeric                          0x080043f1   Thumb Code    44  lc_numeric_c.o(locale$$code)
    _get_lc_ctype                            0x0800441d   Thumb Code    44  lc_ctype_c.o(locale$$code)
    __fpl_dretinf                            0x08004449   Thumb Code    12  dretinf.o(x$fpl$dretinf)
    __aeabi_f2d                              0x08004455   Thumb Code     0  f2d.o(x$fpl$f2d)
    _f2d                                     0x08004455   Thumb Code    86  f2d.o(x$fpl$f2d)
    __fpl_fnaninf                            0x080044ab   Thumb Code   140  fnaninf.o(x$fpl$fnaninf)
    _printf_fp_dec                           0x08004537   Thumb Code     4  printf1.o(x$fpl$printf1)
    _printf_fp_hex                           0x0800453b   Thumb Code     4  printf2.o(x$fpl$printf2)
    __I$use$fp                               0x0800453e   Number         0  usenofp.o(x$fpl$usenofp)
    f6x8_table                               0x0800453e   Data        2560  f6x8m.o(.constdata)
    f10x16f_table                            0x08004f3e   Data        8704  f10x16f.o(.constdata)
    font_table_funcs                         0x08007140   Data           8  font.o(.constdata)
    Region$$Table$$Base                      0x08007248   Number         0  anon$$obj.o(Region$$Table)
    Region$$Table$$Limit                     0x08007268   Number         0  anon$$obj.o(Region$$Table)
    __ctype                                  0x08007291   Data           0  lc_ctype_c.o(locale$$data)
    pxCurrentTCB                             0x20000000   Data           4  tasks.o(.data)
    disp1color_buff                          0x20000104   Data        1024  disp1color.o(.bss)
    f6x8_charbuff                            0x20000504   Data          10  f6x8m.o(.bss)
    f10x16f_charbuff                         0x2000050e   Data          34  f10x16f.o(.bss)
    State                                    0x20000530   Data         200  state.o(.bss)
    __libspace_start                         0x200005f8   Data          96  libspace.o(.bss)
    __temporary_stack_top$libspace           0x20000658   Data           0  libspace.o(.bss)



==============================================================================

Memory Map of the image

  Image Entry point : 0x080002cd

  Load Region LR_1 (Base: 0x08000000, Size: 0x000073d0, Max: 0xffffffff, ABSOLUTE)

    Execution Region ER_RO (Exec base: 0x08000000, Load base: 0x08000000, Size: 0x00007394, Max: 0xffffffff, ABSOLUTE)

    Exec Addr    Load Addr    Size         Type   Attr      Idx    E Section Name        Object

    0x08000000   0x08000000   0x000000ec   Data   RO            3    RESET               startup_stm32f10x_md.o
    0x080000ec   0x080000ec   0x00000008   Code   RO         1558  * !!!main             c_w.l(__main.o)
    0x080000f4   0x080000f4   0x00000034   Code   RO         1864    !!!scatter          c_w.l(__scatter.o)
    0x08000128   0x08000128   0x0000001a   Code   RO         1866    !!handler_copy      c_w.l(__scatter_copy.o)
    0x08000142   0x08000142   0x00000002   PAD
    0x08000144   0x08000144   0x0000001c   Code   RO         1868    !!handler_zi        c_w.l(__scatter_zi.o)
    0x08000160   0x08000160   0x00000000   Code   RO         1549    .ARM.Collect$$_printf_percent$$00000000  c_w.l(_printf_percent.o)
    0x08000160   0x08000160   0x00000006   Code   RO         1616    .ARM.Collect$$_printf_percent$$00000001  c_w.l(_printf_n.o)
    0x08000166   0x08000166   0x00000006   Code   RO         1618    .ARM.Collect$$_printf_percent$$00000002  c_w.l(_printf_p.o)
    0x0800016c   0x0800016c   0x00000006   Code   RO         1548    .ARM.Collect$$_printf_percent$$00000003  c_w.l(_printf_f.o)
    0x08000172   0x08000172   0x00000006   Code   RO         1623    .ARM.Collect$$_printf_percent$$00000004  c_w.l(_printf_e.o)
    0x08000178   0x08000178   0x00000006   Code   RO         1624    .ARM.Collect$$_printf_percent$$00000005  c_w.l(_printf_g.o)
    0x0800017e   0x0800017e   0x00000006   Code   RO         1625    .ARM.Collect$$_printf_percent$$00000006  c_w.l(_printf_a.o)
    0x08000184   0x08000184   0x0000000a   Code   RO         1630    .ARM.Collect$$_printf_percent$$00000007  c_w.l(_printf_ll.o)
    0x0800018e   0x0800018e   0x00000006   Code   RO         1620    .ARM.Collect$$_printf_percent$$00000008  c_w.l(_printf_i.o)
    0x08000194   0x08000194   0x00000006   Code   RO         1621    .ARM.Collect$$_printf_percent$$00000009  c_w.l(_printf_d.o)
    0x0800019a   0x0800019a   0x00000006   Code   RO         1622    .ARM.Collect$$_printf_percent$$0000000A  c_w.l(_printf_u.o)
    0x080001a0   0x080001a0   0x00000006   Code   RO         1619    .ARM.Collect$$_printf_percent$$0000000B  c_w.l(_printf_o.o)
    0x080001a6   0x080001a6   0x00000006   Code   RO         1617    .ARM.Collect$$_printf_percent$$0000000C  c_w.l(_printf_x.o)
    0x080001ac   0x080001ac   0x00000006   Code   RO         1627    .ARM.Collect$$_printf_percent$$0000000D  c_w.l(_printf_lli.o)
    0x080001b2   0x080001b2   0x00000006   Code   RO         1628    .ARM.Collect$$_printf_percent$$0000000E  c_w.l(_printf_lld.o)
    0x080001b8   0x080001b8   0x00000006   Code   RO         1629    .ARM.Collect$$_printf_percent$$0000000F  c_w.l(_printf_llu.o)
    0x080001be   0x080001be   0x00000006   Code   RO         1634    .ARM.Collect$$_printf_percent$$00000010  c_w.l(_printf_llo.o)
    0x080001c4   0x080001c4   0x00000006   Code   RO         1635    .ARM.Collect$$_printf_percent$$00000011  c_w.l(_printf_llx.o)
    0x080001ca   0x080001ca   0x0000000a   Code   RO         1631    .ARM.Collect$$_printf_percent$$00000012  c_w.l(_printf_l.o)
    0x080001d4   0x080001d4   0x00000006   Code   RO         1615    .ARM.Collect$$_printf_percent$$00000013  c_w.l(_printf_c.o)
    0x080001da   0x080001da   0x00000006   Code   RO         1547    .ARM.Collect$$_printf_percent$$00000014  c_w.l(_printf_s.o)
    0x080001e0   0x080001e0   0x00000006   Code   RO         1632    .ARM.Collect$$_printf_percent$$00000015  c_w.l(_printf_lc.o)
    0x080001e6   0x080001e6   0x00000006   Code   RO         1633    .ARM.Collect$$_printf_percent$$00000016  c_w.l(_printf_ls.o)
    0x080001ec   0x080001ec   0x00000004   Code   RO         1626    .ARM.Collect$$_printf_percent$$00000017  c_w.l(_printf_percent_end.o)
    0x080001f0   0x080001f0   0x00000002   Code   RO         1734    .ARM.Collect$$libinit$$00000000  c_w.l(libinit.o)
    0x080001f2   0x080001f2   0x00000000   Code   RO         1736    .ARM.Collect$$libinit$$00000002  c_w.l(libinit2.o)
    0x080001f2   0x080001f2   0x00000000   Code   RO         1738    .ARM.Collect$$libinit$$00000004  c_w.l(libinit2.o)
    0x080001f2   0x080001f2   0x00000000   Code   RO         1741    .ARM.Collect$$libinit$$0000000A  c_w.l(libinit2.o)
    0x080001f2   0x080001f2   0x00000000   Code   RO         1743    .ARM.Collect$$libinit$$0000000C  c_w.l(libinit2.o)
    0x080001f2   0x080001f2   0x00000000   Code   RO         1745    .ARM.Collect$$libinit$$0000000E  c_w.l(libinit2.o)
    0x080001f2   0x080001f2   0x00000006   Code   RO         1746    .ARM.Collect$$libinit$$0000000F  c_w.l(libinit2.o)
    0x080001f8   0x080001f8   0x00000000   Code   RO         1748    .ARM.Collect$$libinit$$00000011  c_w.l(libinit2.o)
    0x080001f8   0x080001f8   0x0000000c   Code   RO         1749    .ARM.Collect$$libinit$$00000012  c_w.l(libinit2.o)
    0x08000204   0x08000204   0x00000000   Code   RO         1750    .ARM.Collect$$libinit$$00000013  c_w.l(libinit2.o)
    0x08000204   0x08000204   0x00000000   Code   RO         1752    .ARM.Collect$$libinit$$00000015  c_w.l(libinit2.o)
    0x08000204   0x08000204   0x0000000a   Code   RO         1753    .ARM.Collect$$libinit$$00000016  c_w.l(libinit2.o)
    0x0800020e   0x0800020e   0x00000000   Code   RO         1754    .ARM.Collect$$libinit$$00000017  c_w.l(libinit2.o)
    0x0800020e   0x0800020e   0x00000000   Code   RO         1756    .ARM.Collect$$libinit$$00000019  c_w.l(libinit2.o)
    0x0800020e   0x0800020e   0x00000000   Code   RO         1758    .ARM.Collect$$libinit$$0000001B  c_w.l(libinit2.o)
    0x0800020e   0x0800020e   0x00000000   Code   RO         1760    .ARM.Collect$$libinit$$0000001D  c_w.l(libinit2.o)
    0x0800020e   0x0800020e   0x00000000   Code   RO         1762    .ARM.Collect$$libinit$$0000001F  c_w.l(libinit2.o)
    0x0800020e   0x0800020e   0x00000000   Code   RO         1764    .ARM.Collect$$libinit$$00000021  c_w.l(libinit2.o)
    0x0800020e   0x0800020e   0x00000000   Code   RO         1766    .ARM.Collect$$libinit$$00000023  c_w.l(libinit2.o)
    0x0800020e   0x0800020e   0x00000000   Code   RO         1768    .ARM.Collect$$libinit$$00000025  c_w.l(libinit2.o)
    0x0800020e   0x0800020e   0x00000000   Code   RO         1772    .ARM.Collect$$libinit$$0000002C  c_w.l(libinit2.o)
    0x0800020e   0x0800020e   0x00000000   Code   RO         1774    .ARM.Collect$$libinit$$0000002E  c_w.l(libinit2.o)
    0x0800020e   0x0800020e   0x00000000   Code   RO         1776    .ARM.Collect$$libinit$$00000030  c_w.l(libinit2.o)
    0x0800020e   0x0800020e   0x00000000   Code   RO         1778    .ARM.Collect$$libinit$$00000032  c_w.l(libinit2.o)
    0x0800020e   0x0800020e   0x00000002   Code   RO         1779    .ARM.Collect$$libinit$$00000033  c_w.l(libinit2.o)
    0x08000210   0x08000210   0x00000002   Code   RO         1812    .ARM.Collect$$libshutdown$$00000000  c_w.l(libshutdown.o)
    0x08000212   0x08000212   0x00000000   Code   RO         1823    .ARM.Collect$$libshutdown$$00000002  c_w.l(libshutdown2.o)
    0x08000212   0x08000212   0x00000000   Code   RO         1825    .ARM.Collect$$libshutdown$$00000004  c_w.l(libshutdown2.o)
    0x08000212   0x08000212   0x00000000   Code   RO         1828    .ARM.Collect$$libshutdown$$00000007  c_w.l(libshutdown2.o)
    0x08000212   0x08000212   0x00000000   Code   RO         1831    .ARM.Collect$$libshutdown$$0000000A  c_w.l(libshutdown2.o)
    0x08000212   0x08000212   0x00000000   Code   RO         1833    .ARM.Collect$$libshutdown$$0000000C  c_w.l(libshutdown2.o)
    0x08000212   0x08000212   0x00000000   Code   RO         1836    .ARM.Collect$$libshutdown$$0000000F  c_w.l(libshutdown2.o)
    0x08000212   0x08000212   0x00000002   Code   RO         1837    .ARM.Collect$$libshutdown$$00000010  c_w.l(libshutdown2.o)
    0x08000214   0x08000214   0x00000000   Code   RO         1564    .ARM.Collect$$rtentry$$00000000  c_w.l(__rtentry.o)
    0x08000214   0x08000214   0x00000000   Code   RO         1652    .ARM.Collect$$rtentry$$00000002  c_w.l(__rtentry2.o)
    0x08000214   0x08000214   0x00000006   Code   RO         1664    .ARM.Collect$$rtentry$$00000004  c_w.l(__rtentry4.o)
    0x0800021a   0x0800021a   0x00000000   Code   RO         1654    .ARM.Collect$$rtentry$$00000009  c_w.l(__rtentry2.o)
    0x0800021a   0x0800021a   0x00000004   Code   RO         1655    .ARM.Collect$$rtentry$$0000000A  c_w.l(__rtentry2.o)
    0x0800021e   0x0800021e   0x00000000   Code   RO         1657    .ARM.Collect$$rtentry$$0000000C  c_w.l(__rtentry2.o)
    0x0800021e   0x0800021e   0x00000008   Code   RO         1658    .ARM.Collect$$rtentry$$0000000D  c_w.l(__rtentry2.o)
    0x08000226   0x08000226   0x00000002   Code   RO         1780    .ARM.Collect$$rtexit$$00000000  c_w.l(rtexit.o)
    0x08000228   0x08000228   0x00000000   Code   RO         1790    .ARM.Collect$$rtexit$$00000002  c_w.l(rtexit2.o)
    0x08000228   0x08000228   0x00000004   Code   RO         1791    .ARM.Collect$$rtexit$$00000003  c_w.l(rtexit2.o)
    0x0800022c   0x0800022c   0x00000006   Code   RO         1792    .ARM.Collect$$rtexit$$00000004  c_w.l(rtexit2.o)
    0x08000232   0x08000232   0x00000002   PAD
    0x08000234   0x08000234   0x00000096   Code   RO          444    .emb_text           port.o
    0x080002ca   0x080002ca   0x00000002   PAD
    0x080002cc   0x080002cc   0x00000040   Code   RO            4  * .text               startup_stm32f10x_md.o
    0x0800030c   0x0800030c   0x00000034   Code   RO         1517    .text               c_w.l(vsnprintf.o)
    0x08000340   0x08000340   0x00000052   Code   RO         1525    .text               c_w.l(_printf_str.o)
    0x08000392   0x08000392   0x00000002   PAD
    0x08000394   0x08000394   0x00000188   Code   RO         1544    .text               c_w.l(__printf_flags_ss_wp.o)
    0x0800051c   0x0800051c   0x00000010   Code   RO         1552    .text               c_w.l(aeabi_memset.o)
    0x0800052c   0x0800052c   0x0000004e   Code   RO         1554    .text               c_w.l(rt_memclr_w.o)
    0x0800057a   0x0800057a   0x00000006   Code   RO         1556    .text               c_w.l(heapauxi.o)
    0x08000580   0x08000580   0x0000004e   Code   RO         1565    .text               c_w.l(_printf_pad.o)
    0x080005ce   0x080005ce   0x00000024   Code   RO         1567    .text               c_w.l(_printf_truncate.o)
    0x080005f2   0x080005f2   0x00000002   PAD
    0x080005f4   0x080005f4   0x00000078   Code   RO         1569    .text               c_w.l(_printf_dec.o)
    0x0800066c   0x0800066c   0x00000028   Code   RO         1571    .text               c_w.l(_printf_charcount.o)
    0x08000694   0x08000694   0x0000041e   Code   RO         1573    .text               c_w.l(_printf_fp_dec.o)
    0x08000ab2   0x08000ab2   0x00000002   PAD
    0x08000ab4   0x08000ab4   0x00000030   Code   RO         1575    .text               c_w.l(_printf_char_common.o)
    0x08000ae4   0x08000ae4   0x0000000a   Code   RO         1577    .text               c_w.l(_sputc.o)
    0x08000aee   0x08000aee   0x00000010   Code   RO         1579    .text               c_w.l(_snputc.o)
    0x08000afe   0x08000afe   0x0000002c   Code   RO         1581    .text               c_w.l(_printf_char.o)
    0x08000b2a   0x08000b2a   0x00000002   PAD
    0x08000b2c   0x08000b2c   0x000000bc   Code   RO         1583    .text               c_w.l(_printf_wctomb.o)
    0x08000be8   0x08000be8   0x0000007c   Code   RO         1586    .text               c_w.l(_printf_longlong_dec.o)
    0x08000c64   0x08000c64   0x00000070   Code   RO         1592    .text               c_w.l(_printf_oct_int_ll.o)
    0x08000cd4   0x08000cd4   0x00000094   Code   RO         1612    .text               c_w.l(_printf_hex_int_ll_ptr.o)
    0x08000d68   0x08000d68   0x00000044   Code   RO         1638    .text               c_w.l(rt_memclr.o)
    0x08000dac   0x08000dac   0x00000008   Code   RO         1669    .text               c_w.l(rt_locale_intlibspace.o)
    0x08000db4   0x08000db4   0x0000008a   Code   RO         1671    .text               c_w.l(lludiv10.o)
    0x08000e3e   0x08000e3e   0x000000b2   Code   RO         1673    .text               c_w.l(_printf_intcommon.o)
    0x08000ef0   0x08000ef0   0x000002fc   Code   RO         1675    .text               c_w.l(_printf_fp_hex.o)
    0x080011ec   0x080011ec   0x00000080   Code   RO         1678    .text               c_w.l(_printf_fp_infnan.o)
    0x0800126c   0x0800126c   0x0000002c   Code   RO         1682    .text               c_w.l(_printf_wchar.o)
    0x08001298   0x08001298   0x000000e4   Code   RO         1684    .text               c_w.l(bigflt0.o)
    0x0800137c   0x0800137c   0x00000040   Code   RO         1709    .text               c_w.l(_wcrtomb.o)
    0x080013bc   0x080013bc   0x00000008   Code   RO         1718    .text               c_w.l(libspace.o)
    0x080013c4   0x080013c4   0x0000004a   Code   RO         1721    .text               c_w.l(sys_stackheap_outer.o)
    0x0800140e   0x0800140e   0x00000002   PAD
    0x08001410   0x08001410   0x00000010   Code   RO         1723    .text               c_w.l(rt_ctype_table.o)
    0x08001420   0x08001420   0x00000012   Code   RO         1725    .text               c_w.l(exit.o)
    0x08001432   0x08001432   0x00000002   PAD
    0x08001434   0x08001434   0x00000080   Code   RO         1727    .text               c_w.l(strcmpv7m.o)
    0x080014b4   0x080014b4   0x0000000c   Code   RO         1802    .text               c_w.l(sys_exit.o)
    0x080014c0   0x080014c0   0x00000002   Code   RO         1813    .text               c_w.l(use_no_semi.o)
    0x080014c2   0x080014c2   0x00000000   Code   RO         1815    .text               c_w.l(indicate_semi.o)
    0x080014c2   0x080014c2   0x0000003e   Code   RO         1687    CL$$btod_d2e        c_w.l(btod.o)
    0x08001500   0x08001500   0x00000046   Code   RO         1689    CL$$btod_d2e_denorm_low  c_w.l(btod.o)
    0x08001546   0x08001546   0x00000060   Code   RO         1688    CL$$btod_d2e_norm_op1  c_w.l(btod.o)
    0x080015a6   0x080015a6   0x00000338   Code   RO         1697    CL$$btod_div_common  c_w.l(btod.o)
    0x080018de   0x080018de   0x000000dc   Code   RO         1694    CL$$btod_e2e        c_w.l(btod.o)
    0x080019ba   0x080019ba   0x0000002a   Code   RO         1691    CL$$btod_ediv       c_w.l(btod.o)
    0x080019e4   0x080019e4   0x0000002a   Code   RO         1690    CL$$btod_emul       c_w.l(btod.o)
    0x08001a0e   0x08001a0e   0x00000244   Code   RO         1696    CL$$btod_mult_common  c_w.l(btod.o)
    0x08001c52   0x08001c52   0x00000016   Code   RO           65    i.DelayMicro        main.o
    0x08001c68   0x08001c68   0x0000013c   Code   RO           66    i.DisplayHead       main.o
    0x08001da4   0x08001da4   0x00000134   Code   RO           67    i.DisplayResistorInfoPage  main.o
    0x08001ed8   0x08001ed8   0x0000007c   Code   RO           68    i.EXTI15_10_IRQHandler  main.o
    0x08001f54   0x08001f54   0x000000e0   Code   RO           69    i.EXTI9_5_IRQHandler  main.o
    0x08002034   0x08002034   0x00000334   Code   RO           70    i.GPIO_Init         main.o
    0x08002368   0x08002368   0x00000454   Code   RO           71    i.HandButtonsClicks  main.o
    0x080027bc   0x080027bc   0x00000034   Code   RO           73    i.IWDG_Init         main.o
    0x080027f0   0x080027f0   0x00000016   Code   RO           75    i.NVIC_EnableIRQ    main.o
    0x08002806   0x08002806   0x00000002   PAD
    0x08002808   0x08002808   0x000000b8   Code   RO           76    i.RCC_Init          main.o
    0x080028c0   0x080028c0   0x00000220   Code   RO         1493    i.ResetState        state.o
    0x08002ae0   0x08002ae0   0x000000fc   Code   RO           77    i.SPI1_Init         main.o
    0x08002bdc   0x08002bdc   0x00000034   Code   RO           78    i.SPI1_Write        main.o
    0x08002c10   0x08002c10   0x00000108   Code   RO           79    i.SPI2_Init         main.o
    0x08002d18   0x08002d18   0x0000000e   Code   RO         1318    i.SSD1306_AllPixRAM  ssd1306.o
    0x08002d26   0x08002d26   0x0000001c   Code   RO         1319    i.SSD1306_ChargePumpSetting  ssd1306.o
    0x08002d42   0x08002d42   0x0000000e   Code   RO         1320    i.SSD1306_DeactivateScroll  ssd1306.o
    0x08002d50   0x08002d50   0x00000020   Code   RO         1321    i.SSD1306_DisplayFullUpdate  ssd1306.o
    0x08002d70   0x08002d70   0x00000090   Code   RO           81    i.SSD1306_GPIO_init  main.o
    0x08002e00   0x08002e00   0x000000b4   Code   RO         1322    i.SSD1306_Init      ssd1306.o
    0x08002eb4   0x08002eb4   0x0000002e   Code   RO         1325    i.SSD1306_SetCOMPinsConfig  ssd1306.o
    0x08002ee2   0x08002ee2   0x0000001c   Code   RO         1326    i.SSD1306_SetCOMoutScanDirection  ssd1306.o
    0x08002efe   0x08002efe   0x00000022   Code   RO         1327    i.SSD1306_SetColumns  ssd1306.o
    0x08002f20   0x08002f20   0x0000000e   Code   RO         1328    i.SSD1306_SetContrast  ssd1306.o
    0x08002f2e   0x08002f2e   0x00000032   Code   RO         1329    i.SSD1306_SetDisplayClockDivider  ssd1306.o
    0x08002f60   0x08002f60   0x0000000e   Code   RO         1330    i.SSD1306_SetDisplayOffset  ssd1306.o
    0x08002f6e   0x08002f6e   0x00000016   Code   RO         1331    i.SSD1306_SetDisplayStartLine  ssd1306.o
    0x08002f84   0x08002f84   0x0000000e   Code   RO         1332    i.SSD1306_SetInverseOff  ssd1306.o
    0x08002f92   0x08002f92   0x0000001a   Code   RO         1334    i.SSD1306_SetMemAdressingMode  ssd1306.o
    0x08002fac   0x08002fac   0x00000022   Code   RO         1335    i.SSD1306_SetMultiplexRatio  ssd1306.o
    0x08002fce   0x08002fce   0x00000022   Code   RO         1336    i.SSD1306_SetPages  ssd1306.o
    0x08002ff0   0x08002ff0   0x0000003e   Code   RO         1337    i.SSD1306_SetPrechargePeriod  ssd1306.o
    0x0800302e   0x0800302e   0x0000001c   Code   RO         1338    i.SSD1306_SetSegmentRemap  ssd1306.o
    0x0800304a   0x0800304a   0x00000018   Code   RO         1339    i.SSD1306_SetVCOMHDeselectLevel  ssd1306.o
    0x08003062   0x08003062   0x0000000e   Code   RO         1340    i.SSD1306_Sleep     ssd1306.o
    0x08003070   0x08003070   0x0000000e   Code   RO         1341    i.SSD1306_Wake      ssd1306.o
    0x0800307e   0x0800307e   0x00000008   Code   RO           24    i.SetSysClock       system_stm32f10x.o
    0x08003086   0x08003086   0x00000002   PAD
    0x08003088   0x08003088   0x000000e0   Code   RO           25    i.SetSysClockTo72   system_stm32f10x.o
    0x08003168   0x08003168   0x00000034   Code   RO          445    i.SysTick_Handler   port.o
    0x0800319c   0x0800319c   0x00000060   Code   RO           27    i.SystemInit        system_stm32f10x.o
    0x080031fc   0x080031fc   0x00000014   Code   RO           84    i.TIM1_UP_IRQHandler  main.o
    0x08003210   0x08003210   0x00000278   Code   RO           85    i.TIM2_IRQHandler   main.o
    0x08003488   0x08003488   0x0000003c   Code   RO           86    i.TIM2_Init         main.o
    0x080034c4   0x080034c4   0x00000040   Code   RO           87    i.TIM3_IRQHandler   main.o
    0x08003504   0x08003504   0x00000050   Code   RO           88    i.TIM3_Init         main.o
    0x08003554   0x08003554   0x000002b8   Code   RO           89    i.TIM4_IRQHandler   main.o
    0x0800380c   0x0800380c   0x0000004c   Code   RO           90    i.TIM4_Init         main.o
    0x08003858   0x08003858   0x0000001c   Code   RO           91    i.USART3_IRQHandler  main.o
    0x08003874   0x08003874   0x00000094   Code   RO           92    i.USART3_Init       main.o
    0x08003908   0x08003908   0x00000472   Code   RO           93    i.UpdateScreen      main.o
    0x08003d7a   0x08003d7a   0x00000002   PAD
    0x08003d7c   0x08003d7c   0x00000040   Code   RO         1342    i.WriteCmd1306      ssd1306.o
    0x08003dbc   0x08003dbc   0x00000040   Code   RO         1343    i.WriteData1306     ssd1306.o
    0x08003dfc   0x08003dfc   0x00000028   Code   RO         1716    i.__ARM_fpclassify  m_ws.l(fpclassify.o)
    0x08003e24   0x08003e24   0x0000000e   Code   RO         1537    i._is_digit         c_w.l(__printf_wp.o)
    0x08003e32   0x08003e32   0x0000000c   Code   RO           94    i.delay             main.o
    0x08003e3e   0x08003e3e   0x00000012   Code   RO           95    i.delay_ms          main.o
    0x08003e50   0x08003e50   0x000000d8   Code   RO         1149    i.disp1color_DrawChar  disp1color.o
    0x08003f28   0x08003f28   0x000000a4   Code   RO         1150    i.disp1color_DrawLine  disp1color.o
    0x08003fcc   0x08003fcc   0x0000004c   Code   RO         1151    i.disp1color_DrawPixel  disp1color.o
    0x08004018   0x08004018   0x0000003c   Code   RO         1152    i.disp1color_DrawRectangle  disp1color.o
    0x08004054   0x08004054   0x0000006a   Code   RO         1153    i.disp1color_DrawString  disp1color.o
    0x080040be   0x080040be   0x00000002   PAD
    0x080040c0   0x080040c0   0x00000018   Code   RO         1154    i.disp1color_FillScreenbuff  disp1color.o
    0x080040d8   0x080040d8   0x00000014   Code   RO         1157    i.disp1color_UpdateFromBuff  disp1color.o
    0x080040ec   0x080040ec   0x00000036   Code   RO         1158    i.disp1color_printf  disp1color.o
    0x08004122   0x08004122   0x00000002   PAD
    0x08004124   0x08004124   0x0000002c   Code   RO         1263    i.f10x16f_GetCharTable  f10x16f.o
    0x08004150   0x08004150   0x0000002c   Code   RO         1237    i.f6x8m_GetCharTable  f6x8m.o
    0x0800417c   0x0800417c   0x00000008   Code   RO         1286    i.font_GetCharHeight  font.o
    0x08004184   0x08004184   0x00000006   Code   RO         1287    i.font_GetCharWidth  font.o
    0x0800418a   0x0800418a   0x00000002   PAD
    0x0800418c   0x0800418c   0x00000018   Code   RO         1288    i.font_GetFontStruct  font.o
    0x080041a4   0x080041a4   0x00000046   Code   RO           96    i.main              main.o
    0x080041ea   0x080041ea   0x00000002   PAD
    0x080041ec   0x080041ec   0x00000034   Code   RO          667    i.prvResetNextTaskUnblockTime  tasks.o
    0x08004220   0x08004220   0x00000028   Code   RO         1101    i.uxListRemove      list.o
    0x08004248   0x08004248   0x00000018   Code   RO         1105    i.vListInsertEnd    list.o
    0x08004260   0x08004260   0x00000078   Code   RO          690    i.vTaskSwitchContext  tasks.o
    0x080042d8   0x080042d8   0x00000118   Code   RO          699    i.xTaskIncrementTick  tasks.o
    0x080043f0   0x080043f0   0x0000002c   Code   RO         1712    locale$$code        c_w.l(lc_numeric_c.o)
    0x0800441c   0x0800441c   0x0000002c   Code   RO         1783    locale$$code        c_w.l(lc_ctype_c.o)
    0x08004448   0x08004448   0x0000000c   Code   RO         1640    x$fpl$dretinf       fz_ws.l(dretinf.o)
    0x08004454   0x08004454   0x00000056   Code   RO         1560    x$fpl$f2d           fz_ws.l(f2d.o)
    0x080044aa   0x080044aa   0x0000008c   Code   RO         1642    x$fpl$fnaninf       fz_ws.l(fnaninf.o)
    0x08004536   0x08004536   0x00000004   Code   RO         1562    x$fpl$printf1       fz_ws.l(printf1.o)
    0x0800453a   0x0800453a   0x00000004   Code   RO         1644    x$fpl$printf2       fz_ws.l(printf2.o)
    0x0800453e   0x0800453e   0x00000000   Code   RO         1650    x$fpl$usenofp       fz_ws.l(usenofp.o)
    0x0800453e   0x0800453e   0x00000a00   Data   RO         1239    .constdata          f6x8m.o
    0x08004f3e   0x08004f3e   0x00002200   Data   RO         1265    .constdata          f10x16f.o
    0x0800713e   0x0800713e   0x00000002   PAD
    0x08007140   0x08007140   0x00000008   Data   RO         1289    .constdata          font.o
    0x08007148   0x08007148   0x00000011   Data   RO         1545    .constdata          c_w.l(__printf_flags_ss_wp.o)
    0x08007159   0x08007159   0x00000003   PAD
    0x0800715c   0x0800715c   0x00000008   Data   RO         1584    .constdata          c_w.l(_printf_wctomb.o)
    0x08007164   0x08007164   0x00000028   Data   RO         1613    .constdata          c_w.l(_printf_hex_int_ll_ptr.o)
    0x0800718c   0x0800718c   0x00000026   Data   RO         1676    .constdata          c_w.l(_printf_fp_hex.o)
    0x080071b2   0x080071b2   0x00000002   PAD
    0x080071b4   0x080071b4   0x00000094   Data   RO         1685    .constdata          c_w.l(bigflt0.o)
    0x08007248   0x08007248   0x00000020   Data   RO         1862    Region$$Table       anon$$obj.o
    0x08007268   0x08007268   0x0000001c   Data   RO         1711    locale$$data        c_w.l(lc_numeric_c.o)
    0x08007284   0x08007284   0x00000110   Data   RO         1782    locale$$data        c_w.l(lc_ctype_c.o)


    Execution Region ER_RW (Exec base: 0x20000000, Load base: 0x08007394, Size: 0x0000003c, Max: 0xffffffff, ABSOLUTE)

    Exec Addr    Load Addr    Size         Type   Attr      Idx    E Section Name        Object

    0x20000000   0x08007394   0x0000003c   Data   RW          706    .data               tasks.o


    Execution Region ER_ZI (Exec base: 0x2000003c, Load base: 0x080073d0, Size: 0x00000c1c, Max: 0xffffffff, ABSOLUTE)

    Exec Addr    Load Addr    Size         Type   Attr      Idx    E Section Name        Object

    0x2000003c        -       0x000000c8   Zero   RW          705    .bss                tasks.o
    0x20000104        -       0x00000400   Zero   RW         1159    .bss                disp1color.o
    0x20000504        -       0x0000000a   Zero   RW         1238    .bss                f6x8m.o
    0x2000050e        -       0x00000022   Zero   RW         1264    .bss                f10x16f.o
    0x20000530        -       0x000000c8   Zero   RW         1494    .bss                state.o
    0x200005f8        -       0x00000060   Zero   RW         1719    .bss                c_w.l(libspace.o)
    0x20000658        -       0x00000200   Zero   RW            2    HEAP                startup_stm32f10x_md.o
    0x20000858        -       0x00000400   Zero   RW            1    STACK               startup_stm32f10x_md.o


==============================================================================

Image component sizes


      Code (inc. data)   RO Data    RW Data    ZI Data      Debug   Object Name

         0          0          0          0          0       4548   core_cm3.o
       720         16          0          0       1024       7524   disp1color.o
         0          0          0          0          0       2184   event_groups.o
        44         10       8704          0         34       1384   f10x16f.o
        44         10       2560          0         10       1356   f6x8m.o
        38          6          8          0          0       2397   font.o
         0          0          0          0          0       4656   heap_1.o
        64          0          0          0          0       1664   list.o
      6934        524          0          0          0      37378   main.o
       202         18          0          0          0       3246   port.o
       854         18          0          0          0      13093   ssd1306.o
        64         26        236          0       1536        848   startup_stm32f10x_md.o
       544         50          0          0        200       2881   state.o
       328         28          0          0          0     203801   system_stm32f10x.o
       452         76          0         60        200      13473   tasks.o

    ----------------------------------------------------------------------
     10304        782      11542         60       3004     300433   Object Totals
         0          0         32          0          0          0   (incl. Generated)
        16          0          2          0          0          0   (incl. Padding)

    ----------------------------------------------------------------------

      Code (inc. data)   RO Data    RW Data    ZI Data      Debug   Library Member Name

         8          0          0          0          0         68   __main.o
       392          4         17          0          0         92   __printf_flags_ss_wp.o
        14          0          0          0          0         68   __printf_wp.o
         0          0          0          0          0          0   __rtentry.o
        12          0          0          0          0          0   __rtentry2.o
         6          0          0          0          0          0   __rtentry4.o
        52          8          0          0          0          0   __scatter.o
        26          0          0          0          0          0   __scatter_copy.o
        28          0          0          0          0          0   __scatter_zi.o
         6          0          0          0          0          0   _printf_a.o
         6          0          0          0          0          0   _printf_c.o
        44          0          0          0          0        108   _printf_char.o
        48          6          0          0          0         96   _printf_char_common.o
        40          0          0          0          0         68   _printf_charcount.o
         6          0          0          0          0          0   _printf_d.o
       120         16          0          0          0         92   _printf_dec.o
         6          0          0          0          0          0   _printf_e.o
         6          0          0          0          0          0   _printf_f.o
      1054          0          0          0          0        216   _printf_fp_dec.o
       764          8         38          0          0        100   _printf_fp_hex.o
       128         16          0          0          0         84   _printf_fp_infnan.o
         6          0          0          0          0          0   _printf_g.o
       148          4         40          0          0        160   _printf_hex_int_ll_ptr.o
         6          0          0          0          0          0   _printf_i.o
       178          0          0          0          0         88   _printf_intcommon.o
        10          0          0          0          0          0   _printf_l.o
         6          0          0          0          0          0   _printf_lc.o
        10          0          0          0          0          0   _printf_ll.o
         6          0          0          0          0          0   _printf_lld.o
         6          0          0          0          0          0   _printf_lli.o
         6          0          0          0          0          0   _printf_llo.o
         6          0          0          0          0          0   _printf_llu.o
         6          0          0          0          0          0   _printf_llx.o
       124         16          0          0          0         92   _printf_longlong_dec.o
         6          0          0          0          0          0   _printf_ls.o
         6          0          0          0          0          0   _printf_n.o
         6          0          0          0          0          0   _printf_o.o
       112         10          0          0          0        124   _printf_oct_int_ll.o
         6          0          0          0          0          0   _printf_p.o
        78          0          0          0          0        108   _printf_pad.o
         0          0          0          0          0          0   _printf_percent.o
         4          0          0          0          0          0   _printf_percent_end.o
         6          0          0          0          0          0   _printf_s.o
        82          0          0          0          0         80   _printf_str.o
        36          0          0          0          0         84   _printf_truncate.o
         6          0          0          0          0          0   _printf_u.o
        44          0          0          0          0        108   _printf_wchar.o
       188          6          8          0          0         92   _printf_wctomb.o
         6          0          0          0          0          0   _printf_x.o
        16          0          0          0          0         68   _snputc.o
        10          0          0          0          0         68   _sputc.o
        64          0          0          0          0         92   _wcrtomb.o
        16          0          0          0          0         68   aeabi_memset.o
       228          4        148          0          0         96   bigflt0.o
      1936        128          0          0          0        672   btod.o
        18          0          0          0          0         80   exit.o
         6          0          0          0          0        152   heapauxi.o
         0          0          0          0          0          0   indicate_semi.o
        44         10        272          0          0         76   lc_ctype_c.o
        44         10         28          0          0         76   lc_numeric_c.o
         2          0          0          0          0          0   libinit.o
        30          0          0          0          0          0   libinit2.o
         2          0          0          0          0          0   libshutdown.o
         2          0          0          0          0          0   libshutdown2.o
         8          4          0          0         96         68   libspace.o
       138          0          0          0          0         80   lludiv10.o
        16          4          0          0          0         76   rt_ctype_table.o
         8          4          0          0          0         68   rt_locale_intlibspace.o
        68          0          0          0          0         68   rt_memclr.o
        78          0          0          0          0         80   rt_memclr_w.o
         2          0          0          0          0          0   rtexit.o
        10          0          0          0          0          0   rtexit2.o
       128          0          0          0          0         68   strcmpv7m.o
        12          4          0          0          0         68   sys_exit.o
        74          0          0          0          0         80   sys_stackheap_outer.o
         2          0          0          0          0         68   use_no_semi.o
        52          4          0          0          0         80   vsnprintf.o
        12          0          0          0          0         68   dretinf.o
        86          4          0          0          0         84   f2d.o
       140          4          0          0          0         84   fnaninf.o
         4          0          0          0          0         68   printf1.o
         4          0          0          0          0         68   printf2.o
         0          0          0          0          0          0   usenofp.o
        40          0          0          0          0         68   fpclassify.o

    ----------------------------------------------------------------------
      7186        274        556          0         96       4620   Library Totals
        16          0          5          0          0          0   (incl. Padding)

    ----------------------------------------------------------------------

      Code (inc. data)   RO Data    RW Data    ZI Data      Debug   Library Name

      6884        266        551          0         96       4180   c_w.l
       246          8          0          0          0        372   fz_ws.l
        40          0          0          0          0         68   m_ws.l

    ----------------------------------------------------------------------
      7186        274        556          0         96       4620   Library Totals

    ----------------------------------------------------------------------

==============================================================================


      Code (inc. data)   RO Data    RW Data    ZI Data      Debug   

     17490       1056      12098         60       3100     298757   Grand Totals
     17490       1056      12098         60       3100     298757   ELF Image Totals
     17490       1056      12098         60          0          0   ROM Totals

==============================================================================

    Total RO  Size (Code + RO Data)                29588 (  28.89kB)
    Total RW  Size (RW Data + ZI Data)              3160 (   3.09kB)
    Total ROM Size (Code + RO Data + RW Data)      29648 (  28.95kB)

==============================================================================

