Component: ARM Compiler 5.06 update 6 (build 750) Tool: armlink [4d35ed]

==============================================================================

Section Cross References

    startup_stm32f10x_md.o(STACK) refers (Special) to heapauxi.o(.text) for __use_two_region_memory
    startup_stm32f10x_md.o(HEAP) refers (Special) to heapauxi.o(.text) for __use_two_region_memory
    startup_stm32f10x_md.o(RESET) refers (Special) to heapauxi.o(.text) for __use_two_region_memory
    startup_stm32f10x_md.o(RESET) refers to startup_stm32f10x_md.o(STACK) for __initial_sp
    startup_stm32f10x_md.o(RESET) refers to startup_stm32f10x_md.o(.text) for Reset_Handler
    startup_stm32f10x_md.o(RESET) refers to port.o(.emb_text) for SVC_Handler
    startup_stm32f10x_md.o(RESET) refers to port.o(i.SysTick_Handler) for SysTick_Handler
    startup_stm32f10x_md.o(RESET) refers to main.o(i.EXTI9_5_IRQHandler) for EXTI9_5_IRQHandler
    startup_stm32f10x_md.o(RESET) refers to main.o(i.TIM1_UP_IRQHandler) for TIM1_UP_IRQHandler
    startup_stm32f10x_md.o(RESET) refers to main.o(i.TIM2_IRQHandler) for TIM2_IRQHandler
    startup_stm32f10x_md.o(RESET) refers to main.o(i.TIM3_IRQHandler) for TIM3_IRQHandler
    startup_stm32f10x_md.o(RESET) refers to main.o(i.TIM4_IRQHandler) for TIM4_IRQHandler
    startup_stm32f10x_md.o(RESET) refers to main.o(i.USART3_IRQHandler) for USART3_IRQHandler
    startup_stm32f10x_md.o(RESET) refers to main.o(i.EXTI15_10_IRQHandler) for EXTI15_10_IRQHandler
    startup_stm32f10x_md.o(.text) refers (Special) to heapauxi.o(.text) for __use_two_region_memory
    startup_stm32f10x_md.o(.text) refers to system_stm32f10x.o(i.SystemInit) for SystemInit
    startup_stm32f10x_md.o(.text) refers to __main.o(!!!main) for __main
    startup_stm32f10x_md.o(.text) refers to startup_stm32f10x_md.o(HEAP) for Heap_Mem
    startup_stm32f10x_md.o(.text) refers to startup_stm32f10x_md.o(STACK) for Stack_Mem
    system_stm32f10x.o(i.SetSysClock) refers to system_stm32f10x.o(i.SetSysClockTo72) for SetSysClockTo72
    system_stm32f10x.o(i.SystemCoreClockUpdate) refers to system_stm32f10x.o(.data) for SystemCoreClock
    system_stm32f10x.o(i.SystemInit) refers to system_stm32f10x.o(i.SetSysClock) for SetSysClock
    main.o(i.DelayMicro) refers to main.o(i.delay) for delay
    main.o(i.DisplayHead) refers to disp1color.o(i.disp1color_printf) for disp1color_printf
    main.o(i.DisplayHead) refers to f2d.o(x$fpl$f2d) for __aeabi_f2d
    main.o(i.DisplayHead) refers to disp1color.o(i.disp1color_DrawRectangle) for disp1color_DrawRectangle
    main.o(i.DisplayHead) refers to disp1color.o(i.disp1color_DrawLine) for disp1color_DrawLine
    main.o(i.DisplayHead) refers to state.o(.bss) for State
    main.o(i.DisplayHead) refers to main.o(.data) for Mode_Rectangle
    main.o(i.EXTI15_10_IRQHandler) refers to state.o(.bss) for State
    main.o(i.EXTI9_5_IRQHandler) refers to state.o(.bss) for State
    main.o(i.GPIO_Init) refers to main.o(i.NVIC_EnableIRQ) for NVIC_EnableIRQ
    main.o(i.SPI1_Write) refers to main.o(i.DelayMicro) for DelayMicro
    main.o(i.TIM1_Init) refers to main.o(i.NVIC_EnableIRQ) for NVIC_EnableIRQ
    main.o(i.TIM1_UP_IRQHandler) refers to main.o(.data) for LED_En
    main.o(i.TIM2_IRQHandler) refers to state.o(.bss) for State
    main.o(i.TIM2_Init) refers to main.o(i.NVIC_EnableIRQ) for NVIC_EnableIRQ
    main.o(i.TIM3_Init) refers to main.o(i.NVIC_EnableIRQ) for NVIC_EnableIRQ
    main.o(i.TIM4_IRQHandler) refers to main.o(.data) for LED_En
    main.o(i.TIM4_Init) refers to main.o(i.NVIC_EnableIRQ) for NVIC_EnableIRQ
    main.o(i.USART3_Init) refers to main.o(i.NVIC_EnableIRQ) for NVIC_EnableIRQ
    main.o(i.UpdateScreen) refers to disp1color.o(i.disp1color_FillScreenbuff) for disp1color_FillScreenbuff
    main.o(i.UpdateScreen) refers to main.o(i.DisplayHead) for DisplayHead
    main.o(i.UpdateScreen) refers to f2d.o(x$fpl$f2d) for __aeabi_f2d
    main.o(i.UpdateScreen) refers to disp1color.o(i.disp1color_printf) for disp1color_printf
    main.o(i.UpdateScreen) refers to disp1color.o(i.disp1color_DrawLine) for disp1color_DrawLine
    main.o(i.UpdateScreen) refers to disp1color.o(i.disp1color_UpdateFromBuff) for disp1color_UpdateFromBuff
    main.o(i.UpdateScreen) refers to state.o(.bss) for State
    main.o(i.UpdateScreen) refers to main.o(.data) for bt6
    main.o(i.UpdateScreen) refers to main.o(.conststring) for .conststring
    main.o(i.delay_ms) refers to main.o(i.DelayMicro) for DelayMicro
    main.o(i.main) refers to main.o(i.RCC_Init) for RCC_Init
    main.o(i.main) refers to main.o(i.GPIO_Init) for GPIO_Init
    main.o(i.main) refers to main.o(i.SPI1_Init) for SPI1_Init
    main.o(i.main) refers to main.o(i.SPI2_Init) for SPI2_Init
    main.o(i.main) refers to ssd1306.o(i.SSD1306_Init) for SSD1306_Init
    main.o(i.main) refers to main.o(i.USART3_Init) for USART3_Init
    main.o(i.main) refers to main.o(i.TIM2_Init) for TIM2_Init
    main.o(i.main) refers to state.o(i.ResetState) for ResetState
[...]
    .ARM.Collect$$libinit$$00000004          0x080001f2   Section        0  libinit2.o(.ARM.Collect$$libinit$$00000004)
    .ARM.Collect$$libinit$$0000000A          0x080001f2   Section        0  libinit2.o(.ARM.Collect$$libinit$$0000000A)
    .ARM.Collect$$libinit$$0000000C          0x080001f2   Section        0  libinit2.o(.ARM.Collect$$libinit$$0000000C)
    .ARM.Collect$$libinit$$0000000E          0x080001f2   Section        0  libinit2.o(.ARM.Collect$$libinit$$0000000E)
    .ARM.Collect$$libinit$$0000000F          0x080001f2   Section        6  libinit2.o(.ARM.Collect$$libinit$$0000000F)
    .ARM.Collect$$libinit$$00000011          0x080001f8   Section        0  libinit2.o(.ARM.Collect$$libinit$$00000011)
    .ARM.Collect$$libinit$$00000012          0x080001f8   Section       12  libinit2.o(.ARM.Collect$$libinit$$00000012)
    .ARM.Collect$$libinit$$00000013          0x08000204   Section        0  libinit2.o(.ARM.Collect$$libinit$$00000013)
    .ARM.Collect$$libinit$$00000015          0x08000204   Section        0  libinit2.o(.ARM.Collect$$libinit$$00000015)
    .ARM.Collect$$libinit$$00000016          0x08000204   Section       10  libinit2.o(.ARM.Collect$$libinit$$00000016)
    .ARM.Collect$$libinit$$00000017          0x0800020e   Section        0  libinit2.o(.ARM.Collect$$libinit$$00000017)
    .ARM.Collect$$libinit$$00000019          0x0800020e   Section        0  libinit2.o(.ARM.Collect$$libinit$$00000019)
    .ARM.Collect$$libinit$$0000001B          0x0800020e   Section        0  libinit2.o(.ARM.Collect$$libinit$$0000001B)
    .ARM.Collect$$libinit$$0000001D          0x0800020e   Section        0  libinit2.o(.ARM.Collect$$libinit$$0000001D)
    .ARM.Collect$$libinit$$0000001F          0x0800020e   Section        0  libinit2.o(.ARM.Collect$$libinit$$0000001F)
    .ARM.Collect$$libinit$$00000021          0x0800020e   Section        0  libinit2.o(.ARM.Collect$$libinit$$00000021)
    .ARM.Collect$$libinit$$00000023          0x0800020e   Section        0  libinit2.o(.ARM.Collect$$libinit$$00000023)
    .ARM.Collect$$libinit$$00000025          0x0800020e   Section        0  libinit2.o(.ARM.Collect$$libinit$$00000025)
    .ARM.Collect$$libinit$$0000002C          0x0800020e   Section        0  libinit2.o(.ARM.Collect$$libinit$$0000002C)
    .ARM.Collect$$libinit$$0000002E          0x0800020e   Section        0  libinit2.o(.ARM.Collect$$libinit$$0000002E)
    .ARM.Collect$$libinit$$00000030          0x0800020e   Section        0  libinit2.o(.ARM.Collect$$libinit$$00000030)
    .ARM.Collect$$libinit$$00000032          0x0800020e   Section        0  libinit2.o(.ARM.Collect$$libinit$$00000032)
    .ARM.Collect$$libinit$$00000033          0x0800020e   Section        2  libinit2.o(.ARM.Collect$$libinit$$00000033)
    .ARM.Collect$$libshutdown$$00000000      0x08000210   Section        2  libshutdown.o(.ARM.Collect$$libshutdown$$00000000)
    .ARM.Collect$$libshutdown$$00000002      0x08000212   Section        0  libshutdown2.o(.ARM.Collect$$libshutdown$$00000002)
    .ARM.Collect$$libshutdown$$00000004      0x08000212   Section        0  libshutdown2.o(.ARM.Collect$$libshutdown$$00000004)
    .ARM.Collect$$libshutdown$$00000007      0x08000212   Section        0  libshutdown2.o(.ARM.Collect$$libshutdown$$00000007)
    .ARM.Collect$$libshutdown$$0000000A      0x08000212   Section        0  libshutdown2.o(.ARM.Collect$$libshutdown$$0000000A)
    .ARM.Collect$$libshutdown$$0000000C      0x08000212   Section        0  libshutdown2.o(.ARM.Collect$$libshutdown$$0000000C)
    .ARM.Collect$$libshutdown$$0000000F      0x08000212   Section        0  libshutdown2.o(.ARM.Collect$$libshutdown$$0000000F)
    .ARM.Collect$$libshutdown$$00000010      0x08000212   Section        2  libshutdown2.o(.ARM.Collect$$libshutdown$$00000010)
    .ARM.Collect$$rtentry$$00000000          0x08000214   Section        0  __rtentry.o(.ARM.Collect$$rtentry$$00000000)
    .ARM.Collect$$rtentry$$00000002          0x08000214   Section        0  __rtentry2.o(.ARM.Collect$$rtentry$$00000002)
    .ARM.Collect$$rtentry$$00000004          0x08000214   Section        6  __rtentry4.o(.ARM.Collect$$rtentry$$00000004)
    .ARM.Collect$$rtentry$$00000009          0x0800021a   Section        0  __rtentry2.o(.ARM.Collect$$rtentry$$00000009)
    .ARM.Collect$$rtentry$$0000000A          0x0800021a   Section        4  __rtentry2.o(.ARM.Collect$$rtentry$$0000000A)
    .ARM.Collect$$rtentry$$0000000C          0x0800021e   Section        0  __rtentry2.o(.ARM.Collect$$rtentry$$0000000C)
    .ARM.Collect$$rtentry$$0000000D          0x0800021e   Section        8  __rtentry2.o(.ARM.Collect$$rtentry$$0000000D)
    .ARM.Collect$$rtexit$$00000000           0x08000226   Section        2  rtexit.o(.ARM.Collect$$rtexit$$00000000)
    .ARM.Collect$$rtexit$$00000002           0x08000228   Section        0  rtexit2.o(.ARM.Collect$$rtexit$$00000002)
    .ARM.Collect$$rtexit$$00000003           0x08000228   Section        4  rtexit2.o(.ARM.Collect$$rtexit$$00000003)
    .ARM.Collect$$rtexit$$00000004           0x0800022c   Section        6  rtexit2.o(.ARM.Collect$$rtexit$$00000004)
    .emb_text                                0x08000234   Section      150  port.o(.emb_text)
    .text                                    0x080002cc   Section       64  startup_stm32f10x_md.o(.text)
    .text                                    0x0800030c   Section        0  vsnprintf.o(.text)
    .text                                    0x08000340   Section       16  aeabi_memset.o(.text)
    .text                                    0x08000350   Section       78  rt_memclr_w.o(.text)
    .text                                    0x0800039e   Section        0  heapauxi.o(.text)
    .text                                    0x080003a4   Section        0  _printf_pad.o(.text)
    .text                                    0x080003f2   Section        0  _printf_truncate.o(.text)
    .text                                    0x08000416   Section        0  _printf_str.o(.text)
    .text                                    0x08000468   Section        0  _printf_dec.o(.text)
    .text                                    0x080004e0   Section        0  _printf_charcount.o(.text)
    .text                                    0x08000508   Section        0  _printf_char_common.o(.text)
    _printf_input_char                       0x08000509   Thumb Code    10  _printf_char_common.o(.text)
    .text                                    0x08000538   Section        0  _sputc.o(.text)
    .text                                    0x08000542   Section        0  _snputc.o(.text)
    .text                                    0x08000554   Section        0  _printf_wctomb.o(.text)
    .text                                    0x08000610   Section        0  _printf_longlong_dec.o(.text)
    .text                                    0x0800068c   Section        0  _printf_oct_int_ll.o(.text)
    _printf_longlong_oct_internal            0x0800068d   Thumb Code     0  _printf_oct_int_ll.o(.text)
    .text                                    0x080006fc   Section        0  _printf_hex_int_ll_ptr.o(.text)
    _printf_hex_common                       0x080006fd   Thumb Code     0  _printf_hex_int_ll_ptr.o(.text)
    .text                                    0x08000790   Section        0  __printf_flags_ss_wp.o(.text)
    .text                                    0x08000918   Section       68  rt_memclr.o(.text)
    .text                                    0x0800095c   Section      138  lludiv10.o(.text)
    .text                                    0x080009e6   Section        0  _printf_intcommon.o(.text)
    .text                                    0x08000a98   Section        0  _printf_fp_dec.o(.text)
    _fp_digits                               0x08000a9b   Thumb Code   432  _printf_fp_dec.o(.text)
    .text                                    0x08000eb8   Section        0  _printf_fp_hex.o(.text)
    .text                                    0x080011b4   Section        0  _printf_char.o(.text)
    .text                                    0x080011e0   Section        0  _printf_wchar.o(.text)
    .text                                    0x0800120c   Section        0  _wcrtomb.o(.text)
    .text                                    0x0800124c   Section       74  sys_stackheap_outer.o(.text)
    .text                                    0x08001298   Section       16  rt_ctype_table.o(.text)
    .text                                    0x080012a8   Section        8  rt_locale_intlibspace.o(.text)
    .text                                    0x080012b0   Section        0  _printf_fp_infnan.o(.text)
    .text                                    0x08001330   Section        0  bigflt0.o(.text)
    .text                                    0x08001414   Section        0  exit.o(.text)
    .text                                    0x08001428   Section        8  libspace.o(.text)
    .text                                    0x08001430   Section      128  strcmpv7m.o(.text)
    .text                                    0x080014b0   Section        0  sys_exit.o(.text)
    .text                                    0x080014bc   Section        2  use_no_semi.o(.text)
    .text                                    0x080014be   Section        0  indicate_semi.o(.text)
    CL$$btod_d2e                             0x080014be   Section       62  btod.o(CL$$btod_d2e)
    CL$$btod_d2e_denorm_low                  0x080014fc   Section       70  btod.o(CL$$btod_d2e_denorm_low)
    CL$$btod_d2e_norm_op1                    0x08001542   Section       96  btod.o(CL$$btod_d2e_norm_op1)
    CL$$btod_div_common                      0x080015a2   Section      824  btod.o(CL$$btod_div_common)
    CL$$btod_e2e                             0x080018da   Section      220  btod.o(CL$$btod_e2e)
    CL$$btod_ediv                            0x080019b6   Section       42  btod.o(CL$$btod_ediv)
    CL$$btod_emul                            0x080019e0   Section       42  btod.o(CL$$btod_emul)
    CL$$btod_mult_common                     0x08001a0a   Section      580  btod.o(CL$$btod_mult_common)
    i.DelayMicro                             0x08001c4e   Section        0  main.o(i.DelayMicro)
    i.DisplayHead                            0x08001c64   Section        0  main.o(i.DisplayHead)
    i.EXTI15_10_IRQHandler                   0x08001da0   Section        0  main.o(i.EXTI15_10_IRQHandler)
    i.EXTI9_5_IRQHandler                     0x08001e04   Section        0  main.o(i.EXTI9_5_IRQHandler)
    i.GPIO_Init                              0x08001eb4   Section        0  main.o(i.GPIO_Init)
    i.NVIC_EnableIRQ                         0x080021e8   Section        0  main.o(i.NVIC_EnableIRQ)
    NVIC_EnableIRQ                           0x080021e9   Thumb Code    22  main.o(i.NVIC_EnableIRQ)
    i.RCC_Init                               0x08002200   Section        0  main.o(i.RCC_Init)
    i.ResetState                             0x080022b8   Section        0  state.o(i.ResetState)
    i.SPI1_Init                              0x080023a0   Section        0  main.o(i.SPI1_Init)
    i.SPI1_Write                             0x0800249c   Section        0  main.o(i.SPI1_Write)
    i.SPI2_Init                              0x080024d0   Section        0  main.o(i.SPI2_Init)
    i.SSD1306_AllPixRAM                      0x080025cc   Section        0  ssd1306.o(i.SSD1306_AllPixRAM)
    i.SSD1306_ChargePumpSetting              0x080025da   Section        0  ssd1306.o(i.SSD1306_ChargePumpSetting)
    i.SSD1306_DeactivateScroll               0x080025f6   Section        0  ssd1306.o(i.SSD1306_DeactivateScroll)
    i.SSD1306_DisplayFullUpdate              0x08002604   Section        0  ssd1306.o(i.SSD1306_DisplayFullUpdate)
    i.SSD1306_GPIO_init                      0x08002624   Section        0  main.o(i.SSD1306_GPIO_init)
    i.SSD1306_Init                           0x080026b4   Section        0  ssd1306.o(i.SSD1306_Init)
    i.SSD1306_SetCOMPinsConfig               0x08002754   Section        0  ssd1306.o(i.SSD1306_SetCOMPinsConfig)
    i.SSD1306_SetCOMoutScanDirection         0x08002782   Section        0  ssd1306.o(i.SSD1306_SetCOMoutScanDirection)
    i.SSD1306_SetColumns                     0x0800279e   Section        0  ssd1306.o(i.SSD1306_SetColumns)
    i.SSD1306_SetContrast                    0x080027c0   Section        0  ssd1306.o(i.SSD1306_SetContrast)
    i.SSD1306_SetDisplayClockDivider         0x080027ce   Section        0  ssd1306.o(i.SSD1306_SetDisplayClockDivider)
    i.SSD1306_SetDisplayOffset               0x08002800   Section        0  ssd1306.o(i.SSD1306_SetDisplayOffset)
    i.SSD1306_SetDisplayStartLine            0x0800280e   Section        0  ssd1306.o(i.SSD1306_SetDisplayStartLine)
    i.SSD1306_SetInverseOff                  0x08002824   Section        0  ssd1306.o(i.SSD1306_SetInverseOff)
    i.SSD1306_SetMemAdressingMode            0x08002832   Section        0  ssd1306.o(i.SSD1306_SetMemAdressingMode)
    i.SSD1306_SetMultiplexRatio              0x0800284c   Section        0  ssd1306.o(i.SSD1306_SetMultiplexRatio)
    i.SSD1306_SetPages                       0x0800286e   Section        0  ssd1306.o(i.SSD1306_SetPages)
    i.SSD1306_SetPrechargePeriod             0x08002890   Section        0  ssd1306.o(i.SSD1306_SetPrechargePeriod)
    i.SSD1306_SetSegmentRemap                0x080028ce   Section        0  ssd1306.o(i.SSD1306_SetSegmentRemap)
    i.SSD1306_SetVCOMHDeselectLevel          0x080028ea   Section        0  ssd1306.o(i.SSD1306_SetVCOMHDeselectLevel)
    i.SSD1306_Sleep                          0x08002902   Section        0  ssd1306.o(i.SSD1306_Sleep)
    i.SSD1306_Wake                           0x08002910   Section        0  ssd1306.o(i.SSD1306_Wake)
    i.SetSysClock                            0x0800291e   Section        0  system_stm32f10x.o(i.SetSysClock)
    SetSysClock                              0x0800291f   Thumb Code     8  system_stm32f10x.o(i.SetSysClock)
    i.SetSysClockTo72                        0x08002928   Section        0  system_stm32f10x.o(i.SetSysClockTo72)
    SetSysClockTo72                          0x08002929   Thumb Code   214  system_stm32f10x.o(i.SetSysClockTo72)
    i.SysTick_Handler                        0x08002a08   Section        0  port.o(i.SysTick_Handler)
    i.SystemInit                             0x08002a3c   Section        0  system_stm32f10x.o(i.SystemInit)
    i.TIM1_UP_IRQHandler                     0x08002a9c   Section        0  main.o(i.TIM1_UP_IRQHandler)
    i.TIM2_IRQHandler                        0x08002ac0   Section        0  main.o(i.TIM2_IRQHandler)
    i.TIM2_Init                              0x08002c78   Section        0  main.o(i.TIM2_Init)
    i.TIM3_IRQHandler                        0x08002cb4   Section        0  main.o(i.TIM3_IRQHandler)
    i.TIM4_IRQHandler                        0x08002ce0   Section        0  main.o(i.TIM4_IRQHandler)
    i.USART3_IRQHandler                      0x08002d28   Section        0  main.o(i.USART3_IRQHandler)
    i.USART3_Init                            0x08002d44   Section        0  main.o(i.USART3_Init)
    i.UpdateScreen                           0x08002dd8   Section        0  main.o(i.UpdateScreen)
    i.WriteCmd1306                           0x08003150   Section        0  ssd1306.o(i.WriteCmd1306)
    i.WriteData1306                          0x08003190   Section        0  ssd1306.o(i.WriteData1306)
    i.__ARM_fpclassify                       0x080031d0   Section        0  fpclassify.o(i.__ARM_fpclassify)
    i._is_digit                              0x080031f8   Section        0  __printf_wp.o(i._is_digit)
    i.delay                                  0x08003206   Section        0  main.o(i.delay)
    i.delay_ms                               0x08003212   Section        0  main.o(i.delay_ms)
    i.disp1color_DrawChar                    0x08003224   Section        0  disp1color.o(i.disp1color_DrawChar)
    i.disp1color_DrawLine                    0x080032fc   Section        0  disp1color.o(i.disp1color_DrawLine)
    i.disp1color_DrawPixel                   0x080033a0   Section        0  disp1color.o(i.disp1color_DrawPixel)
    i.disp1color_DrawRectangle               0x080033ec   Section        0  disp1color.o(i.disp1color_DrawRectangle)
    i.disp1color_DrawString                  0x08003428   Section        0  disp1color.o(i.disp1color_DrawString)
    i.disp1color_FillScreenbuff              0x08003494   Section        0  disp1color.o(i.disp1color_FillScreenbuff)
    i.disp1color_UpdateFromBuff              0x080034ac   Section        0  disp1color.o(i.disp1color_UpdateFromBuff)
    i.disp1color_printf                      0x080034c0   Section        0  disp1color.o(i.disp1color_printf)
    i.f10x16f_GetCharTable                   0x080034f8   Section        0  f10x16f.o(i.f10x16f_GetCharTable)
    i.f6x8m_GetCharTable                     0x08003524   Section        0  f6x8m.o(i.f6x8m_GetCharTable)
    i.font_GetCharHeight                     0x08003550   Section        0  font.o(i.font_GetCharHeight)
    i.font_GetCharWidth                      0x08003558   Section        0  font.o(i.font_GetCharWidth)
    i.font_GetFontStruct                     0x08003560   Section        0  font.o(i.font_GetFontStruct)
    i.main                                   0x08003578   Section        0  main.o(i.main)
    i.prvResetNextTaskUnblockTime            0x080037a4   Section        0  tasks.o(i.prvResetNextTaskUnblockTime)
    prvResetNextTaskUnblockTime              0x080037a5   Thumb Code    42  tasks.o(i.prvResetNextTaskUnblockTime)
    i.uxListRemove                           0x080037d8   Section        0  list.o(i.uxListRemove)
    i.vListInsertEnd                         0x08003800   Section        0  list.o(i.vListInsertEnd)
    i.vTaskSwitchContext                     0x08003818   Section        0  tasks.o(i.vTaskSwitchContext)
    i.xTaskIncrementTick                     0x08003890   Section        0  tasks.o(i.xTaskIncrementTick)
    locale$$code                             0x080039a8   Section       44  lc_numeric_c.o(locale$$code)
    locale$$code                             0x080039d4   Section       44  lc_ctype_c.o(locale$$code)
    x$fpl$dretinf                            0x08003a00   Section       12  dretinf.o(x$fpl$dretinf)
    x$fpl$f2d                                0x08003a0c   Section       86  f2d.o(x$fpl$f2d)
    x$fpl$fnaninf                            0x08003a62   Section      140  fnaninf.o(x$fpl$fnaninf)
    x$fpl$printf1                            0x08003aee   Section        4  printf1.o(x$fpl$printf1)
    x$fpl$printf2                            0x08003af2   Section        4  printf2.o(x$fpl$printf2)
    .constdata                               0x08003af6   Section     2560  f6x8m.o(.constdata)
    x$fpl$usenofp                            0x08003af6   Section        0  usenofp.o(x$fpl$usenofp)
    .constdata                               0x080044f6   Section     8704  f10x16f.o(.constdata)
    .constdata                               0x080066f8   Section        8  font.o(.constdata)
    .constdata                               0x08006700   Section        8  _printf_wctomb.o(.constdata)
    initial_mbstate                          0x08006700   Data           8  _printf_wctomb.o(.constdata)
    .constdata                               0x08006708   Section       40  _printf_hex_int_ll_ptr.o(.constdata)
    uc_hextab                                0x08006708   Data          20  _printf_hex_int_ll_ptr.o(.constdata)
    lc_hextab                                0x0800671c   Data          20  _printf_hex_int_ll_ptr.o(.constdata)
    .constdata                               0x08006730   Section       17  __printf_flags_ss_wp.o(.constdata)
    maptable                                 0x08006730   Data          17  __printf_flags_ss_wp.o(.constdata)
    .constdata                               0x08006741   Section       38  _printf_fp_hex.o(.constdata)
    lc_hextab                                0x08006741   Data          19  _printf_fp_hex.o(.constdata)
    uc_hextab                                0x08006754   Data          19  _printf_fp_hex.o(.constdata)
    .constdata                               0x08006768   Section      148  bigflt0.o(.constdata)
    tenpwrs_x                                0x08006768   Data          60  bigflt0.o(.constdata)
    tenpwrs_i                                0x080067a4   Data          64  bigflt0.o(.constdata)
    .conststring                             0x080067fc   Section      134  main.o(.conststring)
    locale$$data                             0x080068a4   Section       28  lc_numeric_c.o(locale$$data)
    __lcnum_c_name                           0x080068a8   Data           2  lc_numeric_c.o(locale$$data)
    __lcnum_c_start                          0x080068b0   Data           0  lc_numeric_c.o(locale$$data)
    __lcnum_c_point                          0x080068bc   Data           0  lc_numeric_c.o(locale$$data)
    __lcnum_c_thousands                      0x080068be   Data           0  lc_numeric_c.o(locale$$data)
    __lcnum_c_grouping                       0x080068bf   Data           0  lc_numeric_c.o(locale$$data)
    locale$$data                             0x080068c0   Section      272  lc_ctype_c.o(locale$$data)
    __lcnum_c_end                            0x080068c0   Data           0  lc_numeric_c.o(locale$$data)
    __lcctype_c_name                         0x080068c4   Data           2  lc_ctype_c.o(locale$$data)
    __lcctype_c_start                        0x080068cc   Data           0  lc_ctype_c.o(locale$$data)
    __lcctype_c_end                          0x080069d0   Data           0  lc_ctype_c.o(locale$$data)
    .data                                    0x20000000   Section       28  main.o(.data)
    .data                                    0x2000001c   Section       60  tasks.o(.data)
    pxDelayedTaskList                        0x20000020   Data           4  tasks.o(.data)
    pxOverflowDelayedTaskList                0x20000024   Data           4  tasks.o(.data)
    uxDeletedTasksWaitingCleanUp             0x20000028   Data           4  tasks.o(.data)
    uxCurrentNumberOfTasks                   0x2000002c   Data           4  tasks.o(.data)
    xTickCount                               0x20000030   Data           4  tasks.o(.data)
    uxTopReadyPriority                       0x20000034   Data           4  tasks.o(.data)
    xSchedulerRunning                        0x20000038   Data           4  tasks.o(.data)
    uxPendedTicks                            0x2000003c   Data           4  tasks.o(.data)
    xYieldPending                            0x20000040   Data           4  tasks.o(.data)
    xNumOfOverflows                          0x20000044   Data           4  tasks.o(.data)
    uxTaskNumber                             0x20000048   Data           4  tasks.o(.data)
    xNextTaskUnblockTime                     0x2000004c   Data           4  tasks.o(.data)
    xIdleTaskHandle                          0x20000050   Data           4  tasks.o(.data)
    uxSchedulerSuspended                     0x20000054   Data           4  tasks.o(.data)
    .bss                                     0x20000058   Section      200  tasks.o(.bss)
    pxReadyTasksLists                        0x20000058   Data         100  tasks.o(.bss)
    xDelayedTaskList1                        0x200000bc   Data          20  tasks.o(.bss)
    xDelayedTaskList2                        0x200000d0   Data          20  tasks.o(.bss)
    xPendingReadyList                        0x200000e4   Data          20  tasks.o(.bss)
    xTasksWaitingTermination                 0x200000f8   Data          20  tasks.o(.bss)
    xSuspendedTaskList                       0x2000010c   Data          20  tasks.o(.bss)
    .bss                                     0x20000120   Section     1024  disp1color.o(.bss)
    .bss                                     0x20000520   Section       10  f6x8m.o(.bss)
    .bss                                     0x2000052a   Section       34  f10x16f.o(.bss)
    .bss                                     0x2000054c   Section       52  state.o(.bss)
    .bss                                     0x20000580   Section       96  libspace.o(.bss)
    HEAP                                     0x200005e0   Section      512  startup_stm32f10x_md.o(HEAP)
    Heap_Mem                                 0x200005e0   Data         512  startup_stm32f10x_md.o(HEAP)
    STACK                                    0x200007e0   Section     1024  startup_stm32f10x_md.o(STACK)
    Stack_Mem                                0x200007e0   Data        1024  startup_stm32f10x_md.o(STACK)
    __initial_sp                             0x20000be0   Data           0  startup_stm32f10x_md.o(STACK)

    Global Symbols

    Symbol Name                              Value     Ov Type        Size  Object(Section)

    BuildAttributes$$THM_ISAv4$P$D$K$B$S$PE$A:L22UL41UL21$X:L11$S22US41US21$IEEE1$IW$USESV6$~STKCKD$USESV7$~SHL$OTIME$ROPI$IEEEJ$EBA8$UX$STANDARDLIB$REQ8$PRES8$EABIv2 0x00000000   Number         0  anon$$obj.o ABSOLUTE
    __ARM_use_no_argv                        0x00000000   Number         0  main.o ABSOLUTE
    _printf_flags                            0x00000000   Number         0  printf_stubs.o ABSOLUTE
    _printf_return_value                     0x00000000   Number         0  printf_stubs.o ABSOLUTE
    _printf_sizespec                         0x00000000   Number         0  printf_stubs.o ABSOLUTE
    _printf_widthprec                        0x00000000   Number         0  printf_stubs.o ABSOLUTE
    __ARM_exceptions_init                     - Undefined Weak Reference
    __alloca_initialize                       - Undefined Weak Reference
    __arm_preinit_                            - Undefined Weak Reference
    __cpp_initialize__aeabi_                  - Undefined Weak Reference
    __cxa_finalize                            - Undefined Weak Reference
    __sigvec_lookup                           - Undefined Weak Reference
    _atexit_init                              - Undefined Weak Reference
    _call_atexit_fns                          - Undefined Weak Reference
    _clock_init                               - Undefined Weak Reference
    _fp_trap_init                             - Undefined Weak Reference
    _fp_trap_shutdown                         - Undefined Weak Reference
    _get_lc_collate                           - Undefined Weak Reference
    _get_lc_monetary                          - Undefined Weak Reference
    _get_lc_time                              - Undefined Weak Reference
    _getenv_init                              - Undefined Weak Reference
    _handle_redirection                       - Undefined Weak Reference
    _init_alloc                               - Undefined Weak Reference
    _init_user_alloc                          - Undefined Weak Reference
    _initio                                   - Undefined Weak Reference
    _printf_mbtowc                            - Undefined Weak Reference
    _printf_wc                                - Undefined Weak Reference
    _rand_init                                - Undefined Weak Reference
    _signal_finish                            - Undefined Weak Reference
    _signal_init                              - Undefined Weak Reference
    _terminate_alloc                          - Undefined Weak Reference
    _terminate_user_alloc                     - Undefined Weak Reference
    _terminateio                              - Undefined Weak Reference
    __Vectors_Size                           0x000000ec   Number         0  startup_stm32f10x_md.o ABSOLUTE
    __Vectors                                0x08000000   Data           4  startup_stm32f10x_md.o(RESET)
    __Vectors_End                            0x080000ec   Data           0  startup_stm32f10x_md.o(RESET)
    __main                                   0x080000ed   Thumb Code     8  __main.o(!!!main)
    __scatterload                            0x080000f5   Thumb Code     0  __scatter.o(!!!scatter)
    __scatterload_rt2                        0x080000f5   Thumb Code    44  __scatter.o(!!!scatter)
    __scatterload_rt2_thumb_only             0x080000f5   Thumb Code     0  __scatter.o(!!!scatter)
    __scatterload_null                       0x08000103   Thumb Code     0  __scatter.o(!!!scatter)
    __scatterload_copy                       0x08000129   Thumb Code    26  __scatter_copy.o(!!handler_copy)
    __scatterload_zeroinit                   0x08000145   Thumb Code    28  __scatter_zi.o(!!handler_zi)
    _printf_n                                0x08000161   Thumb Code     0  _printf_n.o(.ARM.Collect$$_printf_percent$$00000001)
    _printf_percent                          0x08000161   Thumb Code     0  _printf_percent.o(.ARM.Collect$$_printf_percent$$00000000)
    _printf_p                                0x08000167   Thumb Code     0  _printf_p.o(.ARM.Collect$$_printf_percent$$00000002)
    _printf_f                                0x0800016d   Thumb Code     0  _printf_f.o(.ARM.Collect$$_printf_percent$$00000003)
    _printf_e                                0x08000173   Thumb Code     0  _printf_e.o(.ARM.Collect$$_printf_percent$$00000004)
    _printf_g                                0x08000179   Thumb Code     0  _printf_g.o(.ARM.Collect$$_printf_percent$$00000005)
    _printf_a                                0x0800017f   Thumb Code     0  _printf_a.o(.ARM.Collect$$_printf_percent$$00000006)
    _printf_ll                               0x08000185   Thumb Code     0  _printf_ll.o(.ARM.Collect$$_printf_percent$$00000007)
    _printf_i                                0x0800018f   Thumb Code     0  _printf_i.o(.ARM.Collect$$_printf_percent$$00000008)
    _printf_d                                0x08000195   Thumb Code     0  _printf_d.o(.ARM.Collect$$_printf_percent$$00000009)
    _printf_u                                0x0800019b   Thumb Code     0  _printf_u.o(.ARM.Collect$$_printf_percent$$0000000A)
    _printf_o                                0x080001a1   Thumb Code     0  _printf_o.o(.ARM.Collect$$_printf_percent$$0000000B)
    _printf_x                                0x080001a7   Thumb Code     0  _printf_x.o(.ARM.Collect$$_printf_percent$$0000000C)
    _printf_lli                              0x080001ad   Thumb Code     0  _printf_lli.o(.ARM.Collect$$_printf_percent$$0000000D)
    _printf_lld                              0x080001b3   Thumb Code     0  _printf_lld.o(.ARM.Collect$$_printf_percent$$0000000E)
    _printf_llu                              0x080001b9   Thumb Code     0  _printf_llu.o(.ARM.Collect$$_printf_percent$$0000000F)
    _printf_llo                              0x080001bf   Thumb Code     0  _printf_llo.o(.ARM.Collect$$_printf_percent$$00000010)
    _printf_llx                              0x080001c5   Thumb Code     0  _printf_llx.o(.ARM.Collect$$_printf_percent$$00000011)
    _printf_l                                0x080001cb   Thumb Code     0  _printf_l.o(.ARM.Collect$$_printf_percent$$00000012)
    _printf_c                                0x080001d5   Thumb Code     0  _printf_c.o(.ARM.Collect$$_printf_percent$$00000013)
    _printf_s                                0x080001db   Thumb Code     0  _printf_s.o(.ARM.Collect$$_printf_percent$$00000014)
    _printf_lc                               0x080001e1   Thumb Code     0  _printf_lc.o(.ARM.Collect$$_printf_percent$$00000015)
    _printf_ls                               0x080001e7   Thumb Code     0  _printf_ls.o(.ARM.Collect$$_printf_percent$$00000016)
    _printf_percent_end                      0x080001ed   Thumb Code     0  _printf_percent_end.o(.ARM.Collect$$_printf_percent$$00000017)
    __rt_lib_init                            0x080001f1   Thumb Code     0  libinit.o(.ARM.Collect$$libinit$$00000000)
    __rt_lib_init_fp_1                       0x080001f3   Thumb Code     0  libinit2.o(.ARM.Collect$$libinit$$00000002)
    __rt_lib_init_heap_1                     0x080001f3   Thumb Code     0  libinit2.o(.ARM.Collect$$libinit$$0000000A)
    __rt_lib_init_lc_common                  0x080001f3   Thumb Code     0  libinit2.o(.ARM.Collect$$libinit$$0000000F)
    __rt_lib_init_preinit_1                  0x080001f3   Thumb Code     0  libinit2.o(.ARM.Collect$$libinit$$00000004)
    __rt_lib_init_rand_1                     0x080001f3   Thumb Code     0  libinit2.o(.ARM.Collect$$libinit$$0000000E)
    __rt_lib_init_user_alloc_1               0x080001f3   Thumb Code     0  libinit2.o(.ARM.Collect$$libinit$$0000000C)
    __rt_lib_init_lc_collate_1               0x080001f9   Thumb Code     0  libinit2.o(.ARM.Collect$$libinit$$00000011)
    __rt_lib_init_lc_ctype_2                 0x080001f9   Thumb Code     0  libinit2.o(.ARM.Collect$$libinit$$00000012)
    __rt_lib_init_lc_ctype_1                 0x08000205   Thumb Code     0  libinit2.o(.ARM.Collect$$libinit$$00000013)
    __rt_lib_init_lc_monetary_1              0x08000205   Thumb Code     0  libinit2.o(.ARM.Collect$$libinit$$00000015)
    __rt_lib_init_lc_numeric_2               0x08000205   Thumb Code     0  libinit2.o(.ARM.Collect$$libinit$$00000016)
    __rt_lib_init_alloca_1                   0x0800020f   Thumb Code     0  libinit2.o(.ARM.Collect$$libinit$$0000002E)
    __rt_lib_init_argv_1                     0x0800020f   Thumb Code     0  libinit2.o(.ARM.Collect$$libinit$$0000002C)
    __rt_lib_init_atexit_1                   0x0800020f   Thumb Code     0  libinit2.o(.ARM.Collect$$libinit$$0000001B)
    __rt_lib_init_clock_1                    0x0800020f   Thumb Code     0  libinit2.o(.ARM.Collect$$libinit$$00000021)
    __rt_lib_init_cpp_1                      0x0800020f   Thumb Code     0  libinit2.o(.ARM.Collect$$libinit$$00000032)
    __rt_lib_init_exceptions_1               0x0800020f   Thumb Code     0  libinit2.o(.ARM.Collect$$libinit$$00000030)
    __rt_lib_init_fp_trap_1                  0x0800020f   Thumb Code     0  libinit2.o(.ARM.Collect$$libinit$$0000001F)
    __rt_lib_init_getenv_1                   0x0800020f   Thumb Code     0  libinit2.o(.ARM.Collect$$libinit$$00000023)
    __rt_lib_init_lc_numeric_1               0x0800020f   Thumb Code     0  libinit2.o(.ARM.Collect$$libinit$$00000017)
    __rt_lib_init_lc_time_1                  0x0800020f   Thumb Code     0  libinit2.o(.ARM.Collect$$libinit$$00000019)
    __rt_lib_init_return                     0x0800020f   Thumb Code     0  libinit2.o(.ARM.Collect$$libinit$$00000033)
    __rt_lib_init_signal_1                   0x0800020f   Thumb Code     0  libinit2.o(.ARM.Collect$$libinit$$0000001D)
    __rt_lib_init_stdio_1                    0x0800020f   Thumb Code     0  libinit2.o(.ARM.Collect$$libinit$$00000025)
    __rt_lib_shutdown                        0x08000211   Thumb Code     0  libshutdown.o(.ARM.Collect$$libshutdown$$00000000)
    __rt_lib_shutdown_cpp_1                  0x08000213   Thumb Code     0  libshutdown2.o(.ARM.Collect$$libshutdown$$00000002)
    __rt_lib_shutdown_fp_trap_1              0x08000213   Thumb Code     0  libshutdown2.o(.ARM.Collect$$libshutdown$$00000007)
    __rt_lib_shutdown_heap_1                 0x08000213   Thumb Code     0  libshutdown2.o(.ARM.Collect$$libshutdown$$0000000F)
    __rt_lib_shutdown_return                 0x08000213   Thumb Code     0  libshutdown2.o(.ARM.Collect$$libshutdown$$00000010)
    __rt_lib_shutdown_signal_1               0x08000213   Thumb Code     0  libshutdown2.o(.ARM.Collect$$libshutdown$$0000000A)
    __rt_lib_shutdown_stdio_1                0x08000213   Thumb Code     0  libshutdown2.o(.ARM.Collect$$libshutdown$$00000004)
    __rt_lib_shutdown_user_alloc_1           0x08000213   Thumb Code     0  libshutdown2.o(.ARM.Collect$$libshutdown$$0000000C)
    __rt_entry                               0x08000215   Thumb Code     0  __rtentry.o(.ARM.Collect$$rtentry$$00000000)
    __rt_entry_presh_1                       0x08000215   Thumb Code     0  __rtentry2.o(.ARM.Collect$$rtentry$$00000002)
    __rt_entry_sh                            0x08000215   Thumb Code     0  __rtentry4.o(.ARM.Collect$$rtentry$$00000004)
    __rt_entry_li                            0x0800021b   Thumb Code     0  __rtentry2.o(.ARM.Collect$$rtentry$$0000000A)
    __rt_entry_postsh_1                      0x0800021b   Thumb Code     0  __rtentry2.o(.ARM.Collect$$rtentry$$00000009)
    __rt_entry_main                          0x0800021f   Thumb Code     0  __rtentry2.o(.ARM.Collect$$rtentry$$0000000D)
    __rt_entry_postli_1                      0x0800021f   Thumb Code     0  __rtentry2.o(.ARM.Collect$$rtentry$$0000000C)
    __rt_exit                                0x08000227   Thumb Code     0  rtexit.o(.ARM.Collect$$rtexit$$00000000)
    __rt_exit_ls                             0x08000229   Thumb Code     0  rtexit2.o(.ARM.Collect$$rtexit$$00000003)
    __rt_exit_prels_1                        0x08000229   Thumb Code     0  rtexit2.o(.ARM.Collect$$rtexit$$00000002)
    __rt_exit_exit                           0x0800022d   Thumb Code     0  rtexit2.o(.ARM.Collect$$rtexit$$00000004)
    SVC_Handler                              0x08000235   Thumb Code    32  port.o(.emb_text)
    __asm___6_port_c_39a90d8d__prvStartFirstTask 0x08000259   Thumb Code    28  port.o(.emb_text)
    PendSV_Handler                           0x08000279   Thumb Code    72  port.o(.emb_text)
    vPortGetIPSR                             0x080002c5   Thumb Code     6  port.o(.emb_text)
    Reset_Handler                            0x080002cd   Thumb Code     8  startup_stm32f10x_md.o(.text)
    NMI_Handler                              0x080002d5   Thumb Code     2  startup_stm32f10x_md.o(.text)
    HardFault_Handler                        0x080002d7   Thumb Code     2  startup_stm32f10x_md.o(.text)
    MemManage_Handler                        0x080002d9   Thumb Code     2  startup_stm32f10x_md.o(.text)
    BusFault_Handler                         0x080002db   Thumb Code     2  startup_stm32f10x_md.o(.text)
    UsageFault_Handler                       0x080002dd   Thumb Code     2  startup_stm32f10x_md.o(.text)
    DebugMon_Handler                         0x080002e1   Thumb Code     2  startup_stm32f10x_md.o(.text)
    ADC1_2_IRQHandler                        0x080002e7   Thumb Code     0  startup_stm32f10x_md.o(.text)
    CAN1_RX1_IRQHandler                      0x080002e7   Thumb Code     0  startup_stm32f10x_md.o(.text)
    CAN1_SCE_IRQHandler                      0x080002e7   Thumb Code     0  startup_stm32f10x_md.o(.text)
    DMA1_Channel1_IRQHandler                 0x080002e7   Thumb Code     0  startup_stm32f10x_md.o(.text)
    DMA1_Channel2_IRQHandler                 0x080002e7   Thumb Code     0  startup_stm32f10x_md.o(.text)
    DMA1_Channel3_IRQHandler                 0x080002e7   Thumb Code     0  startup_stm32f10x_md.o(.text)
    DMA1_Channel4_IRQHandler                 0x080002e7   Thumb Code     0  startup_stm32f10x_md.o(.text)
    DMA1_Channel5_IRQHandler                 0x080002e7   Thumb Code     0  startup_stm32f10x_md.o(.text)
    DMA1_Channel6_IRQHandler                 0x080002e7   Thumb Code     0  startup_stm32f10x_md.o(.text)
    DMA1_Channel7_IRQHandler                 0x080002e7   Thumb Code     0  startup_stm32f10x_md.o(.text)
    EXTI0_IRQHandler                         0x080002e7   Thumb Code     0  startup_stm32f10x_md.o(.text)
    EXTI1_IRQHandler                         0x080002e7   Thumb Code     0  startup_stm32f10x_md.o(.text)
    EXTI2_IRQHandler                         0x080002e7   Thumb Code     0  startup_stm32f10x_md.o(.text)
    EXTI3_IRQHandler                         0x080002e7   Thumb Code     0  startup_stm32f10x_md.o(.text)
    EXTI4_IRQHandler                         0x080002e7   Thumb Code     0  startup_stm32f10x_md.o(.text)
    FLASH_IRQHandler                         0x080002e7   Thumb Code     0  startup_stm32f10x_md.o(.text)
    I2C1_ER_IRQHandler                       0x080002e7   Thumb Code     0  startup_stm32f10x_md.o(.text)
    I2C1_EV_IRQHandler                       0x080002e7   Thumb Code     0  startup_stm32f10x_md.o(.text)
    I2C2_ER_IRQHandler                       0x080002e7   Thumb Code     0  startup_stm32f10x_md.o(.text)
    I2C2_EV_IRQHandler                       0x080002e7   Thumb Code     0  startup_stm32f10x_md.o(.text)
    PVD_IRQHandler                           0x080002e7   Thumb Code     0  startup_stm32f10x_md.o(.text)
    RCC_IRQHandler                           0x080002e7   Thumb Code     0  startup_stm32f10x_md.o(.text)
    RTCAlarm_IRQHandler                      0x080002e7   Thumb Code     0  startup_stm32f10x_md.o(.text)
    RTC_IRQHandler                           0x080002e7   Thumb Code     0  startup_stm32f10x_md.o(.text)
    SPI1_IRQHandler                          0x080002e7   Thumb Code     0  startup_stm32f10x_md.o(.text)
    SPI2_IRQHandler                          0x080002e7   Thumb Code     0  startup_stm32f10x_md.o(.text)
    TAMPER_IRQHandler                        0x080002e7   Thumb Code     0  startup_stm32f10x_md.o(.text)
    TIM1_BRK_IRQHandler                      0x080002e7   Thumb Code     0  startup_stm32f10x_md.o(.text)
    TIM1_CC_IRQHandler                       0x080002e7   Thumb Code     0  startup_stm32f10x_md.o(.text)
    TIM1_TRG_COM_IRQHandler                  0x080002e7   Thumb Code     0  startup_stm32f10x_md.o(.text)
    USART1_IRQHandler                        0x080002e7   Thumb Code     0  startup_stm32f10x_md.o(.text)
    USART2_IRQHandler                        0x080002e7   Thumb Code     0  startup_stm32f10x_md.o(.text)
    USBWakeUp_IRQHandler                     0x080002e7   Thumb Code     0  startup_stm32f10x_md.o(.text)
    USB_HP_CAN1_TX_IRQHandler                0x080002e7   Thumb Code     0  startup_stm32f10x_md.o(.text)
    USB_LP_CAN1_RX0_IRQHandler               0x080002e7   Thumb Code     0  startup_stm32f10x_md.o(.text)
    WWDG_IRQHandler                          0x080002e7   Thumb Code     0  startup_stm32f10x_md.o(.text)
    __user_initial_stackheap                 0x080002e9   Thumb Code     0  startup_stm32f10x_md.o(.text)
    vsnprintf                                0x0800030d   Thumb Code    48  vsnprintf.o(.text)
    __aeabi_memset                           0x08000341   Thumb Code    16  aeabi_memset.o(.text)
    __aeabi_memclr4                          0x08000351   Thumb Code     0  rt_memclr_w.o(.text)
    __aeabi_memclr8                          0x08000351   Thumb Code     0  rt_memclr_w.o(.text)
    __rt_memclr_w                            0x08000351   Thumb Code    78  rt_memclr_w.o(.text)
    _memset_w                                0x08000355   Thumb Code     0  rt_memclr_w.o(.text)
    __use_two_region_memory                  0x0800039f   Thumb Code     2  heapauxi.o(.text)
    __rt_heap_escrow$2region                 0x080003a1   Thumb Code     2  heapauxi.o(.text)
    __rt_heap_expand$2region                 0x080003a3   Thumb Code     2  heapauxi.o(.text)
    _printf_pre_padding                      0x080003a5   Thumb Code    44  _printf_pad.o(.text)
    _printf_post_padding                     0x080003d1   Thumb Code    34  _printf_pad.o(.text)
    _printf_truncate_signed                  0x080003f3   Thumb Code    18  _printf_truncate.o(.text)
    _printf_truncate_unsigned                0x08000405   Thumb Code    18  _printf_truncate.o(.text)
    _printf_str                              0x08000417   Thumb Code    82  _printf_str.o(.text)
    _printf_int_dec                          0x08000469   Thumb Code   104  _printf_dec.o(.text)
    _printf_charcount                        0x080004e1   Thumb Code    40  _printf_charcount.o(.text)
    _printf_char_common                      0x08000513   Thumb Code    32  _printf_char_common.o(.text)
    _sputc                                   0x08000539   Thumb Code    10  _sputc.o(.text)
    _snputc                                  0x08000543   Thumb Code    16  _snputc.o(.text)
    _printf_wctomb                           0x08000555   Thumb Code   182  _printf_wctomb.o(.text)
    _printf_longlong_dec                     0x08000611   Thumb Code   108  _printf_longlong_dec.o(.text)
    _printf_longlong_oct                     0x0800068d   Thumb Code    66  _printf_oct_int_ll.o(.text)
    _printf_int_oct                          0x080006cf   Thumb Code    24  _printf_oct_int_ll.o(.text)
    _printf_ll_oct                           0x080006e7   Thumb Code    12  _printf_oct_int_ll.o(.text)
    _printf_longlong_hex                     0x080006fd   Thumb Code    86  _printf_hex_int_ll_ptr.o(.text)
    _printf_int_hex                          0x08000753   Thumb Code    28  _printf_hex_int_ll_ptr.o(.text)
    _printf_ll_hex                           0x0800076f   Thumb Code    12  _printf_hex_int_ll_ptr.o(.text)
    _printf_hex_ptr                          0x0800077b   Thumb Code    18  _printf_hex_int_ll_ptr.o(.text)
    __printf                                 0x08000791   Thumb Code   388  __printf_flags_ss_wp.o(.text)
    __aeabi_memclr                           0x08000919   Thumb Code     0  rt_memclr.o(.text)
    __rt_memclr                              0x08000919   Thumb Code    68  rt_memclr.o(.text)
    _memset                                  0x0800091d   Thumb Code     0  rt_memclr.o(.text)
    _ll_udiv10                               0x0800095d   Thumb Code   138  lludiv10.o(.text)
    _printf_int_common                       0x080009e7   Thumb Code   178  _printf_intcommon.o(.text)
    __lib_sel_fp_printf                      0x08000a99   Thumb Code     2  _printf_fp_dec.o(.text)
    _printf_fp_dec_real                      0x08000c4b   Thumb Code   620  _printf_fp_dec.o(.text)
    _printf_fp_hex_real                      0x08000eb9   Thumb Code   756  _printf_fp_hex.o(.text)
    _printf_cs_common                        0x080011b5   Thumb Code    20  _printf_char.o(.text)
    _printf_char                             0x080011c9   Thumb Code    16  _printf_char.o(.text)
    _printf_string                           0x080011d9   Thumb Code     8  _printf_char.o(.text)
    _printf_lcs_common                       0x080011e1   Thumb Code    20  _printf_wchar.o(.text)
    _printf_wchar                            0x080011f5   Thumb Code    16  _printf_wchar.o(.text)
    _printf_wstring                          0x08001205   Thumb Code     8  _printf_wchar.o(.text)
    _wcrtomb                                 0x0800120d   Thumb Code    64  _wcrtomb.o(.text)
    __user_setup_stackheap                   0x0800124d   Thumb Code    74  sys_stackheap_outer.o(.text)
    __rt_ctype_table                         0x08001299   Thumb Code    16  rt_ctype_table.o(.text)
    __rt_locale                              0x080012a9   Thumb Code     8  rt_locale_intlibspace.o(.text)
    _printf_fp_infnan                        0x080012b1   Thumb Code   112  _printf_fp_infnan.o(.text)
    _btod_etento                             0x08001331   Thumb Code   224  bigflt0.o(.text)
    exit                                     0x08001415   Thumb Code    18  exit.o(.text)
    __user_libspace                          0x08001429   Thumb Code     8  libspace.o(.text)
    __user_perproc_libspace                  0x08001429   Thumb Code     0  libspace.o(.text)
    __user_perthread_libspace                0x08001429   Thumb Code     0  libspace.o(.text)
    strcmp                                   0x08001431   Thumb Code   128  strcmpv7m.o(.text)
    _sys_exit                                0x080014b1   Thumb Code     8  sys_exit.o(.text)
    __I$use$semihosting                      0x080014bd   Thumb Code     0  use_no_semi.o(.text)
    __use_no_semihosting_swi                 0x080014bd   Thumb Code     2  use_no_semi.o(.text)
    __semihosting_library_function           0x080014bf   Thumb Code     0  indicate_semi.o(.text)
    _btod_d2e                                0x080014bf   Thumb Code    62  btod.o(CL$$btod_d2e)
    _d2e_denorm_low                          0x080014fd   Thumb Code    70  btod.o(CL$$btod_d2e_denorm_low)
    _d2e_norm_op1                            0x08001543   Thumb Code    96  btod.o(CL$$btod_d2e_norm_op1)
    __btod_div_common                        0x080015a3   Thumb Code   696  btod.o(CL$$btod_div_common)
    _e2e                                     0x080018db   Thumb Code   220  btod.o(CL$$btod_e2e)
    _btod_ediv                               0x080019b7   Thumb Code    42  btod.o(CL$$btod_ediv)
    _btod_emul                               0x080019e1   Thumb Code    42  btod.o(CL$$btod_emul)
    __btod_mult_common                       0x08001a0b   Thumb Code   580  btod.o(CL$$btod_mult_common)
    DelayMicro                               0x08001c4f   Thumb Code    22  main.o(i.DelayMicro)
    DisplayHead                              0x08001c65   Thumb Code   202  main.o(i.DisplayHead)
    EXTI15_10_IRQHandler                     0x08001da1   Thumb Code    92  main.o(i.EXTI15_10_IRQHandler)
    EXTI9_5_IRQHandler                       0x08001e05   Thumb Code   168  main.o(i.EXTI9_5_IRQHandler)
    GPIO_Init                                0x08001eb5   Thumb Code   796  main.o(i.GPIO_Init)
    RCC_Init                                 0x08002201   Thumb Code   174  main.o(i.RCC_Init)
    ResetState                               0x080022b9   Thumb Code   228  state.o(i.ResetState)
    SPI1_Init                                0x080023a1   Thumb Code   238  main.o(i.SPI1_Init)
    SPI1_Write                               0x0800249d   Thumb Code    46  main.o(i.SPI1_Write)
    SPI2_Init                                0x080024d1   Thumb Code   238  main.o(i.SPI2_Init)
    SSD1306_AllPixRAM                        0x080025cd   Thumb Code    14  ssd1306.o(i.SSD1306_AllPixRAM)
    SSD1306_ChargePumpSetting                0x080025db   Thumb Code    28  ssd1306.o(i.SSD1306_ChargePumpSetting)
    SSD1306_DeactivateScroll                 0x080025f7   Thumb Code    14  ssd1306.o(i.SSD1306_DeactivateScroll)
    SSD1306_DisplayFullUpdate                0x08002605   Thumb Code    32  ssd1306.o(i.SSD1306_DisplayFullUpdate)
    SSD1306_GPIO_init                        0x08002625   Thumb Code   136  main.o(i.SSD1306_GPIO_init)
    SSD1306_Init                             0x080026b5   Thumb Code   154  ssd1306.o(i.SSD1306_Init)
    SSD1306_SetCOMPinsConfig                 0x08002755   Thumb Code    46  ssd1306.o(i.SSD1306_SetCOMPinsConfig)
    SSD1306_SetCOMoutScanDirection           0x08002783   Thumb Code    28  ssd1306.o(i.SSD1306_SetCOMoutScanDirection)
    SSD1306_SetColumns                       0x0800279f   Thumb Code    34  ssd1306.o(i.SSD1306_SetColumns)
    SSD1306_SetContrast                      0x080027c1   Thumb Code    14  ssd1306.o(i.SSD1306_SetContrast)
    SSD1306_SetDisplayClockDivider           0x080027cf   Thumb Code    50  ssd1306.o(i.SSD1306_SetDisplayClockDivider)
    SSD1306_SetDisplayOffset                 0x08002801   Thumb Code    14  ssd1306.o(i.SSD1306_SetDisplayOffset)
    SSD1306_SetDisplayStartLine              0x0800280f   Thumb Code    22  ssd1306.o(i.SSD1306_SetDisplayStartLine)
    SSD1306_SetInverseOff                    0x08002825   Thumb Code    14  ssd1306.o(i.SSD1306_SetInverseOff)
    SSD1306_SetMemAdressingMode              0x08002833   Thumb Code    26  ssd1306.o(i.SSD1306_SetMemAdressingMode)
    SSD1306_SetMultiplexRatio                0x0800284d   Thumb Code    34  ssd1306.o(i.SSD1306_SetMultiplexRatio)
    SSD1306_SetPages                         0x0800286f   Thumb Code    34  ssd1306.o(i.SSD1306_SetPages)
    SSD1306_SetPrechargePeriod               0x08002891   Thumb Code    62  ssd1306.o(i.SSD1306_SetPrechargePeriod)
    SSD1306_SetSegmentRemap                  0x080028cf   Thumb Code    28  ssd1306.o(i.SSD1306_SetSegmentRemap)
    SSD1306_SetVCOMHDeselectLevel            0x080028eb   Thumb Code    24  ssd1306.o(i.SSD1306_SetVCOMHDeselectLevel)
    SSD1306_Sleep                            0x08002903   Thumb Code    14  ssd1306.o(i.SSD1306_Sleep)
    SSD1306_Wake                             0x08002911   Thumb Code    14  ssd1306.o(i.SSD1306_Wake)
    SysTick_Handler                          0x08002a09   Thumb Code    46  port.o(i.SysTick_Handler)
    SystemInit                               0x08002a3d   Thumb Code    78  system_stm32f10x.o(i.SystemInit)
    TIM1_UP_IRQHandler                       0x08002a9d   Thumb Code    26  main.o(i.TIM1_UP_IRQHandler)
    TIM2_IRQHandler                          0x08002ac1   Thumb Code   426  main.o(i.TIM2_IRQHandler)
    TIM2_Init                                0x08002c79   Thumb Code    54  main.o(i.TIM2_Init)
    TIM3_IRQHandler                          0x08002cb5   Thumb Code    40  main.o(i.TIM3_IRQHandler)
    TIM4_IRQHandler                          0x08002ce1   Thumb Code    58  main.o(i.TIM4_IRQHandler)
    USART3_IRQHandler                        0x08002d29   Thumb Code    24  main.o(i.USART3_IRQHandler)
    USART3_Init                              0x08002d45   Thumb Code   134  main.o(i.USART3_Init)
    UpdateScreen                             0x08002dd9   Thumb Code   590  main.o(i.UpdateScreen)
    WriteCmd1306                             0x08003151   Thumb Code    58  ssd1306.o(i.WriteCmd1306)
    WriteData1306                            0x08003191   Thumb Code    60  ssd1306.o(i.WriteData1306)
    __ARM_fpclassify                         0x080031d1   Thumb Code    40  fpclassify.o(i.__ARM_fpclassify)
    _is_digit                                0x080031f9   Thumb Code    14  __printf_wp.o(i._is_digit)
    delay                                    0x08003207   Thumb Code    12  main.o(i.delay)
    delay_ms                                 0x08003213   Thumb Code    18  main.o(i.delay_ms)
    disp1color_DrawChar                      0x08003225   Thumb Code   216  disp1color.o(i.disp1color_DrawChar)
    disp1color_DrawLine                      0x080032fd   Thumb Code   164  disp1color.o(i.disp1color_DrawLine)
    disp1color_DrawPixel                     0x080033a1   Thumb Code    72  disp1color.o(i.disp1color_DrawPixel)
    disp1color_DrawRectangle                 0x080033ed   Thumb Code    60  disp1color.o(i.disp1color_DrawRectangle)
    disp1color_DrawString                    0x08003429   Thumb Code   106  disp1color.o(i.disp1color_DrawString)
    disp1color_FillScreenbuff                0x08003495   Thumb Code    18  disp1color.o(i.disp1color_FillScreenbuff)
    disp1color_UpdateFromBuff                0x080034ad   Thumb Code    14  disp1color.o(i.disp1color_UpdateFromBuff)
    disp1color_printf                        0x080034c1   Thumb Code    54  disp1color.o(i.disp1color_printf)
    f10x16f_GetCharTable                     0x080034f9   Thumb Code    34  f10x16f.o(i.f10x16f_GetCharTable)
    f6x8m_GetCharTable                       0x08003525   Thumb Code    34  f6x8m.o(i.f6x8m_GetCharTable)
    font_GetCharHeight                       0x08003551   Thumb Code     8  font.o(i.font_GetCharHeight)
    font_GetCharWidth                        0x08003559   Thumb Code     6  font.o(i.font_GetCharWidth)
    font_GetFontStruct                       0x08003561   Thumb Code    18  font.o(i.font_GetFontStruct)
    main                                     0x08003579   Thumb Code   526  main.o(i.main)
    uxListRemove                             0x080037d9   Thumb Code    40  list.o(i.uxListRemove)
    vListInsertEnd                           0x08003801   Thumb Code    24  list.o(i.vListInsertEnd)
    vTaskSwitchContext                       0x08003819   Thumb Code    98  tasks.o(i.vTaskSwitchContext)
    xTaskIncrementTick                       0x08003891   Thumb Code   236  tasks.o(i.xTaskIncrementTick)
    _get_lc_numeric                          0x080039a9   Thumb Code    44  lc_numeric_c.o(locale$$code)
    _get_lc_ctype                            0x080039d5   Thumb Code    44  lc_ctype_c.o(locale$$code)
    __fpl_dretinf                            0x08003a01   Thumb Code    12  dretinf.o(x$fpl$dretinf)
    __aeabi_f2d                              0x08003a0d   Thumb Code     0  f2d.o(x$fpl$f2d)
    _f2d                                     0x08003a0d   Thumb Code    86  f2d.o(x$fpl$f2d)
    __fpl_fnaninf                            0x08003a63   Thumb Code   140  fnaninf.o(x$fpl$fnaninf)
    _printf_fp_dec                           0x08003aef   Thumb Code     4  printf1.o(x$fpl$printf1)
    _printf_fp_hex                           0x08003af3   Thumb Code     4  printf2.o(x$fpl$printf2)
    __I$use$fp                               0x08003af6   Number         0  usenofp.o(x$fpl$usenofp)
    f6x8_table                               0x08003af6   Data        2560  f6x8m.o(.constdata)
    f10x16f_table                            0x080044f6   Data        8704  f10x16f.o(.constdata)
    font_table_funcs                         0x080066f8   Data           8  font.o(.constdata)
    Region$$Table$$Base                      0x08006884   Number         0  anon$$obj.o(Region$$Table)
    Region$$Table$$Limit                     0x080068a4   Number         0  anon$$obj.o(Region$$Table)
    __ctype                                  0x080068cd   Data           0  lc_ctype_c.o(locale$$data)
    Mode_Rectangle                           0x20000000   Data           1  main.o(.data)
    LED_En                                   0x20000001   Data           1  main.o(.data)
    SelNum                                   0x20000002   Data           1  main.o(.data)
    bt1                                      0x20000004   Data           4  main.o(.data)
    bt2                                      0x20000008   Data           4  main.o(.data)
    bt3                                      0x2000000c   Data           4  main.o(.data)
    bt4                                      0x20000010   Data           4  main.o(.data)
    bt5                                      0x20000014   Data           4  main.o(.data)
    bt6                                      0x20000018   Data           4  main.o(.data)
    pxCurrentTCB                             0x2000001c   Data           4  tasks.o(.data)
    disp1color_buff                          0x20000120   Data        1024  disp1color.o(.bss)
    f6x8_charbuff                            0x20000520   Data          10  f6x8m.o(.bss)
    f10x16f_charbuff                         0x2000052a   Data          34  f10x16f.o(.bss)
    State                                    0x2000054c   Data          52  state.o(.bss)
    __libspace_start                         0x20000580   Data          96  libspace.o(.bss)
    __temporary_stack_top$libspace           0x200005e0   Data           0  libspace.o(.bss)



==============================================================================

Memory Map of the image

  Image Entry point : 0x080002cd

  Load Region LR_1 (Base: 0x08000000, Size: 0x00006a28, Max: 0xffffffff, ABSOLUTE)

    Execution Region ER_RO (Exec base: 0x08000000, Load base: 0x08000000, Size: 0x000069d0, Max: 0xffffffff, ABSOLUTE)

    Exec Addr    Load Addr    Size         Type   Attr      Idx    E Section Name        Object

    0x08000000   0x08000000   0x000000ec   Data   RO            3    RESET               startup_stm32f10x_md.o
    0x080000ec   0x080000ec   0x00000008   Code   RO         1462  * !!!main             c_w.l(__main.o)
    0x080000f4   0x080000f4   0x00000034   Code   RO         1795    !!!scatter          c_w.l(__scatter.o)
    0x08000128   0x08000128   0x0000001a   Code   RO         1797    !!handler_copy      c_w.l(__scatter_copy.o)
    0x08000142   0x08000142   0x00000002   PAD
    0x08000144   0x08000144   0x0000001c   Code   RO         1799    !!handler_zi        c_w.l(__scatter_zi.o)
    0x08000160   0x08000160   0x00000000   Code   RO         1550    .ARM.Collect$$_printf_percent$$00000000  c_w.l(_printf_percent.o)
    0x08000160   0x08000160   0x00000006   Code   RO         1539    .ARM.Collect$$_printf_percent$$00000001  c_w.l(_printf_n.o)
    0x08000166   0x08000166   0x00000006   Code   RO         1541    .ARM.Collect$$_printf_percent$$00000002  c_w.l(_printf_p.o)
    0x0800016c   0x0800016c   0x00000006   Code   RO         1546    .ARM.Collect$$_printf_percent$$00000003  c_w.l(_printf_f.o)
    0x08000172   0x08000172   0x00000006   Code   RO         1547    .ARM.Collect$$_printf_percent$$00000004  c_w.l(_printf_e.o)
    0x08000178   0x08000178   0x00000006   Code   RO         1548    .ARM.Collect$$_printf_percent$$00000005  c_w.l(_printf_g.o)
    0x0800017e   0x0800017e   0x00000006   Code   RO         1549    .ARM.Collect$$_printf_percent$$00000006  c_w.l(_printf_a.o)
    0x08000184   0x08000184   0x0000000a   Code   RO         1554    .ARM.Collect$$_printf_percent$$00000007  c_w.l(_printf_ll.o)
    0x0800018e   0x0800018e   0x00000006   Code   RO         1543    .ARM.Collect$$_printf_percent$$00000008  c_w.l(_printf_i.o)
    0x08000194   0x08000194   0x00000006   Code   RO         1544    .ARM.Collect$$_printf_percent$$00000009  c_w.l(_printf_d.o)
    0x0800019a   0x0800019a   0x00000006   Code   RO         1545    .ARM.Collect$$_printf_percent$$0000000A  c_w.l(_printf_u.o)
    0x080001a0   0x080001a0   0x00000006   Code   RO         1542    .ARM.Collect$$_printf_percent$$0000000B  c_w.l(_printf_o.o)
    0x080001a6   0x080001a6   0x00000006   Code   RO         1540    .ARM.Collect$$_printf_percent$$0000000C  c_w.l(_printf_x.o)
    0x080001ac   0x080001ac   0x00000006   Code   RO         1551    .ARM.Collect$$_printf_percent$$0000000D  c_w.l(_printf_lli.o)
    0x080001b2   0x080001b2   0x00000006   Code   RO         1552    .ARM.Collect$$_printf_percent$$0000000E  c_w.l(_printf_lld.o)
    0x080001b8   0x080001b8   0x00000006   Code   RO         1553    .ARM.Collect$$_printf_percent$$0000000F  c_w.l(_printf_llu.o)
    0x080001be   0x080001be   0x00000006   Code   RO         1558    .ARM.Collect$$_printf_percent$$00000010  c_w.l(_printf_llo.o)
    0x080001c4   0x080001c4   0x00000006   Code   RO         1559    .ARM.Collect$$_printf_percent$$00000011  c_w.l(_printf_llx.o)
    0x080001ca   0x080001ca   0x0000000a   Code   RO         1555    .ARM.Collect$$_printf_percent$$00000012  c_w.l(_printf_l.o)
    0x080001d4   0x080001d4   0x00000006   Code   RO         1537    .ARM.Collect$$_printf_percent$$00000013  c_w.l(_printf_c.o)
    0x080001da   0x080001da   0x00000006   Code   RO         1538    .ARM.Collect$$_printf_percent$$00000014  c_w.l(_printf_s.o)
    0x080001e0   0x080001e0   0x00000006   Code   RO         1556    .ARM.Collect$$_printf_percent$$00000015  c_w.l(_printf_lc.o)
    0x080001e6   0x080001e6   0x00000006   Code   RO         1557    .ARM.Collect$$_printf_percent$$00000016  c_w.l(_printf_ls.o)
    0x080001ec   0x080001ec   0x00000004   Code   RO         1607    .ARM.Collect$$_printf_percent$$00000017  c_w.l(_printf_percent_end.o)
    0x080001f0   0x080001f0   0x00000002   Code   RO         1656    .ARM.Collect$$libinit$$00000000  c_w.l(libinit.o)
    0x080001f2   0x080001f2   0x00000000   Code   RO         1672    .ARM.Collect$$libinit$$00000002  c_w.l(libinit2.o)
    0x080001f2   0x080001f2   0x00000000   Code   RO         1674    .ARM.Collect$$libinit$$00000004  c_w.l(libinit2.o)
    0x080001f2   0x080001f2   0x00000000   Code   RO         1677    .ARM.Collect$$libinit$$0000000A  c_w.l(libinit2.o)
    0x080001f2   0x080001f2   0x00000000   Code   RO         1679    .ARM.Collect$$libinit$$0000000C  c_w.l(libinit2.o)
    0x080001f2   0x080001f2   0x00000000   Code   RO         1681    .ARM.Collect$$libinit$$0000000E  c_w.l(libinit2.o)
    0x080001f2   0x080001f2   0x00000006   Code   RO         1682    .ARM.Collect$$libinit$$0000000F  c_w.l(libinit2.o)
    0x080001f8   0x080001f8   0x00000000   Code   RO         1684    .ARM.Collect$$libinit$$00000011  c_w.l(libinit2.o)
    0x080001f8   0x080001f8   0x0000000c   Code   RO         1685    .ARM.Collect$$libinit$$00000012  c_w.l(libinit2.o)
    0x08000204   0x08000204   0x00000000   Code   RO         1686    .ARM.Collect$$libinit$$00000013  c_w.l(libinit2.o)
    0x08000204   0x08000204   0x00000000   Code   RO         1688    .ARM.Collect$$libinit$$00000015  c_w.l(libinit2.o)
    0x08000204   0x08000204   0x0000000a   Code   RO         1689    .ARM.Collect$$libinit$$00000016  c_w.l(libinit2.o)
    0x0800020e   0x0800020e   0x00000000   Code   RO         1690    .ARM.Collect$$libinit$$00000017  c_w.l(libinit2.o)
    0x0800020e   0x0800020e   0x00000000   Code   RO         1692    .ARM.Collect$$libinit$$00000019  c_w.l(libinit2.o)
    0x0800020e   0x0800020e   0x00000000   Code   RO         1694    .ARM.Collect$$libinit$$0000001B  c_w.l(libinit2.o)
    0x0800020e   0x0800020e   0x00000000   Code   RO         1696    .ARM.Collect$$libinit$$0000001D  c_w.l(libinit2.o)
    0x0800020e   0x0800020e   0x00000000   Code   RO         1698    .ARM.Collect$$libinit$$0000001F  c_w.l(libinit2.o)
    0x0800020e   0x0800020e   0x00000000   Code   RO         1700    .ARM.Collect$$libinit$$00000021  c_w.l(libinit2.o)
    0x0800020e   0x0800020e   0x00000000   Code   RO         1702    .ARM.Collect$$libinit$$00000023  c_w.l(libinit2.o)
    0x0800020e   0x0800020e   0x00000000   Code   RO         1704    .ARM.Collect$$libinit$$00000025  c_w.l(libinit2.o)
    0x0800020e   0x0800020e   0x00000000   Code   RO         1708    .ARM.Collect$$libinit$$0000002C  c_w.l(libinit2.o)
    0x0800020e   0x0800020e   0x00000000   Code   RO         1710    .ARM.Collect$$libinit$$0000002E  c_w.l(libinit2.o)
    0x0800020e   0x0800020e   0x00000000   Code   RO         1712    .ARM.Collect$$libinit$$00000030  c_w.l(libinit2.o)
    0x0800020e   0x0800020e   0x00000000   Code   RO         1714    .ARM.Collect$$libinit$$00000032  c_w.l(libinit2.o)
    0x0800020e   0x0800020e   0x00000002   Code   RO         1715    .ARM.Collect$$libinit$$00000033  c_w.l(libinit2.o)
    0x08000210   0x08000210   0x00000002   Code   RO         1735    .ARM.Collect$$libshutdown$$00000000  c_w.l(libshutdown.o)
    0x08000212   0x08000212   0x00000000   Code   RO         1748    .ARM.Collect$$libshutdown$$00000002  c_w.l(libshutdown2.o)
    0x08000212   0x08000212   0x00000000   Code   RO         1750    .ARM.Collect$$libshutdown$$00000004  c_w.l(libshutdown2.o)
    0x08000212   0x08000212   0x00000000   Code   RO         1753    .ARM.Collect$$libshutdown$$00000007  c_w.l(libshutdown2.o)
    0x08000212   0x08000212   0x00000000   Code   RO         1756    .ARM.Collect$$libshutdown$$0000000A  c_w.l(libshutdown2.o)
    0x08000212   0x08000212   0x00000000   Code   RO         1758    .ARM.Collect$$libshutdown$$0000000C  c_w.l(libshutdown2.o)
    0x08000212   0x08000212   0x00000000   Code   RO         1761    .ARM.Collect$$libshutdown$$0000000F  c_w.l(libshutdown2.o)
    0x08000212   0x08000212   0x00000002   Code   RO         1762    .ARM.Collect$$libshutdown$$00000010  c_w.l(libshutdown2.o)
    0x08000214   0x08000214   0x00000000   Code   RO         1466    .ARM.Collect$$rtentry$$00000000  c_w.l(__rtentry.o)
    0x08000214   0x08000214   0x00000000   Code   RO         1578    .ARM.Collect$$rtentry$$00000002  c_w.l(__rtentry2.o)
    0x08000214   0x08000214   0x00000006   Code   RO         1590    .ARM.Collect$$rtentry$$00000004  c_w.l(__rtentry4.o)
    0x0800021a   0x0800021a   0x00000000   Code   RO         1580    .ARM.Collect$$rtentry$$00000009  c_w.l(__rtentry2.o)
    0x0800021a   0x0800021a   0x00000004   Code   RO         1581    .ARM.Collect$$rtentry$$0000000A  c_w.l(__rtentry2.o)
    0x0800021e   0x0800021e   0x00000000   Code   RO         1583    .ARM.Collect$$rtentry$$0000000C  c_w.l(__rtentry2.o)
    0x0800021e   0x0800021e   0x00000008   Code   RO         1584    .ARM.Collect$$rtentry$$0000000D  c_w.l(__rtentry2.o)
    0x08000226   0x08000226   0x00000002   Code   RO         1664    .ARM.Collect$$rtexit$$00000000  c_w.l(rtexit.o)
    0x08000228   0x08000228   0x00000000   Code   RO         1717    .ARM.Collect$$rtexit$$00000002  c_w.l(rtexit2.o)
    0x08000228   0x08000228   0x00000004   Code   RO         1718    .ARM.Collect$$rtexit$$00000003  c_w.l(rtexit2.o)
    0x0800022c   0x0800022c   0x00000006   Code   RO         1719    .ARM.Collect$$rtexit$$00000004  c_w.l(rtexit2.o)
    0x08000232   0x08000232   0x00000002   PAD
    0x08000234   0x08000234   0x00000096   Code   RO          400    .emb_text           port.o
    0x080002ca   0x080002ca   0x00000002   PAD
    0x080002cc   0x080002cc   0x00000040   Code   RO            4  * .text               startup_stm32f10x_md.o
    0x0800030c   0x0800030c   0x00000034   Code   RO         1452    .text               c_w.l(vsnprintf.o)
    0x08000340   0x08000340   0x00000010   Code   RO         1456    .text               c_w.l(aeabi_memset.o)
    0x08000350   0x08000350   0x0000004e   Code   RO         1458    .text               c_w.l(rt_memclr_w.o)
    0x0800039e   0x0800039e   0x00000006   Code   RO         1460    .text               c_w.l(heapauxi.o)
    0x080003a4   0x080003a4   0x0000004e   Code   RO         1469    .text               c_w.l(_printf_pad.o)
    0x080003f2   0x080003f2   0x00000024   Code   RO         1471    .text               c_w.l(_printf_truncate.o)
    0x08000416   0x08000416   0x00000052   Code   RO         1473    .text               c_w.l(_printf_str.o)
    0x08000468   0x08000468   0x00000078   Code   RO         1475    .text               c_w.l(_printf_dec.o)
    0x080004e0   0x080004e0   0x00000028   Code   RO         1477    .text               c_w.l(_printf_charcount.o)
    0x08000508   0x08000508   0x00000030   Code   RO         1479    .text               c_w.l(_printf_char_common.o)
    0x08000538   0x08000538   0x0000000a   Code   RO         1481    .text               c_w.l(_sputc.o)
    0x08000542   0x08000542   0x00000010   Code   RO         1483    .text               c_w.l(_snputc.o)
    0x08000552   0x08000552   0x00000002   PAD
    0x08000554   0x08000554   0x000000bc   Code   RO         1485    .text               c_w.l(_printf_wctomb.o)
    0x08000610   0x08000610   0x0000007c   Code   RO         1488    .text               c_w.l(_printf_longlong_dec.o)
    0x0800068c   0x0800068c   0x00000070   Code   RO         1494    .text               c_w.l(_printf_oct_int_ll.o)
    0x080006fc   0x080006fc   0x00000094   Code   RO         1514    .text               c_w.l(_printf_hex_int_ll_ptr.o)
    0x08000790   0x08000790   0x00000188   Code   RO         1534    .text               c_w.l(__printf_flags_ss_wp.o)
    0x08000918   0x08000918   0x00000044   Code   RO         1562    .text               c_w.l(rt_memclr.o)
    0x0800095c   0x0800095c   0x0000008a   Code   RO         1592    .text               c_w.l(lludiv10.o)
    0x080009e6   0x080009e6   0x000000b2   Code   RO         1594    .text               c_w.l(_printf_intcommon.o)
    0x08000a98   0x08000a98   0x0000041e   Code   RO         1596    .text               c_w.l(_printf_fp_dec.o)
    0x08000eb6   0x08000eb6   0x00000002   PAD
    0x08000eb8   0x08000eb8   0x000002fc   Code   RO         1598    .text               c_w.l(_printf_fp_hex.o)
    0x080011b4   0x080011b4   0x0000002c   Code   RO         1603    .text               c_w.l(_printf_char.o)
    0x080011e0   0x080011e0   0x0000002c   Code   RO         1605    .text               c_w.l(_printf_wchar.o)
    0x0800120c   0x0800120c   0x00000040   Code   RO         1608    .text               c_w.l(_wcrtomb.o)
    0x0800124c   0x0800124c   0x0000004a   Code   RO         1610    .text               c_w.l(sys_stackheap_outer.o)
    0x08001296   0x08001296   0x00000002   PAD
    0x08001298   0x08001298   0x00000010   Code   RO         1612    .text               c_w.l(rt_ctype_table.o)
    0x080012a8   0x080012a8   0x00000008   Code   RO         1617    .text               c_w.l(rt_locale_intlibspace.o)
    0x080012b0   0x080012b0   0x00000080   Code   RO         1619    .text               c_w.l(_printf_fp_infnan.o)
    0x08001330   0x08001330   0x000000e4   Code   RO         1621    .text               c_w.l(bigflt0.o)
    0x08001414   0x08001414   0x00000012   Code   RO         1649    .text               c_w.l(exit.o)
    0x08001426   0x08001426   0x00000002   PAD
    0x08001428   0x08001428   0x00000008   Code   RO         1661    .text               c_w.l(libspace.o)
    0x08001430   0x08001430   0x00000080   Code   RO         1669    .text               c_w.l(strcmpv7m.o)
    0x080014b0   0x080014b0   0x0000000c   Code   RO         1727    .text               c_w.l(sys_exit.o)
    0x080014bc   0x080014bc   0x00000002   Code   RO         1738    .text               c_w.l(use_no_semi.o)
    0x080014be   0x080014be   0x00000000   Code   RO         1740    .text               c_w.l(indicate_semi.o)
    0x080014be   0x080014be   0x0000003e   Code   RO         1624    CL$$btod_d2e        c_w.l(btod.o)
    0x080014fc   0x080014fc   0x00000046   Code   RO         1626    CL$$btod_d2e_denorm_low  c_w.l(btod.o)
    0x08001542   0x08001542   0x00000060   Code   RO         1625    CL$$btod_d2e_norm_op1  c_w.l(btod.o)
    0x080015a2   0x080015a2   0x00000338   Code   RO         1634    CL$$btod_div_common  c_w.l(btod.o)
    0x080018da   0x080018da   0x000000dc   Code   RO         1631    CL$$btod_e2e        c_w.l(btod.o)
    0x080019b6   0x080019b6   0x0000002a   Code   RO         1628    CL$$btod_ediv       c_w.l(btod.o)
    0x080019e0   0x080019e0   0x0000002a   Code   RO         1627    CL$$btod_emul       c_w.l(btod.o)
    0x08001a0a   0x08001a0a   0x00000244   Code   RO         1633    CL$$btod_mult_common  c_w.l(btod.o)
    0x08001c4e   0x08001c4e   0x00000016   Code   RO           65    i.DelayMicro        main.o
    0x08001c64   0x08001c64   0x0000013c   Code   RO           66    i.DisplayHead       main.o
    0x08001da0   0x08001da0   0x00000064   Code   RO           67    i.EXTI15_10_IRQHandler  main.o
    0x08001e04   0x08001e04   0x000000b0   Code   RO           68    i.EXTI9_5_IRQHandler  main.o
    0x08001eb4   0x08001eb4   0x00000334   Code   RO           69    i.GPIO_Init         main.o
    0x080021e8   0x080021e8   0x00000016   Code   RO           70    i.NVIC_EnableIRQ    main.o
    0x080021fe   0x080021fe   0x00000002   PAD
    0x08002200   0x08002200   0x000000b8   Code   RO           71    i.RCC_Init          main.o
    0x080022b8   0x080022b8   0x000000e8   Code   RO         1432    i.ResetState        state.o
    0x080023a0   0x080023a0   0x000000fc   Code   RO           72    i.SPI1_Init         main.o
    0x0800249c   0x0800249c   0x00000034   Code   RO           73    i.SPI1_Write        main.o
    0x080024d0   0x080024d0   0x000000fc   Code   RO           74    i.SPI2_Init         main.o
    0x080025cc   0x080025cc   0x0000000e   Code   RO         1262    i.SSD1306_AllPixRAM  ssd1306.o
    0x080025da   0x080025da   0x0000001c   Code   RO         1263    i.SSD1306_ChargePumpSetting  ssd1306.o
    0x080025f6   0x080025f6   0x0000000e   Code   RO         1264    i.SSD1306_DeactivateScroll  ssd1306.o
    0x08002604   0x08002604   0x00000020   Code   RO         1265    i.SSD1306_DisplayFullUpdate  ssd1306.o
    0x08002624   0x08002624   0x00000090   Code   RO           75    i.SSD1306_GPIO_init  main.o
    0x080026b4   0x080026b4   0x000000a0   Code   RO         1266    i.SSD1306_Init      ssd1306.o
    0x08002754   0x08002754   0x0000002e   Code   RO         1269    i.SSD1306_SetCOMPinsConfig  ssd1306.o
    0x08002782   0x08002782   0x0000001c   Code   RO         1270    i.SSD1306_SetCOMoutScanDirection  ssd1306.o
    0x0800279e   0x0800279e   0x00000022   Code   RO         1271    i.SSD1306_SetColumns  ssd1306.o
    0x080027c0   0x080027c0   0x0000000e   Code   RO         1272    i.SSD1306_SetContrast  ssd1306.o
    0x080027ce   0x080027ce   0x00000032   Code   RO         1273    i.SSD1306_SetDisplayClockDivider  ssd1306.o
    0x08002800   0x08002800   0x0000000e   Code   RO         1274    i.SSD1306_SetDisplayOffset  ssd1306.o
    0x0800280e   0x0800280e   0x00000016   Code   RO         1275    i.SSD1306_SetDisplayStartLine  ssd1306.o
    0x08002824   0x08002824   0x0000000e   Code   RO         1276    i.SSD1306_SetInverseOff  ssd1306.o
    0x08002832   0x08002832   0x0000001a   Code   RO         1278    i.SSD1306_SetMemAdressingMode  ssd1306.o
    0x0800284c   0x0800284c   0x00000022   Code   RO         1279    i.SSD1306_SetMultiplexRatio  ssd1306.o
    0x0800286e   0x0800286e   0x00000022   Code   RO         1280    i.SSD1306_SetPages  ssd1306.o
    0x08002890   0x08002890   0x0000003e   Code   RO         1281    i.SSD1306_SetPrechargePeriod  ssd1306.o
    0x080028ce   0x080028ce   0x0000001c   Code   RO         1282    i.SSD1306_SetSegmentRemap  ssd1306.o
    0x080028ea   0x080028ea   0x00000018   Code   RO         1283    i.SSD1306_SetVCOMHDeselectLevel  ssd1306.o
    0x08002902   0x08002902   0x0000000e   Code   RO         1284    i.SSD1306_Sleep     ssd1306.o
    0x08002910   0x08002910   0x0000000e   Code   RO         1285    i.SSD1306_Wake      ssd1306.o
    0x0800291e   0x0800291e   0x00000008   Code   RO           24    i.SetSysClock       system_stm32f10x.o
    0x08002926   0x08002926   0x00000002   PAD
    0x08002928   0x08002928   0x000000e0   Code   RO           25    i.SetSysClockTo72   system_stm32f10x.o
    0x08002a08   0x08002a08   0x00000034   Code   RO          401    i.SysTick_Handler   port.o
    0x08002a3c   0x08002a3c   0x00000060   Code   RO           27    i.SystemInit        system_stm32f10x.o
    0x08002a9c   0x08002a9c   0x00000024   Code   RO           77    i.TIM1_UP_IRQHandler  main.o
    0x08002ac0   0x08002ac0   0x000001b8   Code   RO           78    i.TIM2_IRQHandler   main.o
    0x08002c78   0x08002c78   0x0000003c   Code   RO           79    i.TIM2_Init         main.o
    0x08002cb4   0x08002cb4   0x0000002c   Code   RO           80    i.TIM3_IRQHandler   main.o
    0x08002ce0   0x08002ce0   0x00000048   Code   RO           82    i.TIM4_IRQHandler   main.o
    0x08002d28   0x08002d28   0x0000001c   Code   RO           84    i.USART3_IRQHandler  main.o
    0x08002d44   0x08002d44   0x00000094   Code   RO           85    i.USART3_Init       main.o
    0x08002dd8   0x08002dd8   0x00000378   Code   RO           86    i.UpdateScreen      main.o
    0x08003150   0x08003150   0x00000040   Code   RO         1286    i.WriteCmd1306      ssd1306.o
    0x08003190   0x08003190   0x00000040   Code   RO         1287    i.WriteData1306     ssd1306.o
    0x080031d0   0x080031d0   0x00000028   Code   RO         1659    i.__ARM_fpclassify  m_ws.l(fpclassify.o)
    0x080031f8   0x080031f8   0x0000000e   Code   RO         1527    i._is_digit         c_w.l(__printf_wp.o)
    0x08003206   0x08003206   0x0000000c   Code   RO           87    i.delay             main.o
    0x08003212   0x08003212   0x00000012   Code   RO           88    i.delay_ms          main.o
    0x08003224   0x08003224   0x000000d8   Code   RO         1105    i.disp1color_DrawChar  disp1color.o
    0x080032fc   0x080032fc   0x000000a4   Code   RO         1106    i.disp1color_DrawLine  disp1color.o
    0x080033a0   0x080033a0   0x0000004c   Code   RO         1107    i.disp1color_DrawPixel  disp1color.o
    0x080033ec   0x080033ec   0x0000003c   Code   RO         1108    i.disp1color_DrawRectangle  disp1color.o
    0x08003428   0x08003428   0x0000006a   Code   RO         1109    i.disp1color_DrawString  disp1color.o
    0x08003492   0x08003492   0x00000002   PAD
    0x08003494   0x08003494   0x00000018   Code   RO         1110    i.disp1color_FillScreenbuff  disp1color.o
    0x080034ac   0x080034ac   0x00000014   Code   RO         1113    i.disp1color_UpdateFromBuff  disp1color.o
    0x080034c0   0x080034c0   0x00000036   Code   RO         1114    i.disp1color_printf  disp1color.o
    0x080034f6   0x080034f6   0x00000002   PAD
    0x080034f8   0x080034f8   0x0000002c   Code   RO         1215    i.f10x16f_GetCharTable  f10x16f.o
    0x08003524   0x08003524   0x0000002c   Code   RO         1193    i.f6x8m_GetCharTable  f6x8m.o
    0x08003550   0x08003550   0x00000008   Code   RO         1234    i.font_GetCharHeight  font.o
    0x08003558   0x08003558   0x00000006   Code   RO         1235    i.font_GetCharWidth  font.o
    0x0800355e   0x0800355e   0x00000002   PAD
    0x08003560   0x08003560   0x00000018   Code   RO         1236    i.font_GetFontStruct  font.o
    0x08003578   0x08003578   0x0000022c   Code   RO           89    i.main              main.o
    0x080037a4   0x080037a4   0x00000034   Code   RO          623    i.prvResetNextTaskUnblockTime  tasks.o
    0x080037d8   0x080037d8   0x00000028   Code   RO         1057    i.uxListRemove      list.o
    0x08003800   0x08003800   0x00000018   Code   RO         1061    i.vListInsertEnd    list.o
    0x08003818   0x08003818   0x00000078   Code   RO          646    i.vTaskSwitchContext  tasks.o
    0x08003890   0x08003890   0x00000118   Code   RO          655    i.xTaskIncrementTick  tasks.o
    0x080039a8   0x080039a8   0x0000002c   Code   RO         1647    locale$$code        c_w.l(lc_numeric_c.o)
    0x080039d4   0x080039d4   0x0000002c   Code   RO         1667    locale$$code        c_w.l(lc_ctype_c.o)
    0x08003a00   0x08003a00   0x0000000c   Code   RO         1564    x$fpl$dretinf       fz_ws.l(dretinf.o)
    0x08003a0c   0x08003a0c   0x00000056   Code   RO         1464    x$fpl$f2d           fz_ws.l(f2d.o)
    0x08003a62   0x08003a62   0x0000008c   Code   RO         1566    x$fpl$fnaninf       fz_ws.l(fnaninf.o)
    0x08003aee   0x08003aee   0x00000004   Code   RO         1568    x$fpl$printf1       fz_ws.l(printf1.o)
    0x08003af2   0x08003af2   0x00000004   Code   RO         1570    x$fpl$printf2       fz_ws.l(printf2.o)
    0x08003af6   0x08003af6   0x00000000   Code   RO         1576    x$fpl$usenofp       fz_ws.l(usenofp.o)
    0x08003af6   0x08003af6   0x00000a00   Data   RO         1195    .constdata          f6x8m.o
    0x080044f6   0x080044f6   0x00002200   Data   RO         1217    .constdata          f10x16f.o
    0x080066f6   0x080066f6   0x00000002   PAD
    0x080066f8   0x080066f8   0x00000008   Data   RO         1237    .constdata          font.o
    0x08006700   0x08006700   0x00000008   Data   RO         1486    .constdata          c_w.l(_printf_wctomb.o)
    0x08006708   0x08006708   0x00000028   Data   RO         1515    .constdata          c_w.l(_printf_hex_int_ll_ptr.o)
    0x08006730   0x08006730   0x00000011   Data   RO         1535    .constdata          c_w.l(__printf_flags_ss_wp.o)
    0x08006741   0x08006741   0x00000026   Data   RO         1599    .constdata          c_w.l(_printf_fp_hex.o)
    0x08006767   0x08006767   0x00000001   PAD
    0x08006768   0x08006768   0x00000094   Data   RO         1622    .constdata          c_w.l(bigflt0.o)
    0x080067fc   0x080067fc   0x00000086   Data   RO           90    .conststring        main.o
    0x08006882   0x08006882   0x00000002   PAD
    0x08006884   0x08006884   0x00000020   Data   RO         1793    Region$$Table       anon$$obj.o
    0x080068a4   0x080068a4   0x0000001c   Data   RO         1646    locale$$data        c_w.l(lc_numeric_c.o)
    0x080068c0   0x080068c0   0x00000110   Data   RO         1666    locale$$data        c_w.l(lc_ctype_c.o)


    Execution Region ER_RW (Exec base: 0x20000000, Load base: 0x080069d0, Size: 0x00000058, Max: 0xffffffff, ABSOLUTE)

    Exec Addr    Load Addr    Size         Type   Attr      Idx    E Section Name        Object

    0x20000000   0x080069d0   0x0000001c   Data   RW           91    .data               main.o
    0x2000001c   0x080069ec   0x0000003c   Data   RW          662    .data               tasks.o


    Execution Region ER_ZI (Exec base: 0x20000058, Load base: 0x08006a28, Size: 0x00000b88, Max: 0xffffffff, ABSOLUTE)

    Exec Addr    Load Addr    Size         Type   Attr      Idx    E Section Name        Object

    0x20000058        -       0x000000c8   Zero   RW          661    .bss                tasks.o
    0x20000120        -       0x00000400   Zero   RW         1115    .bss                disp1color.o
    0x20000520        -       0x0000000a   Zero   RW         1194    .bss                f6x8m.o
    0x2000052a        -       0x00000022   Zero   RW         1216    .bss                f10x16f.o
    0x2000054c        -       0x00000034   Zero   RW         1433    .bss                state.o
    0x20000580        -       0x00000060   Zero   RW         1662    .bss                c_w.l(libspace.o)
    0x200005e0        -       0x00000200   Zero   RW            2    HEAP                startup_stm32f10x_md.o
    0x200007e0        -       0x00000400   Zero   RW            1    STACK               startup_stm32f10x_md.o


==============================================================================

Image component sizes


      Code (inc. data)   RO Data    RW Data    ZI Data      Debug   Object Name

         0          0          0          0          0       4532   core_cm3.o
       720         16          0          0       1024       7504   disp1color.o
         0          0          0          0          0       2184   event_groups.o
        44         10       8704          0         34       1384   f10x16f.o
        44         10       2560          0         10       1356   f6x8m.o
        38          6          8          0          0       2397   font.o
         0          0          0          0          0       4656   heap_1.o
        64          0          0          0          0       1660   list.o
      4642        610        134         28          0      33467   main.o
       202         18          0          0          0       3258   port.o
       834         16          0          0          0      13049   ssd1306.o
        64         26        236          0       1536        824   startup_stm32f10x_md.o
       232          4          0          0         52       1809   state.o
       328         28          0          0          0     203793   system_stm32f10x.o
       452         76          0         60        200      13469   tasks.o

    ----------------------------------------------------------------------
      7676        820      11678         88       2856     295342   Object Totals
         0          0         32          0          0          0   (incl. Generated)
        12          0          4          0          0          0   (incl. Padding)

    ----------------------------------------------------------------------

      Code (inc. data)   RO Data    RW Data    ZI Data      Debug   Library Member Name

         8          0          0          0          0         68   __main.o
       392          4         17          0          0         92   __printf_flags_ss_wp.o
        14          0          0          0          0         68   __printf_wp.o
         0          0          0          0          0          0   __rtentry.o
        12          0          0          0          0          0   __rtentry2.o
         6          0          0          0          0          0   __rtentry4.o
        52          8          0          0          0          0   __scatter.o
        26          0          0          0          0          0   __scatter_copy.o
        28          0          0          0          0          0   __scatter_zi.o
         6          0          0          0          0          0   _printf_a.o
         6          0          0          0          0          0   _printf_c.o
        44          0          0          0          0        108   _printf_char.o
        48          6          0          0          0         96   _printf_char_common.o
        40          0          0          0          0         68   _printf_charcount.o
         6          0          0          0          0          0   _printf_d.o
       120         16          0          0          0         92   _printf_dec.o
         6          0          0          0          0          0   _printf_e.o
         6          0          0          0          0          0   _printf_f.o
      1054          0          0          0          0        216   _printf_fp_dec.o
       764          8         38          0          0        100   _printf_fp_hex.o
       128         16          0          0          0         84   _printf_fp_infnan.o
         6          0          0          0          0          0   _printf_g.o
       148          4         40          0          0        160   _printf_hex_int_ll_ptr.o
         6          0          0          0          0          0   _printf_i.o
       178          0          0          0          0         88   _printf_intcommon.o
        10          0          0          0          0          0   _printf_l.o
         6          0          0          0          0          0   _printf_lc.o
        10          0          0          0          0          0   _printf_ll.o
         6          0          0          0          0          0   _printf_lld.o
         6          0          0          0          0          0   _printf_lli.o
         6          0          0          0          0          0   _printf_llo.o
         6          0          0          0          0          0   _printf_llu.o
         6          0          0          0          0          0   _printf_llx.o
       124         16          0          0          0         92   _printf_longlong_dec.o
         6          0          0          0          0          0   _printf_ls.o
         6          0          0          0          0          0   _printf_n.o
         6          0          0          0          0          0   _printf_o.o
       112         10          0          0          0        124   _printf_oct_int_ll.o
         6          0          0          0          0          0   _printf_p.o
        78          0          0          0          0        108   _printf_pad.o
         0          0          0          0          0          0   _printf_percent.o
         4          0          0          0          0          0   _printf_percent_end.o
         6          0          0          0          0          0   _printf_s.o
        82          0          0          0          0         80   _printf_str.o
        36          0          0          0          0         84   _printf_truncate.o
         6          0          0          0          0          0   _printf_u.o
        44          0          0          0          0        108   _printf_wchar.o
       188          6          8          0          0         92   _printf_wctomb.o
         6          0          0          0          0          0   _printf_x.o
        16          0          0          0          0         68   _snputc.o
        10          0          0          0          0         68   _sputc.o
        64          0          0          0          0         92   _wcrtomb.o
        16          0          0          0          0         68   aeabi_memset.o
       228          4        148          0          0         96   bigflt0.o
      1936        128          0          0          0        672   btod.o
        18          0          0          0          0         80   exit.o
         6          0          0          0          0        152   heapauxi.o
         0          0          0          0          0          0   indicate_semi.o
        44         10        272          0          0         76   lc_ctype_c.o
        44         10         28          0          0         76   lc_numeric_c.o
         2          0          0          0          0          0   libinit.o
        30          0          0          0          0          0   libinit2.o
         2          0          0          0          0          0   libshutdown.o
         2          0          0          0          0          0   libshutdown2.o
         8          4          0          0         96         68   libspace.o
       138          0          0          0          0         80   lludiv10.o
        16          4          0          0          0         76   rt_ctype_table.o
         8          4          0          0          0         68   rt_locale_intlibspace.o
        68          0          0          0          0         68   rt_memclr.o
        78          0          0          0          0         80   rt_memclr_w.o
         2          0          0          0          0          0   rtexit.o
        10          0          0          0          0          0   rtexit2.o
       128          0          0          0          0         68   strcmpv7m.o
        12          4          0          0          0         68   sys_exit.o
        74          0          0          0          0         80   sys_stackheap_outer.o
         2          0          0          0          0         68   use_no_semi.o
        52          4          0          0          0         80   vsnprintf.o
        12          0          0          0          0         68   dretinf.o
        86          4          0          0          0         84   f2d.o
       140          4          0          0          0         84   fnaninf.o
         4          0          0          0          0         68   printf1.o
         4          0          0          0          0         68   printf2.o
         0          0          0          0          0          0   usenofp.o
        40          0          0          0          0         68   fpclassify.o

    ----------------------------------------------------------------------
      7182        274        552          0         96       4620   Library Totals
        12          0          1          0          0          0   (incl. Padding)

    ----------------------------------------------------------------------

      Code (inc. data)   RO Data    RW Data    ZI Data      Debug   Library Name

      6884        266        551          0         96       4180   c_w.l
       246          8          0          0          0        372   fz_ws.l
        40          0          0          0          0         68   m_ws.l

    ----------------------------------------------------------------------
      7182        274        552          0         96       4620   Library Totals

    ----------------------------------------------------------------------

==============================================================================


      Code (inc. data)   RO Data    RW Data    ZI Data      Debug   

     14858       1094      12230         88       2952     293926   Grand Totals
     14858       1094      12230         88       2952     293926   ELF Image Totals
     14858       1094      12230         88          0          0   ROM Totals

==============================================================================

    Total RO  Size (Code + RO Data)                27088 (  26.45kB)
    Total RW  Size (RW Data + ZI Data)              3040 (   2.97kB)
    Total ROM Size (Code + RO Data + RW Data)      27176 (  26.54kB)

==============================================================================

